06-27 11:25:49.659  4038  4038 I Finsky  : [2] com.google.android.finsky.p2p.c.a(10): Frosting ID looked up on UI thread. Caller should move to a background thread.
06-27 11:25:49.664  1660  1660 D ImsResolver: maybeAddedImsService, packageName: com.google.android.gm
06-27 11:25:49.666  1660  1660 D CarrierConfigLoader: mHandler: 9 phoneId: 0
06-27 11:25:49.667  2670  2670 D RegisteredNfcFServicesCache: Service unchanged, not updating
06-27 11:25:49.680  2643  5625 I chatty  : uid=10023(com.google.android.gms) lowpool[14] expire 2 lines
06-27 11:25:49.682  4038  4038 I Finsky  : [2] com.google.android.finsky.installer.a.ai.a(1000): Installer kick - starting com.google.android.inputmethod.latin
06-27 11:25:49.688  1116  1684 W BroadcastQueue: Background execution not allowed: receiving Intent { act=android.intent.action.PACKAGE_REMOVED dat=package:com.google.android.gm flg=0x4000010 (has extras) } to com.google.android.googlequicksearchbox/com.google.android.apps.gsa.googlequicksearchbox.GelStubAppWatcher
06-27 11:25:49.695  1116  1116 I Telecom : DefaultDialerCache: Refreshing default dialer for user 0: now com.google.android.dialer: DDC.oR@AT0
06-27 11:25:49.707  4038  4038 I Finsky  : [2] com.google.android.finsky.p2p.d.a(2): Wrote row to frosting DB: 713
06-27 11:25:49.717  4038 11277 I Finsky  : [119] com.google.android.finsky.installer.a.c.a(78): Preloads directory was not found.
06-27 11:25:49.724  4038  4038 I Finsky  : [2] com.google.android.finsky.p2p.c.a(10): Frosting ID looked up on UI thread. Caller should move to a background thread.
06-27 11:25:49.725  1116  1427 W ActivityManager: Background start not allowed: service Intent { act=com.google.firebase.INSTANCE_ID_EVENT pkg=com.google.android.gm cmp=com.google.android.gm/com.google.firebase.iid.FirebaseInstanceIdService (has extras) } to com.google.android.gm/com.google.firebase.iid.FirebaseInstanceIdService from pid=12241 uid=10091 pkg=com.google.android.gm
06-27 11:25:49.726 12241 12241 E FirebaseInstanceId: Failed to start service while in background: java.lang.IllegalStateException: Not allowed to start service Intent { act=com.google.firebase.INSTANCE_ID_EVENT pkg=com.google.android.gm cmp=com.google.android.gm/com.google.firebase.iid.FirebaseInstanceIdService (has extras) }: app is in background uid UidRecord{3d224e7 u0a91 SVC  idle change:uncached procs:1 seq(0,0,0)}
06-27 11:25:49.735  1116  3007 W BroadcastQueue: Background execution not allowed: receiving Intent { act=android.intent.action.PACKAGE_ADDED dat=package:com.google.android.gm flg=0x4000010 (has extras) } to com.android.musicfx/.Compatibility$Receiver
06-27 11:25:49.737  4038  4038 I Finsky  : [2] com.google.android.finsky.installer.a.az.b(511): isInstantAppSplitOnlyInstall false
06-27 11:25:49.766 12195 12195 I System.out: debugger has settled (1336)
06-27 11:25:49.769  4038 10109 I Finsky  : [113] com.google.android.finsky.installer.a.n.doInBackground(5): File-by-File compatibility check result: true
06-27 11:25:49.771  4038  4038 I Finsky  : [2] com.google.android.finsky.wear.ec.a(44): Services not enabled; do not start WearSupportService
06-27 11:25:49.782  4038  4038 I Finsky  : [2] com.google.android.finsky.p2p.c.a(10): Frosting ID looked up on UI thread. Caller should move to a background thread.
06-27 11:25:49.782  3441 11821 I CarrierServices: [245] bdz.doInBackground: Saving RCS State
06-27 11:25:49.782  3441 11821 I CarrierServices: [245] bdz.doInBackground: Old operation mode: 2
06-27 11:25:49.785  3441 11821 I CarrierServices: [245] bdz.doInBackground: New operation mode: 2
06-27 11:25:49.802  1116  3007 W BroadcastQueue: Background execution not allowed: receiving Intent { act=android.intent.action.PACKAGE_ADDED dat=package:com.google.android.gm flg=0x4000010 (has extras) } to com.google.android.googlequicksearchbox/com.google.android.apps.gsa.googlequicksearchbox.GelStubAppWatcher
06-27 11:25:49.802  1116  1138 W BroadcastQueue: Background execution not allowed: receiving Intent { act=android.intent.action.PACKAGE_ADDED dat=package:com.google.android.gm flg=0x4000010 (has extras) } to com.google.android.ims/.receivers.RcsAutoStartReceiver
06-27 11:25:49.805  2891 12200 I chatty  : uid=10023(com.google.android.gms) expire 1 line
06-27 11:25:49.811  4038  4038 I Finsky  : [2] com.google.android.finsky.p2p.d.a(2): Wrote row to frosting DB: 714
06-27 11:25:49.816  4038  4038 I Finsky  : [2] com.google.android.finsky.wear.ec.a(44): Services not enabled; do not start WearSupportService
06-27 11:25:49.824  1428  1428 W StaticLayout: maxLineHeight should not be -1.  maxLines:1 lineCount:1
06-27 11:25:49.824  1428  1428 W StaticLayout: maxLineHeight should not be -1.  maxLines:1 lineCount:1
06-27 11:25:49.829  4038  4038 I Finsky  : [2] com.google.android.finsky.p2p.c.a(10): Frosting ID looked up on UI thread. Caller should move to a background thread.
06-27 11:25:49.836  4038  4038 I Finsky  : [2] com.google.android.finsky.p2p.d.a(2): Wrote row to frosting DB: 715
06-27 11:25:49.836  1116  3007 W BroadcastQueue: Background execution not allowed: receiving Intent { act=android.intent.action.PACKAGE_REPLACED dat=package:com.google.android.gm flg=0x4000010 (has extras) } to com.android.musicfx/.Compatibility$Receiver
06-27 11:25:49.836  1116  1138 W BroadcastQueue: Background execution not allowed: receiving Intent { act=android.intent.action.PACKAGE_REPLACED dat=package:com.google.android.gm flg=0x4000010 (has extras) } to com.google.android.apps.photos/.account.full.FetchAccountPropertiesAppUpgradeBroadcastReceiver
06-27 11:25:49.836  1116  1138 W BroadcastQueue: Background execution not allowed: receiving Intent { act=android.intent.action.PACKAGE_REPLACED dat=package:com.google.android.gm flg=0x4000010 (has extras) } to com.google.android.apps.photos/.account.full.SyncAccountsForLoginBroadcastReceiver
06-27 11:25:49.837  1116  1138 W BroadcastQueue: Background execution not allowed: receiving Intent { act=android.intent.action.PACKAGE_REPLACED dat=package:com.google.android.gm flg=0x4000010 (has extras) } to com.google.android.apps.photos/.experiments.phenotype.full.PhenotypeAppUpgradeBroadcastReceiver
06-27 11:25:49.837  1116  1138 W BroadcastQueue: Background execution not allowed: receiving Intent { act=android.intent.action.PACKAGE_REPLACED dat=package:com.google.android.gm flg=0x4000010 (has extras) } to com.google.android.apps.photos/.notificationchannels.AppUpdateBroadcastReceiver
06-27 11:25:49.844  4038  4038 I Finsky  : [2] com.google.android.finsky.p2p.d.a(2): Wrote row to frosting DB: 716
06-27 11:25:49.859  1116  1426 W BroadcastQueue: Background execution not allowed: receiving Intent { act=android.intent.action.PACKAGE_REPLACED dat=package:com.google.android.gm flg=0x4000010 (has extras) } to com.google.android.googlequicksearchbox/com.google.android.apps.gsa.googlequicksearchbox.GelStubAppWatcher
06-27 11:25:49.860  1116  1138 W BroadcastQueue: Background execution not allowed: receiving Intent { act=android.intent.action.PACKAGE_REPLACED dat=package:com.google.android.gm flg=0x4000010 (has extras) } to com.google.android.ims/.receivers.RcsAutoStartReceiver
06-27 11:25:49.863  9599  9599 D Package Updated: package:com.google.android.gm
06-27 11:25:49.868 12241 12241 D ActivityThread: Loading provider com.google.android.gm.sapi: com.google.android.gm.sapi.SapiUiProvider
06-27 11:25:49.925  3441 11423 I CarrierServices: [242] bdz.doInBackground: Saving RCS State
06-27 11:25:49.925  3441 11423 I CarrierServices: [242] bdz.doInBackground: Old operation mode: 2
06-27 11:25:49.926  3441 11423 I CarrierServices: [242] bdz.doInBackground: New operation mode: 2
06-27 11:25:49.927 12195 12195 I InstantRun: starting instant run server: is main process
06-27 11:25:49.937 12195 12276 D libEGL  : loaded /vendor/lib64/egl/libEGL_adreno.so
06-27 11:25:49.943 12195 12276 D libEGL  : loaded /vendor/lib64/egl/libGLESv1_CM_adreno.so
06-27 11:25:49.954 12195 12276 D libEGL  : loaded /vendor/lib64/egl/libGLESv2_adreno.so
06-27 11:25:49.964  1116  1231 W AppOps  : Finishing op nesting under-run: uid 1000 pkg android code 24 time=0 duration=0 nesting=0
06-27 11:25:49.986 12241 12241 W GAV2    : Thread[main,5,main]: Need to call initialize() and be in fallback mode to start dispatch.
06-27 11:25:50.018  3441  3706 W CarrierServices: [212] btp.a: No config URL. RCS will be disabled!
06-27 11:25:50.018  2891  4135 I chatty  : uid=10023(com.google.android.gms) highpool[3] expire 1 line
06-27 11:25:50.019  2891  4123 I chatty  : uid=10023(com.google.android.gms) highpool[2] expire 1 line
06-27 11:25:50.047  3441  3706 W CarrierServices: [212] btp.a: No config URL. RCS will be disabled!
06-27 11:25:50.085  4038  4038 I Finsky  : [2] com.google.android.finsky.installer.a.az.a(1429): Required downloads: [com.google.android.inputmethod.latin]
06-27 11:25:50.091  4038  4290 I Finsky  : [65] com.google.android.finsky.co.r.run(4): Session for com.google.android.inputmethod.latin already exists, skipping creation
06-27 11:25:50.104 12241 12287 W Gmail   : Gmail:The api version in shared preferences didn't match the current. Stored: 60397639, Current: 60442092
06-27 11:25:50.126 12241 12241 E zygote64: The String#value field is not present on Android versions >= 6.0
06-27 11:25:50.148  3441  3441 I CarrierServices: [2] bec.a: Unbinding RcsMigrationService
06-27 11:25:50.209  3669  3746 I chatty  : uid=10100(com.google.android.apps.messaging) Binder:3669_3 expire 5 lines
06-27 11:25:50.214 12241 12241 W Gmail   : EasBundling:ExchangeUpgradeReceiver: action=android.intent.action.MY_PACKAGE_REPLACED data=null
06-27 11:25:50.217 12241 12241 W Gmail   : EasBundling:ExchangeUpgradeUtils: isExchangeLegacy=false
06-27 11:25:50.219  3669  3669 I chatty  : uid=10100(com.google.android.apps.messaging) expire 14 lines
06-27 11:25:50.221  3669  3746 I chatty  : uid=10100(com.google.android.apps.messaging) Binder:3669_3 expire 13 lines
06-27 11:25:50.231  3441  3706 W CarrierServices: [212] btp.a: No config URL. RCS will be disabled!
06-27 11:25:50.232  3441  3706 W CarrierServices: [212] btp.a: No config URL. RCS will be disabled!
06-27 11:25:50.242  2643 11380 I chatty  : uid=10023(com.google.android.gms) Binder:2643_B expire 3 lines
06-27 11:25:50.251  2643  3397 I chatty  : uid=10023(com.google.android.gms) highpool[3] expire 1 line
06-27 11:25:50.269  2891 11419 I chatty  : uid=10023(com.google.android.gms) expire 3 lines
06-27 11:25:50.294  3441  3441 I CarrierServices: [2] bec.a: Unbinding RcsMigrationService
06-27 11:25:50.450 12195 12195 D NetworkSecurityConfig: No Network Security Config specified, using platform default
06-27 11:25:50.492 12241 12307 I zygote64: Deoptimizing absz absz.a(int, java.lang.Object[]) due to JIT inline cache
06-27 11:25:50.617 12241 12246 I zygote64: Do partial code cache collection, code=29KB, data=20KB
06-27 11:25:50.621 12241 12246 I zygote64: After code cache collection, code=26KB, data=19KB
06-27 11:25:50.621 12241 12246 I zygote64: Increasing code cache capacity to 128KB
06-27 11:25:50.711 12241 12312 I zygote64: Deoptimizing void acme.b() due to JIT inline cache
06-27 11:25:50.742  2643  3326 I chatty  : uid=10023(com.google.android.gms) Binder:2643_8 expire 2 lines
06-27 11:25:50.752 12195 12314 D OpenGLRenderer: HWUI GL Pipeline
06-27 11:25:50.804 12195 12314 I Adreno  : QUALCOMM build                   : 594927b, I916dfac403
06-27 11:25:50.804 12195 12314 I Adreno  : Build Date                       : 10/11/17
06-27 11:25:50.804 12195 12314 I Adreno  : OpenGL ES Shader Compiler Version: EV031.21.02.00
06-27 11:25:50.804 12195 12314 I Adreno  : Local Branch                     : mybranch28618966
06-27 11:25:50.804 12195 12314 I Adreno  : Remote Branch                    : quic/gfx-adreno.lnx.6.4.9-rel
06-27 11:25:50.804 12195 12314 I Adreno  : Remote Branch                    : NONE
06-27 11:25:50.804 12195 12314 I Adreno  : Reconstruct Branch               : NOTHING
06-27 11:25:50.807 12195 12314 I Adreno  : PFP: 0x005ff087, ME: 0x005ff063
06-27 11:25:50.813 12195 12314 I zygote64: android::hardware::configstore::V1_0::ISurfaceFlingerConfigs::hasWideColorDisplay retrieved: 1
06-27 11:25:50.813 12195 12314 I OpenGLRenderer: Initialized EGL, version 1.4
06-27 11:25:50.813 12195 12314 D OpenGLRenderer: Swap behavior 2
06-27 11:25:50.881  2891  4123 I chatty  : uid=10023(com.google.android.gms) highpool[2] expire 1 line
06-27 11:25:50.881  2891  4135 I chatty  : uid=10023(com.google.android.gms) highpool[3] expire 1 line
06-27 11:25:50.907 12241 12306 I zygote64: Deoptimizing java.lang.Object abya.a(int[], java.lang.Object[], int, int, java.lang.Object) due to JIT inline cache
06-27 11:25:50.912  2891 11788 I chatty  : uid=10023(com.google.android.gms) expire 2 lines
06-27 11:25:50.914  1116  1162 I ActivityManager: Displayed hackernewslater.williamha.com.hackernewslater/.ui.MainActivity: +4s224ms
06-27 11:25:50.916  1392  1392 I GoogleInputMethod: onFinishInput() : Dummy InputConnection bound
06-27 11:25:50.917  1392  1392 I GoogleInputMethod: onStartInput() : Dummy InputConnection bound
06-27 11:25:50.919   745   745 D QCOM PowerHAL: LAUNCH HINT: OFF
06-27 11:25:50.999 12241 12246 I zygote64: Compiler allocated 5MB to compile void adag.a(java.lang.Object, adaq, acyg)
06-27 11:25:51.002  4038  4038 I Finsky  : [2] com.google.android.finsky.installer.a.bi.onPostExecute(89): Downloading patch for com.google.android.inputmethod.latin (adid: com.google.android.inputmethod.latin , isid: QXmtDb8CRF-0cBXICJq-dw)
06-27 11:25:51.014  4038  4038 I Finsky  : [2] com.google.android.finsky.download.e.b(59): Duplicate state set for 'com.google.android.inputmethod.latin' (0). Already in that state
06-27 11:25:51.014  4038  4038 I Finsky  : [2] com.google.android.finsky.download.n.a(23): Download com.google.android.inputmethod.latin added to DownloadQueue
06-27 11:25:51.015  4038  4038 I Finsky  : [2] com.google.android.finsky.download.e.b(62): com.google.android.inputmethod.latin from 0 to 1.
06-27 11:25:51.023  4038  4038 I Finsky  : [2] com.google.android.finsky.download.w.a(35): Download com.google.android.inputmethod.latin starting
06-27 11:25:51.025 12241 12246 I zygote64: Do partial code cache collection, code=61KB, data=38KB
06-27 11:25:51.025 12241 12246 I zygote64: After code cache collection, code=57KB, data=36KB
06-27 11:25:51.025 12241 12246 I zygote64: Increasing code cache capacity to 256KB
06-27 11:25:51.048 11384 11384 I StreamRenderer: cleanUpRendererScope(nowcards--7247864687084944807)
06-27 11:25:51.109 11384 11547 I PBSessionCacheImpl: Deleted sessionId[4482067226897] from persistence.
06-27 11:25:51.141 11384 11384 W SearchServiceCore: Abort, client detached.
06-27 11:25:51.142  1116  1426 I WifiService: getConnectionInfo uid=10045
06-27 11:25:51.147  1116  1426 I WifiService: getWifiEnabledState uid=10045
06-27 11:25:51.148 11384 11384 I StreamController: cleanUpControllerScope(nowcards--7247864687084944807)
06-27 11:25:51.151  4038  4038 I Finsky  : [2] com.google.android.finsky.download.u.onPostExecute(11): Enqueued com.google.android.inputmethod.latin as content://downloads/my_downloads/747
06-27 11:25:51.152  4038  4038 I Finsky  : [2] com.google.android.finsky.download.e.b(62): com.google.android.inputmethod.latin from 1 to 2.
06-27 11:25:51.152  4038  4038 I Finsky  : [2] com.google.android.finsky.download.n.h(133): com.google.android.inputmethod.latin: onStart
06-27 11:25:51.178  9869 12321 D DownloadManager: [747] Starting
06-27 11:25:51.254  4038  4038 I Finsky  : [2] com.google.android.finsky.download.n.a(114): com.google.android.inputmethod.latin: onProgress 0/-1 Status: 192 ID: 747.
06-27 11:25:51.281 12241 12241 W utz     : Failed to find local clusters.
06-27 11:25:51.283  9869 12321 D NetworkSecurityConfig: No Network Security Config specified, using platform default
06-27 11:25:51.331 12195 12195 I HackerNewsRepo: Got response with status code 200 and message OK
06-27 11:25:51.373  1116  3005 W ActivityManager:   Force finishing activity hackernewslater.williamha.com.hackernewslater/.ui.MainActivity
06-27 11:25:51.380  1116  1139 I ActivityManager: Showing crash dialog for package hackernewslater.williamha.com.hackernewslater u0
06-27 11:25:51.407  1116  6017 I OpenGLRenderer: Initialized EGL, version 1.4
06-27 11:25:51.407  1116  6017 D OpenGLRenderer: Swap behavior 2
06-27 11:25:51.407   607   607 D SurfaceFlinger: duplicate layer name: changing com.google.android.apps.nexuslauncher/com.google.android.apps.nexuslauncher.NexusLauncherActivity to com.google.android.apps.nexuslauncher/com.google.android.apps.nexuslauncher.NexusLauncherActivity#1
06-27 11:25:51.418 11384 11384 I zygote64: Deoptimizing com.google.common.collect.dr com.google.common.collect.dq.aa(java.lang.Iterable) due to JIT inline cache
06-27 11:25:51.426  1565  1565 I WallpaperService: engine resumed
06-27 11:25:51.459 11384 11384 W SessionLifecycleManager: Handover failed. Creating new session controller.
06-27 11:25:51.483 11384 11384 I zygote64: Deoptimizing java.lang.Object com.google.common.collect.a.next() due to JIT inline cache
06-27 11:25:51.496 11384 11384 I StreamController: registerScope: nowcards--7247864687084944807
06-27 11:25:51.500  1428  1798 W asset   : Asset path /data/app/com.venmo-sVJm-8krDHSETZB5Bthsrg==/base.apk is neither a directory nor file (type=1).
06-27 11:25:51.500  1428  1798 E ResourcesManager: failed to add asset path /data/app/com.venmo-sVJm-8krDHSETZB5Bthsrg==/base.apk
06-27 11:25:51.500  1428  1798 W PackageManager: Failure retrieving resources for com.venmo
06-27 11:25:51.500  1428  1798 W asset   : Asset path /data/app/com.venmo-sVJm-8krDHSETZB5Bthsrg==/base.apk is neither a directory nor file (type=1).
06-27 11:25:51.500  1428  1798 E ResourcesManager: failed to add asset path /data/app/com.venmo-sVJm-8krDHSETZB5Bthsrg==/base.apk
06-27 11:25:51.500  1428  1798 W PackageManager: Failure retrieving resources for com.venmo
06-27 11:25:51.507  1428  1798 W asset   : Asset path /data/app/com.google.android.googlequicksearchbox-uSqAMuj7tQlFnezOt69N5Q==/base.apk is neither a directory nor file (type=1).
06-27 11:25:51.508  1428  1798 E ResourcesManager: failed to add asset path /data/app/com.google.android.googlequicksearchbox-uSqAMuj7tQlFnezOt69N5Q==/base.apk
06-27 11:25:51.508  1428  1798 W PackageManager: Failure retrieving resources for com.google.android.googlequicksearchbox
06-27 11:25:51.508  1428  1798 W asset   : Asset path /data/app/com.google.android.googlequicksearchbox-uSqAMuj7tQlFnezOt69N5Q==/base.apk is neither a directory nor file (type=1).
06-27 11:25:51.508  1428  1798 E ResourcesManager: failed to add asset path /data/app/com.google.android.googlequicksearchbox-uSqAMuj7tQlFnezOt69N5Q==/base.apk
06-27 11:25:51.508  1428  1798 W PackageManager: Failure retrieving resources for com.google.android.googlequicksearchbox
06-27 11:25:51.508  1428  1798 W asset   : Asset path /data/app/com.robinhood.android-rfY2XkYie9cqI9HOKRnOGw==/base.apk is neither a directory nor file (type=1).
06-27 11:25:51.508  1428  1798 E ResourcesManager: failed to add asset path /data/app/com.robinhood.android-rfY2XkYie9cqI9HOKRnOGw==/base.apk
06-27 11:25:51.508  1428  1798 W PackageManager: Failure retrieving resources for com.robinhood.android
06-27 11:25:51.511  1428  1798 W asset   : Asset path /data/app/io.getdelta.android-Emh8ZcylQb9WOQXSc8GAGg==/base.apk is neither a directory nor file (type=1).
06-27 11:25:51.511  1428  1798 E ResourcesManager: failed to add asset path /data/app/io.getdelta.android-Emh8ZcylQb9WOQXSc8GAGg==/base.apk
06-27 11:25:51.511  1428  1798 W PackageManager: Failure retrieving resources for io.getdelta.android
06-27 11:25:51.511  1428  1798 W asset   : Asset path /data/app/io.getdelta.android-Emh8ZcylQb9WOQXSc8GAGg==/base.apk is neither a directory nor file (type=1).
06-27 11:25:51.511  1428  1798 E ResourcesManager: failed to add asset path /data/app/io.getdelta.android-Emh8ZcylQb9WOQXSc8GAGg==/base.apk
06-27 11:25:51.511  1428  1798 W PackageManager: Failure retrieving resources for io.getdelta.android
06-27 11:25:51.511  1428  1798 W asset   : Asset path /data/app/io.getdelta.android-Emh8ZcylQb9WOQXSc8GAGg==/base.apk is neither a directory nor file (type=1).
06-27 11:25:51.511  1428  1798 E ResourcesManager: failed to add asset path /data/app/io.getdelta.android-Emh8ZcylQb9WOQXSc8GAGg==/base.apk
06-27 11:25:51.511  1428  1798 W PackageManager: Failure retrieving resources for io.getdelta.android
06-27 11:25:51.512  1428  1798 W asset   : Asset path /data/app/com.instagram.android-1Td_MmMuIqFAuP0XVaDIjA==/base.apk is neither a directory nor file (type=1).
06-27 11:25:51.512  1428  1798 E ResourcesManager: failed to add asset path /data/app/com.instagram.android-1Td_MmMuIqFAuP0XVaDIjA==/base.apk
06-27 11:25:51.512  1428  1798 W PackageManager: Failure retrieving resources for com.instagram.android
06-27 11:25:51.512  1428  1798 W asset   : Asset path /data/app/com.instagram.android-1Td_MmMuIqFAuP0XVaDIjA==/base.apk is neither a directory nor file (type=1).
06-27 11:25:51.512  1428  1798 E ResourcesManager: failed to add asset path /data/app/com.instagram.android-1Td_MmMuIqFAuP0XVaDIjA==/base.apk
06-27 11:25:51.512  1428  1798 W PackageManager: Failure retrieving resources for com.instagram.android
06-27 11:25:51.512  1428  1798 W asset   : Asset path /data/app/com.reddit.frontpage-tIHUFojpix43dekJfGve9A==/base.apk is neither a directory nor file (type=1).
06-27 11:25:51.512  1428  1798 E ResourcesManager: failed to add asset path /data/app/com.reddit.frontpage-tIHUFojpix43dekJfGve9A==/base.apk
06-27 11:25:51.512  1428  1798 W PackageManager: Failure retrieving resources for com.reddit.frontpage
06-27 11:25:51.512  1428  1798 W asset   : Asset path /data/app/com.reddit.frontpage-tIHUFojpix43dekJfGve9A==/base.apk is neither a directory nor file (type=1).
06-27 11:25:51.512  1428  1798 E ResourcesManager: failed to add asset path /data/app/com.reddit.frontpage-tIHUFojpix43dekJfGve9A==/base.apk
06-27 11:25:51.512  1428  1798 W PackageManager: Failure retrieving resources for com.reddit.frontpage
06-27 11:25:51.512  1428  1798 W asset   : Asset path /data/app/com.reddit.frontpage-tIHUFojpix43dekJfGve9A==/base.apk is neither a directory nor file (type=1).
06-27 11:25:51.512  1428  1798 E ResourcesManager: failed to add asset path /data/app/com.reddit.frontpage-tIHUFojpix43dekJfGve9A==/base.apk
06-27 11:25:51.512  1428  1798 W PackageManager: Failure retrieving resources for com.reddit.frontpage
06-27 11:25:51.512  1428  1798 W asset   : Asset path /data/app/com.google.android.gm-kWuzLCAPrpAT8xasaVMrYA==/base.apk is neither a directory nor file (type=1).
06-27 11:25:51.513  1428  1798 E ResourcesManager: failed to add asset path /data/app/com.google.android.gm-kWuzLCAPrpAT8xasaVMrYA==/base.apk
06-27 11:25:51.513  1428  1798 W PackageManager: Failure retrieving resources for com.google.android.gm
06-27 11:25:51.513  1428  1798 W asset   : Asset path /data/app/com.google.android.gm-kWuzLCAPrpAT8xasaVMrYA==/base.apk is neither a directory nor file (type=1).
06-27 11:25:51.513  1428  1798 E ResourcesManager: failed to add asset path /data/app/com.google.android.gm-kWuzLCAPrpAT8xasaVMrYA==/base.apk
06-27 11:25:51.513  1428  1798 W PackageManager: Failure retrieving resources for com.google.android.gm
06-27 11:25:51.513  1428  1798 W asset   : Asset path /data/app/com.google.android.gm-kWuzLCAPrpAT8xasaVMrYA==/base.apk is neither a directory nor file (type=1).
06-27 11:25:51.513  1428  1798 E ResourcesManager: failed to add asset path /data/app/com.google.android.gm-kWuzLCAPrpAT8xasaVMrYA==/base.apk
06-27 11:25:51.513  1428  1798 W PackageManager: Failure retrieving resources for com.google.android.gm
06-27 11:25:51.513  1428  1798 W asset   : Asset path /data/app/hackernewslater.williamha.com.hackernewslater-GhrOwNzd9pPpX6PJWyesmA==/base.apk is neither a directory nor file (type=1).
06-27 11:25:51.513  1428  1798 E ResourcesManager: failed to add asset path /data/app/hackernewslater.williamha.com.hackernewslater-GhrOwNzd9pPpX6PJWyesmA==/base.apk
06-27 11:25:51.513  1428  1798 W PackageManager: Failure retrieving resources for hackernewslater.williamha.com.hackernewslater
06-27 11:25:51.513  1428  1798 W asset   : Asset path /data/app/hackernewslater.williamha.com.hackernewslater-GhrOwNzd9pPpX6PJWyesmA==/base.apk is neither a directory nor file (type=1).
06-27 11:25:51.513  1428  1798 E ResourcesManager: failed to add asset path /data/app/hackernewslater.williamha.com.hackernewslater-GhrOwNzd9pPpX6PJWyesmA==/base.apk
06-27 11:25:51.513  1428  1798 W PackageManager: Failure retrieving resources for hackernewslater.williamha.com.hackernewslater
06-27 11:25:51.513  1428  1798 W asset   : Asset path /data/app/hackernewslater.williamha.com.hackernewslater-GhrOwNzd9pPpX6PJWyesmA==/base.apk is neither a directory nor file (type=1).
06-27 11:25:51.513  1428  1798 E ResourcesManager: failed to add asset path /data/app/hackernewslater.williamha.com.hackernewslater-GhrOwNzd9pPpX6PJWyesmA==/base.apk
06-27 11:25:51.513  1428  1798 W PackageManager: Failure retrieving resources for hackernewslater.williamha.com.hackernewslater
06-27 11:25:51.514  1428  1798 W asset   : Asset path /data/app/hackernewslater.williamha.com.hackernewslater-GhrOwNzd9pPpX6PJWyesmA==/base.apk is neither a directory nor file (type=1).
06-27 11:25:51.514  1428  1798 E ResourcesManager: failed to add asset path /data/app/hackernewslater.williamha.com.hackernewslater-GhrOwNzd9pPpX6PJWyesmA==/base.apk
06-27 11:25:51.514  1428  1798 W PackageManager: Failure retrieving resources for hackernewslater.williamha.com.hackernewslater
06-27 11:25:51.554 12241 12246 I zygote64: Do full code cache collection, code=118KB, data=67KB
06-27 11:25:51.554 12241 12246 I zygote64: After code cache collection, code=97KB, data=46KB
06-27 11:25:51.566 12241 12305 I zygote64: Deoptimizing java.util.ListIterator absc.listIterator(int) due to JIT inline cache
06-27 11:25:51.566 12241 12308 I zygote64: Deoptimizing java.util.ListIterator absc.listIterator(int) due to JIT inline cache
06-27 11:25:51.589 11384 11384 I zygote64: Deoptimizing java.lang.Object com.google.common.collect.dz.get(int) due to JIT inline cache
06-27 11:25:51.589 11384 11384 I zygote64: Deoptimizing java.lang.Object[] com.google.common.collect.dp.toArray(java.lang.Object[]) due to JIT inline cache
06-27 11:25:51.596  1116  1684 I WifiService: getConnectionInfo uid=10045
06-27 11:25:51.601  1116  1684 I WifiService: getWifiEnabledState uid=10045
06-27 11:25:51.604  1116  1684 I WifiService: getConnectionInfo uid=10045
06-27 11:25:51.605  1116  1684 I WifiService: getWifiEnabledState uid=10045
06-27 11:25:51.612 11384 11384 I zygote64: Deoptimizing com.google.android.libraries.gsa.monet.shared.ScopeLockLoaderTask com.google.android.libraries.gsa.monet.internal.shared.n.openScopeLock(java.lang.String) due to JIT inline cache
06-27 11:25:51.613 11384 11537 W LocationOracle: No location history returned by ContextManager
06-27 11:25:51.623 11384 11384 I zygote64: Deoptimizing void com.google.aw.ak.fb(int, int) due to JIT inline cache
06-27 11:25:51.626  2643 11937 I chatty  : uid=10023 com.google.android.gms.persistent expire 1 line
06-27 11:25:51.630 11384 11537 E GmsContextObserver: Failed to register context manager listener: Status{statusCode=unknown status code: 7503, resolution=null}
06-27 11:25:51.632 11384 11384 I StreamRenderer: maybeRegisterNowCardsScope(nowcards--7247864687084944807, com.google.android.sidekick.shared.remoteapi.CardRenderingContext@f3467ec)
06-27 11:25:51.635  2643 11937 W ctxmgr  : [AclManager]null policy map (0) 67, clientInfo=(accnt=account#-517948760#, com.google.android.googlequicksearchbox(10045):com.google.android.googlequicksearchbox, vrsn=12211000, 1, 3pPkg = null ,  3pMdlId = null ,  pid = 11384)
06-27 11:25:51.678  9869 12321 W StorageManager: fallocate() not supported; falling back to ftruncate()
06-27 11:25:51.691 11384 11384 W StaticLayout: maxLineHeight should not be -1.  maxLines:2 lineCount:2
06-27 11:25:51.707 11384 11384 I chatty  : uid=10045 com.google.android.googlequicksearchbox:search identical 6 lines
06-27 11:25:51.707 11384 11384 W StaticLayout: maxLineHeight should not be -1.  maxLines:2 lineCount:2
06-27 11:25:51.723   729  1182 D sound_trigger_hw: stdev_start_recognition:[2] Enter
06-27 11:25:51.723   729  1182 D sound_trigger_hw: get_confidence_levels_payload: No smlib for uuid, sending opaque data
06-27 11:25:51.723   729  1182 D sound_trigger_hw: reg_hal_event_session: ST_EVENT_SESSION_REGISTER capture_handle 70 p_ses 0xe753f480
06-27 11:25:51.723   729  1182 D sound_trigger_hw: loaded_state_fn:[2] handle event id 2
06-27 11:25:51.723   729  1182 D sound_trigger_platform: platform_stdev_get_capture_device: available devices 0x80000004, device 0x80000004
06-27 11:25:51.723   729  1182 D sound_trigger_platform: platform_stdev_get_device_sample_rate: sample rate 48000
06-27 11:25:51.723   729  1182 D sound_trigger_platform: platform_stdev_send_hwmad_cal: previous acdb_id 128 matches new acdb_id 128 return
06-27 11:25:51.723   729  1182 D sound_trigger_platform: platform_stdev_send_calibration: sending device calibration for device(1) acdb_id(128)
06-27 11:25:51.723   729  1182 D ACDB-LOADER: ACDB -> GET_AFE_TOPOLOGY_ID for adcd_id 128, Topology Id 12e19
06-27 11:25:51.723   729  1182 D sound_trigger_hw: set_device: enable device (1) = listen-cpe-handset-mic
06-27 11:25:51.723   729  1182 D audio_route: Apply path: listen-cpe-handset-mic
06-27 11:25:51.730 11384 11389 I zygote64: Do partial code cache collection, code=1520KB, data=799KB
06-27 11:25:51.731 11384 11389 I zygote64: After code cache collection, code=1491KB, data=790KB
06-27 11:25:51.731 11384 11389 I zygote64: Increasing code cache capacity to 4MB
06-27 11:25:51.736   729  1182 D sound_trigger_hw: start:[2] gcs start VA engine, enable 1 token 11
06-27 11:25:51.736   729  1182 D sound_trigger_hw: start:[2] calling gcs_enable with handle 2, non-persist cal 0xe7ff7898, sz 24
06-27 11:25:51.736   729  1182 D ACDB-LOADER: ACDB -> ACDB_WDSP_CMD_GET_SUBGRAPH_MODULE_CALIBRATION_SIZE
06-27 11:25:51.736   729  1182 D ACDB-LOADER: ACDB -> ACDB_WDSP_CMD_GET_SUBGRAPH_MODULE_CALIBRATION
06-27 11:25:51.736   729  1182 D ACDB-LOADER: ACDB -> ACDB_WDSP_CMD_GET_SUBGRAPH_MODULE_CALIBRATION_SIZE
06-27 11:25:51.736   729  1182 D ACDB-LOADER: ACDB -> ACDB_WDSP_CMD_GET_SUBGRAPH_MODULE_CALIBRATION
06-27 11:25:51.736   729  1182 D ACDB-LOADER: ACDB -> ACDB_WDSP_CMD_GET_SUBGRAPH_MODULE_CONNECTION_SIZE
06-27 11:25:51.736   729  1182 E         : gcs_get_sg_mod_conn_and_update_pld: subgraph mod conn size 0. Exiting
06-27 11:25:51.736   729  1182 D ACDB-LOADER: ACDB -> ACDB_WDSP_CMD_GET_SUBGRAPH_MODULE_CONNECTION_SIZE
06-27 11:25:51.736   729  1182 D ACDB-LOADER: ACDB -> ACDB_WDSP_CMD_GET_SUBGRAPH_MODULE_CONNECTION
06-27 11:25:51.736   729  1182 D ACDB-LOADER: ACDB -> ACDB_WDSP_CMD_GET_SUBGRAPH_CONNECTIONS_SIZE
06-27 11:25:51.736   729  1182 D ACDB-LOADER: ACDB -> ACDB_WDSP_CMD_GET_SUBGRAPHS_CONNECTION
06-27 11:25:51.736   729  1182 D ACDB-LOADER: ACDB -> ACDB_WDSP_CMD_GET_SUBGRAPH_CONNECTIONS_SIZE
06-27 11:25:51.736   729  1182 E         : __gcs_get_sg_conn_and_update_pld: subgraph conn size 0. Exiting
06-27 11:25:51.746   729  1182 D sound_trigger_hw: session[2]: loaded_state_fn ---> active_state_fn 
06-27 11:25:51.746   729  1182 D sound_trigger_hw: stdev_start_recognition:[2] Exit
06-27 11:25:51.746  1116  1426 I SoundTriggerHelper: startRecognition successful.
06-27 11:25:51.746 11430 11430 I GsaVoiceInteractionSrv: Start Hotword Recognition Status: true
06-27 11:25:51.782 12241 12241 W xou     : sections == null.  missed changes on list wfg{type=SAPI_LL_TYPE_SECTIONED_INBOX_PRIMARY_UNREAD, priority=DEFAULT, pauseState=RESUMED, #elements=50}
06-27 11:25:51.787 12241 12241 W xou     : sections == null.  missed changes on list wfg{type=SAPI_LL_TYPE_SECTIONED_INBOX_PRIMARY_UNREAD, priority=DEFAULT, pauseState=RESUMED, #elements=50}
06-27 11:25:51.820  2891 12215 I Icing   : Indexing 9408CC56C077337C4C5E2C7B417C2E8B01D6BE5E from com.google.android.gms
06-27 11:25:51.844 12241 12308 W opm     : Job(ItemMessageListService:setItemMessageListPriority#0.15) Unrecognized ItemMessageList itemMessageList-thread-f:1604449742457028155-0. Has it already been stopped?
06-27 11:25:51.846  1116  1287 D RecurrenceRule: Resolving using anchor 2018-06-27T11:25:51.846-07:00[America/Los_Angeles]
06-27 11:25:51.849  1116  1287 D RecurrenceRule: Resolving using anchor 2018-06-27T11:25:51.849-07:00[America/Los_Angeles]
06-27 11:25:51.851  1116  1287 D RecurrenceRule: Cycle 17 from 2018-06-02T00:00-07:00[America/Los_Angeles] to 2018-07-02T00:00-07:00[America/Los_Angeles]
06-27 11:25:51.851  1116  1287 D NetworkStats: Resolving plan for NetworkTemplate: matchRule=MOBILE_ALL, subscriberId=310120..., matchSubscriberIds=[310120..., 310260...]
06-27 11:25:51.852  1116  1287 D NetworkStats: Found active matching subId 1
06-27 11:25:51.855  1116  1287 D NetworkStats: Resolved to plan null
06-27 11:25:51.864 12241 12246 I zygote64: Do partial code cache collection, code=111KB, data=64KB
06-27 11:25:51.864 12241 12246 I zygote64: After code cache collection, code=110KB, data=64KB
06-27 11:25:51.864 12241 12246 I zygote64: Increasing code cache capacity to 512KB
06-27 11:25:51.918  2891 12215 I Icing   : Indexing done 9408CC56C077337C4C5E2C7B417C2E8B01D6BE5E
06-27 11:25:51.936 12241 12308 W opm     : Job(ItemMessageListService:setItemMessageListPriority#0.18) Unrecognized ItemMessageList itemMessageList-thread-f:1604449395796649145-1. Has it already been stopped?
06-27 11:25:51.940  2807  2985 W OpenGLRenderer: Incorrectly called buildLayer on View: ShortcutAndWidgetContainer, destroying layer...
06-27 11:25:51.940  2807  2985 W OpenGLRenderer: Incorrectly called buildLayer on View: ShortcutAndWidgetContainer, destroying layer...
06-27 11:25:51.989 12241 12307 W opm     : Job(ItemMessageListService:setItemMessageListPriority#0.21) Unrecognized ItemMessageList itemMessageList-thread-f:1604445791953892785-2. Has it already been stopped?
06-27 11:25:51.992  2891 12215 I Icing   : Indexing 9408CC56C077337C4C5E2C7B417C2E8B01D6BE5E from com.google.android.gms
06-27 11:25:51.993  2891 12215 I Icing   : Indexing done 9408CC56C077337C4C5E2C7B417C2E8B01D6BE5E
06-27 11:25:52.003  1392  1392 I IcingNotification: Received intent: Intent { act=com.google.android.gms.icing.IME_NOTIFICATION flg=0x10 pkg=com.google.android.inputmethod.latin (has extras) }
06-27 11:25:52.046 12241 12305 W opm     : Job(ItemMessageListService:setItemMessageListPriority#0.24) Unrecognized ItemMessageList itemMessageList-thread-f:1604441624101467104-3. Has it already been stopped?
06-27 11:25:52.115 12241 12306 W opm     : Job(ItemMessageListService:setItemMessageListPriority#0.27) Unrecognized ItemMessageList itemMessageList-thread-f:1604432345960905720-4. Has it already been stopped?
06-27 11:25:52.173 12241 12308 W opm     : Job(ItemMessageListService:setItemMessageListPriority#0.30) Unrecognized ItemMessageList itemMessageList-thread-f:1604431224808241487-5. Has it already been stopped?
06-27 11:25:52.226 12241 12307 W opm     : Job(ItemMessageListService:setItemMessageListPriority#0.33) Unrecognized ItemMessageList itemMessageList-thread-f:1604423509676348774-6. Has it already been stopped?
06-27 11:25:52.275 12241 12306 W opm     : Job(ItemMessageListService:setItemMessageListPriority#0.36) Unrecognized ItemMessageList itemMessageList-thread-f:1604384349965077893-7. Has it already been stopped?
06-27 11:25:52.340 12241 12278 I zygote64: The ClassLoaderContext is a special shared library.
06-27 11:25:52.342 12241 12278 I chatty  : uid=10091(com.google.android.gm) identical 1 line
06-27 11:25:52.351 12241 12278 I zygote64: The ClassLoaderContext is a special shared library.
06-27 11:25:52.368 12241 12278 W linker  : "/data/app/com.google.android.gms-RR9uHO_zwwChao2cYhgK0w==/lib/arm64/libconscrypt_gmscore_jni.so" unused DT entry: type 0xf arg 0x8a
06-27 11:25:52.369 12241 12278 V NativeCrypto: Registering com/google/android/gms/org/conscrypt/NativeCrypto's 280 native methods...
06-27 11:25:52.390  2891  3273 I AsyncOpDispatcher: 5-LoadAutocompleteList
06-27 11:25:52.402 12241 12278 D NetworkSecurityConfig: Using Network Security Config from resource network_security_config debugBuild: false
06-27 11:25:52.404 12241 12278 I ProviderInstaller: Installed default security provider GmsCore_OpenSSL
06-27 11:25:52.527  1116  1287 D RecurrenceRule: Resolving using anchor 2018-06-27T11:25:52.527-07:00[America/Los_Angeles]
06-27 11:25:52.532  1116  1287 D RecurrenceRule: Resolving using anchor 2018-06-27T11:25:52.532-07:00[America/Los_Angeles]
06-27 11:25:52.537  1116  1287 D RecurrenceRule: Cycle 17 from 2018-06-02T00:00-07:00[America/Los_Angeles] to 2018-07-02T00:00-07:00[America/Los_Angeles]
06-27 11:25:52.538  1116  1287 D NetworkStats: Resolving plan for NetworkTemplate: matchRule=MOBILE_ALL, subscriberId=310120..., matchSubscriberIds=[310120..., 310260...]
06-27 11:25:52.539  1116  1287 D NetworkStats: Found active matching subId 1
06-27 11:25:52.545 12241 12246 I zygote64: Compiler allocated 4MB to compile aceh acex.a(java.lang.String)
06-27 11:25:52.547  1116  1287 D NetworkStats: Resolved to plan null
06-27 11:25:52.625 12241 12246 I zygote64: Compiler allocated 4MB to compile aceh acex.a(java.lang.String)
06-27 11:25:52.659 12241 12324 D OpenGLRenderer: HWUI GL Pipeline
06-27 11:25:52.676  2891  3273 I AsyncOpDispatcher: 5-LoadAutocompleteList
06-27 11:25:52.744 12241 12246 I zygote64: Do full code cache collection, code=250KB, data=137KB
06-27 11:25:52.745 12241 12246 I zygote64: After code cache collection, code=214KB, data=110KB
06-27 11:25:52.796  2891  3273 I AsyncOpDispatcher: 5-LoadAutocompleteList
06-27 11:25:52.872  2891  3303 I AsyncOpDispatcher: 5-LoadAutocompleteList
06-27 11:25:52.946  2891  3273 I AsyncOpDispatcher: 5-LoadAutocompleteList
06-27 11:25:53.070  2891  3273 I AsyncOpDispatcher: 5-LoadAutocompleteList
06-27 11:25:53.089 12241 12246 I zygote64: Do partial code cache collection, code=236KB, data=127KB
06-27 11:25:53.090 12241 12246 I zygote64: After code cache collection, code=236KB, data=127KB
06-27 11:25:53.090 12241 12246 I zygote64: Increasing code cache capacity to 1024KB
06-27 11:25:53.134  2891  2907 I AsyncOpDispatcher: 5-LoadAutocompleteList
06-27 11:25:53.170 12241 12324 I zygote64: Deoptimizing void aceh.a(acet) due to JIT inline cache
06-27 11:25:53.189  1116  1287 D RecurrenceRule: Resolving using anchor 2018-06-27T11:25:53.189-07:00[America/Los_Angeles]
06-27 11:25:53.193  1116  1287 D RecurrenceRule: Resolving using anchor 2018-06-27T11:25:53.193-07:00[America/Los_Angeles]
06-27 11:25:53.197  1116  1287 D RecurrenceRule: Cycle 17 from 2018-06-02T00:00-07:00[America/Los_Angeles] to 2018-07-02T00:00-07:00[America/Los_Angeles]
06-27 11:25:53.198  1116  1287 D NetworkStats: Resolving plan for NetworkTemplate: matchRule=MOBILE_ALL, subscriberId=310120..., matchSubscriberIds=[310120..., 310260...]
06-27 11:25:53.200  1116  1287 D NetworkStats: Found active matching subId 1
06-27 11:25:53.205  1116  1287 D NetworkStats: Resolved to plan null
06-27 11:25:53.213  2891  2907 I AsyncOpDispatcher: 5-LoadAutocompleteList
06-27 11:25:53.399  1428  1428 W StaticLayout: maxLineHeight should not be -1.  maxLines:7 lineCount:7
06-27 11:25:53.399  1428  1428 W StaticLayout: maxLineHeight should not be -1.  maxLines:7 lineCount:7
06-27 11:25:53.400  1428  1428 W StaticLayout: maxLineHeight should not be -1.  maxLines:1 lineCount:1
06-27 11:25:53.401  1428  1428 I chatty  : uid=10011(com.android.systemui) identical 11 lines
06-27 11:25:53.401  1428  1428 W StaticLayout: maxLineHeight should not be -1.  maxLines:1 lineCount:1
06-27 11:25:53.401  1428  1428 W StaticLayout: maxLineHeight should not be -1.  maxLines:7 lineCount:7
06-27 11:25:53.415  1428  1428 W StaticLayout: maxLineHeight should not be -1.  maxLines:7 lineCount:7
06-27 11:25:53.428  1428  1428 W StaticLayout: maxLineHeight should not be -1.  maxLines:1 lineCount:1
06-27 11:25:53.428  1428  1428 W StaticLayout: maxLineHeight should not be -1.  maxLines:1 lineCount:1
06-27 11:25:53.428  1428  1428 W StaticLayout: maxLineHeight should not be -1.  maxLines:7 lineCount:7
06-27 11:25:53.428  1428  1428 W StaticLayout: maxLineHeight should not be -1.  maxLines:7 lineCount:7
06-27 11:25:53.443  1428  1428 W StaticLayout: maxLineHeight should not be -1.  maxLines:1 lineCount:1
06-27 11:25:53.443  1428  1428 W StaticLayout: maxLineHeight should not be -1.  maxLines:1 lineCount:1
06-27 11:25:53.444  1428  1428 W StaticLayout: maxLineHeight should not be -1.  maxLines:7 lineCount:7
06-27 11:25:53.489  1428  1428 W StaticLayout: maxLineHeight should not be -1.  maxLines:7 lineCount:7
06-27 11:25:53.806  1116  3007 I WifiService: getConnectionInfo uid=10037
06-27 11:25:53.807  1116  3007 D WifiPermissionsUtil: Denied: no location permission
06-27 11:25:53.808  1116  3007 D WifiPermissionsUtil: Denied: The current config is not for an open network.
06-27 11:25:53.839   762   815 I VSC     : @ 4773.911: [VSC] Stopping sensor events for sensor 131074
06-27 11:25:53.839   762   815 I CHRE    : @ 4773.911: [AR_CHRE] IDLE => ON
06-27 11:25:53.840   762   815 I VSC     : @ 4773.911: [VSC] Request sensor 65537, sample_duration 14 ms, report_duration c80 ms
06-27 11:25:53.882  1116  1287 D RecurrenceRule: Resolving using anchor 2018-06-27T11:25:53.882-07:00[America/Los_Angeles]
06-27 11:25:53.886  1116  1287 D RecurrenceRule: Resolving using anchor 2018-06-27T11:25:53.886-07:00[America/Los_Angeles]
06-27 11:25:53.889  1116  1287 D RecurrenceRule: Cycle 17 from 2018-06-02T00:00-07:00[America/Los_Angeles] to 2018-07-02T00:00-07:00[America/Los_Angeles]
06-27 11:25:53.890  1116  1287 D NetworkStats: Resolving plan for NetworkTemplate: matchRule=MOBILE_ALL, subscriberId=310120..., matchSubscriberIds=[310120..., 310260...]
06-27 11:25:53.892  1116  1287 D NetworkStats: Found active matching subId 1
06-27 11:25:53.896  1116  1287 D NetworkStats: Resolved to plan null
06-27 11:25:54.667 12241 12255 I zygote64: Waiting for a blocking GC ProfileSaver
06-27 11:25:54.720  1116  1287 D RecurrenceRule: Resolving using anchor 2018-06-27T11:25:54.719-07:00[America/Los_Angeles]
06-27 11:25:54.724  1116  1287 D RecurrenceRule: Resolving using anchor 2018-06-27T11:25:54.724-07:00[America/Los_Angeles]
06-27 11:25:54.729  1116  1287 D RecurrenceRule: Cycle 17 from 2018-06-02T00:00-07:00[America/Los_Angeles] to 2018-07-02T00:00-07:00[America/Los_Angeles]
06-27 11:25:54.729  1116  1287 D NetworkStats: Resolving plan for NetworkTemplate: matchRule=MOBILE_ALL, subscriberId=310120..., matchSubscriberIds=[310120..., 310260...]
06-27 11:25:54.731  1116  1287 D NetworkStats: Found active matching subId 1
06-27 11:25:54.736  1116  1287 D NetworkStats: Resolved to plan null
06-27 11:25:54.766 12241 12255 I zygote64: WaitForGcToComplete blocked ProfileSaver on HeapTrim for 98.689ms
06-27 11:25:55.349  2643  3032 I AsyncOpDispatcher: 51-RegisterOperationCall
06-27 11:25:55.358  2643  3032 I AsyncOpDispatcher: 51-RegisterOperationCall
06-27 11:25:55.483  2643 12341 W GoogleCertificatesImpl: Package com.google.android.gms.setup has a cert in the whitelist but wrong package name. go/package-enforcement-help
06-27 11:25:55.483  2643 12341 W GoogleCertificatesImpl: Package com.google.android.gms.setup has a cert in the whitelist but wrong package name. go/package-enforcement-help
06-27 11:25:55.581  2643 12341 W Conscrypt: Could not set socket write timeout: java.lang.reflect.InvocationTargetException
06-27 11:25:55.582  2643 12341 W Conscrypt: 	at java.lang.reflect.Method.invoke(Native Method)
06-27 11:25:55.582  2643 12341 W Conscrypt: 	at com.google.android.gms.org.conscrypt.Platform.setSocketWriteTimeout(:com.google.android.gms@12685052@12.6.85 (090400-197041431):13)
06-27 11:25:55.582  2643 12341 W Conscrypt: Caused by: android.system.ErrnoException: setsockopt failed: EBADF (Bad file descriptor)
06-27 11:25:55.582  2643 12341 W Conscrypt: 	at libcore.io.Linux.setsockoptTimeval(Native Method)
06-27 11:25:55.582  2643 12341 W Conscrypt: 	at libcore.io.ForwardingOs.setsockoptTimeval(ForwardingOs.java:175)
06-27 11:25:55.604  2643 12341 W Conscrypt: Could not set socket write timeout: java.lang.reflect.InvocationTargetException
06-27 11:25:55.604  2643 12341 W Conscrypt: 	at java.lang.reflect.Method.invoke(Native Method)
06-27 11:25:55.604  2643 12341 W Conscrypt: 	at com.google.android.gms.org.conscrypt.Platform.setSocketWriteTimeout(:com.google.android.gms@12685052@12.6.85 (090400-197041431):13)
06-27 11:25:55.605  2643 12341 W Conscrypt: Caused by: android.system.ErrnoException: setsockopt failed: EBADF (Bad file descriptor)
06-27 11:25:55.605  2643 12341 W Conscrypt: 	at libcore.io.Linux.setsockoptTimeval(Native Method)
06-27 11:25:55.605  2643 12341 W Conscrypt: 	at libcore.io.ForwardingOs.setsockoptTimeval(ForwardingOs.java:175)
06-27 11:25:55.713  1617  1731 I QCNEJ/CndHalConnector: -> SND notifyWifiStatusChanged(RatInfo{type=1, subType=101, state=CONNECTED, v4=IfaceAddrPair{iface=wlan0, addr=192.168.86.45}, v6=IfaceAddrPair{iface=, addr=}, timestamp=2018-06-27 11:25:55.712, isAndroidValidated=true, netHandle=438103100126, slotIdx=0} WifiInfo{freq=FIVE_GHz, state=3, ssid=lordwindsorcoffee, bssid=a4:2b:b0:c4:62:78, dns=[192.168.86.1, 0.0.0.0, 0.0.0.0, 0.0.0.0, ]})
06-27 11:25:55.718  1116  3007 I WifiService: getConnectionInfo uid=10007
06-27 11:25:55.720  3441  3441 I CarrierServices: [2] awp.onReceive: TeleWifiMonitor.updateSignalState, (is connected: true, signal level: 96%, link speed: 780Mbps) -> (is connected: true, signal level: 99%, link speed: 866Mbps)
06-27 11:25:55.736  3441  3544 I CarrierServices: [193] bhj.a: FiST: Wifi connectivity status true
06-27 11:25:55.738  3441  3544 I CarrierServices: [193] bho.d: Connected state: [1], networkType: [WIFI]
06-27 11:25:55.847  1116  1287 D RecurrenceRule: Resolving using anchor 2018-06-27T11:25:55.847-07:00[America/Los_Angeles]
06-27 11:25:55.851  1116  1287 D RecurrenceRule: Resolving using anchor 2018-06-27T11:25:55.851-07:00[America/Los_Angeles]
06-27 11:25:55.854  1116  1287 D RecurrenceRule: Cycle 17 from 2018-06-02T00:00-07:00[America/Los_Angeles] to 2018-07-02T00:00-07:00[America/Los_Angeles]
06-27 11:25:55.855  1116  1287 D NetworkStats: Resolving plan for NetworkTemplate: matchRule=MOBILE_ALL, subscriberId=310120..., matchSubscriberIds=[310120..., 310260...]
06-27 11:25:55.856  1116  1287 D NetworkStats: Found active matching subId 1
06-27 11:25:55.862  1116  1287 D NetworkStats: Resolved to plan null
06-27 11:25:55.922  1116  3007 I ActivityManager: Start proc 12343:com.reddit.frontpage/u0a135 for service com.reddit.frontpage/com.firebase.jobdispatcher.GooglePlayReceiver
06-27 11:25:55.979 12343 12343 D FirebaseApp: com.google.firebase.auth.FirebaseAuth is not linked. Skipping initialization.
06-27 11:25:55.984 12343 12343 D FirebaseApp: com.google.firebase.crash.FirebaseCrash is not linked. Skipping initialization.
06-27 11:25:56.021  9869 12321 D DownloadManager: [747] Finished with status SUCCESS
06-27 11:25:56.048 12343 12343 I FirebaseInitProvider: FirebaseApp initialization successful
06-27 11:25:56.071  4038  4038 I Finsky  : [2] com.google.android.finsky.download.n.a(114): com.google.android.inputmethod.latin: onProgress 12125331/12125331 Status: 200 ID: 747.
06-27 11:25:56.077  4038  4038 I Finsky  : [2] com.google.android.finsky.download.DownloadBroadcastReceiver.a(4): Intent received at DownloadBroadcastReceiver
06-27 11:25:56.080  9531  9531 W Isotope : UID: [10037]  PID: [9531] DownloadDataStoreImpl : No matching entry found, returning null.
06-27 11:25:56.080  9531  9531 I Isotope : UID: [10037]  PID: [9531] DownloadDataStoreImpl : no data for downloadId 747
06-27 11:25:56.080  9531  9531 I Finsky  : [2] com.google.android.finsky.instantapps.dna.ArchiveDownloadBroadcastReceiver.onReceive(13): Skipping download id 747, not a prefetch
06-27 11:25:56.080 12343 12360 I FA      : App measurement is starting up, version: 11910
06-27 11:25:56.080 12343 12360 I FA      : To enable debug logging run: adb shell setprop log.tag.FA VERBOSE
06-27 11:25:56.080 12343 12360 I FA      : To enable faster debug mode event logging run:
06-27 11:25:56.080 12343 12360 I FA      :   adb shell setprop debug.firebase.analytics.app com.reddit.frontpage
06-27 11:25:56.094  4038  4038 I Finsky  : [2] com.google.android.finsky.download.e.b(62): com.google.android.inputmethod.latin from 2 to 3.
06-27 11:25:56.094  4038  4038 I Finsky  : [2] com.google.android.finsky.download.n.f(124): com.google.android.inputmethod.latin: onComplete
06-27 11:25:56.094  4038  4038 I Finsky  : [2] com.google.android.finsky.download.n.i(137): Download com.google.android.inputmethod.latin removed from DownloadQueue
06-27 11:25:56.099  1116  3007 I WifiService: getConnectionInfo uid=10037
06-27 11:25:56.099  1116  3007 D WifiPermissionsUtil: Denied: no location permission
06-27 11:25:56.099  1116  3007 D WifiPermissionsUtil: Denied: The current config is not for an open network.
06-27 11:25:56.104  4038  4038 I Finsky  : [2] com.google.android.finsky.installer.a.az.b(441): Prepare to patch com.google.android.inputmethod.latin (adid: com.google.android.inputmethod.latin , isid: QXmtDb8CRF-0cBXICJq-dw) from content://downloads/my_downloads/747 format 5
06-27 11:25:56.120  1116  1426 I WifiService: getConnectionInfo uid=10023
06-27 11:25:56.123  1116  1427 I WifiService: getDhcpInfo uid=10023
06-27 11:25:56.126  2891  2907 I AsyncOpDispatcher: 28-ReportNetworkQuality
06-27 11:25:56.140 12343 12343 I CrashlyticsCore: Initializing Crashlytics 2.6.3.25
06-27 11:25:56.151  1116  1427 I ActivityManager: Killing 11508:com.android.providers.calendar/u0a43 (adj 904): empty #17
06-27 11:25:56.151  1116  1140 W zygote64: kill(-11508, 9) failed: No such process
