06-27 11:20:30.862  1116  1287 D NetworkStats: Resolving plan for NetworkTemplate: matchRule=MOBILE_ALL, subscriberId=310120..., matchSubscriberIds=[310120..., 310260...]
06-27 11:20:30.863  1116  1287 D NetworkStats: Found active matching subId 1
06-27 11:20:30.865  1116  1287 D NetworkStats: Resolved to plan null
06-27 11:20:30.931  1116  1638 D ConnectivityService: requestNetwork for uid/pid:10045/2769 NetworkRequest [ REQUEST id=22, [ Transports: CELLULAR Capabilities: INTERNET&NOT_RESTRICTED&TRUSTED&NOT_VPN] ]
06-27 11:20:30.940  1116  1304 D ConnectivityService: reportNetworkConnectivity(102, false) by 10045
06-27 11:20:31.238  1116  1586 W ActivityManager: Permission Denial: Accessing service ComponentInfo{com.google.android.music/com.google.android.music.dial.DialMediaRouteProviderService} from pid=3571, uid=10170 that is not exported from uid 10103
06-27 11:20:31.318  1116  1304 D ConnectivityService: NetworkAgentInfo [WIFI () - 102] validation passed
06-27 11:20:31.526  1116  2504 W BroadcastQueue: Permission Denial: receiving Intent { act=android.intent.action.BOOT_COMPLETED flg=0x9000010 (has extras) } to com.google.android.apps.docs/.notification.common.NotificationChannelReceiver requires android.permission.RECEIVE_BOOT_COMPLETED due to sender null (uid 1000)
06-27 11:20:31.548  1116  1138 I ActivityManager: Start proc 4363:com.google.android.apps.gcs/u0a5 for broadcast com.google.android.apps.gcs/.receiver.BootCompletedReceiver
06-27 11:20:31.805  1116  1586 I ActivityManager: Start proc 4421:com.google.ar.core/u0a81 for content provider com.google.ar.core/.services.ArCoreContentProvider
06-27 11:20:31.821  1116  2504 I ActivityManager: Killing 3074:com.google.android.inputmethod.latin:train/u0a121 (adj 906): empty #17
06-27 11:20:32.166  1116  3005 I ActivityManager: Start proc 4455:com.google.android.apps.maps/u0a78 for broadcast com.google.android.apps.maps/com.google.android.apps.gmm.navigation.service.detection.StartDetectionReceiver
06-27 11:20:32.167  1116  3005 I ActivityManager: Killing 3418:com.google.android.calendar/u0a72 (adj 906): empty #17
06-27 11:20:32.520  1116  1127 I ActivityManager: Killing 2223:com.google.android.marvin.talkback/u0a99 (adj 906): empty #17
06-27 11:20:32.556  1116  1137 I ActivityManager: Start proc 4492:com.google.android.calendar/u0a72 for service com.google.android.calendar/com.google.android.syncadapters.calendar.CalendarSyncAdapterService
06-27 11:20:33.721  1116  2504 I ActivityManager: Killing 2099:com.android.cellbroadcastreceiver/u0a20 (adj 906): empty #17
06-27 11:20:34.845  1116  3005 I ActivityManager: Start proc 4626:com.amazon.mp3/u0a169 for content provider com.amazon.mp3/.account.auth.AmazonMusicMAPInformationProvider
06-27 11:20:35.828  1116  1116 I ActivityManager: Start proc 4697:com.google.android.apps.tachyon/u0a128 for service com.google.android.apps.tachyon/.jobs.NativeJobSchedulerJobService
06-27 11:20:36.371  1116  3007 I ActivityManager: Killing 3857:com.android.connectivity.metrics/u0a29 (adj 906): empty #17
06-27 11:20:36.500  1116  1638 I ActivityManager: Killing 3894:com.android.hotwordenrollment.okgoogle/u0a8 (adj 906): empty #17
06-27 11:20:37.154  1116  2868 I ActivityManager: Start proc 4849:com.amazon.kindle/u0a143 for content provider com.amazon.kindle/.map.StandaloneMAPInformationProvider
06-27 11:20:37.737  1116  1659 W ActivityManager: Background start not allowed: service Intent { cmp=com.amazon.kindle/com.amazon.android.providers.downloads.DownloadService } to com.amazon.kindle/com.amazon.android.providers.downloads.DownloadService from pid=4849 uid=10143 pkg=com.amazon.kindle
06-27 11:20:38.651  1116  1287 D NetworkStats: Resolving plan for NetworkTemplate: matchRule=MOBILE_ALL, subscriberId=310120..., matchSubscriberIds=[310120..., 310260...]
06-27 11:20:38.652  1116  1287 D NetworkStats: Found active matching subId 1
06-27 11:20:38.656  1116  1287 D NetworkStats: Resolved to plan null
06-27 11:20:38.715  1116  1287 D NetworkStats: Resolving plan for NetworkTemplate: matchRule=MOBILE_ALL, subscriberId=310120..., matchSubscriberIds=[310120..., 310260...]
06-27 11:20:38.716  1116  1287 D NetworkStats: Found active matching subId 1
06-27 11:20:38.719  1116  1287 D NetworkStats: Resolved to plan null
06-27 11:20:38.740  1116  2868 I ActivityManager: Start proc 4932:com.google.android.apps.messaging:rcs/u0a100 for broadcast com.google.android.apps.messaging/com.google.android.ims.receiver.AutoStartReceiver
06-27 11:20:38.839  1116  2621 W BackupManagerService: dataChanged but no participant pkg='com.amazon.kindle' uid=10143
06-27 11:20:38.841  1116  2621 I chatty  : uid=1000(system) Binder:1116_E identical 3 lines
06-27 11:20:38.841  1116  2621 W BackupManagerService: dataChanged but no participant pkg='com.amazon.kindle' uid=10143
06-27 11:20:38.841  1116  2868 W BackupManagerService: dataChanged but no participant pkg='com.amazon.kindle' uid=10143
06-27 11:20:38.842  1116  2868 I chatty  : uid=1000(system) Binder:1116_11 identical 1 line
06-27 11:20:38.842  1116  2868 W BackupManagerService: dataChanged but no participant pkg='com.amazon.kindle' uid=10143
06-27 11:20:39.070  1116  3007 W BackupManagerService: dataChanged but no participant pkg='com.amazon.kindle' uid=10143
06-27 11:20:39.070  1116  3007 I chatty  : uid=1000(system) Binder:1116_13 identical 1 line
06-27 11:20:39.071  1116  3007 W BackupManagerService: dataChanged but no participant pkg='com.amazon.kindle' uid=10143
06-27 11:20:39.071  1116  2868 W BackupManagerService: dataChanged but no participant pkg='com.amazon.kindle' uid=10143
06-27 11:20:39.074  1116  2868 I chatty  : uid=1000(system) Binder:1116_11 identical 3 lines
06-27 11:20:39.074  1116  2868 W BackupManagerService: dataChanged but no participant pkg='com.amazon.kindle' uid=10143
06-27 11:20:39.077  1116  2621 I ActivityManager: Start proc 4994:com.google.android.apps.multidevice.client/u0a118 for broadcast com.google.android.apps.multidevice.client/.connection.Initializer
06-27 11:20:39.575  1116  2868 I ActivityManager: Start proc 5051:com.google.android.apps.turbo:aab/u0a42 for broadcast com.google.android.apps.turbo/.nudges.battery.ServiceManagerReceiver
06-27 11:20:39.814  1116  1138 I ActivityManager: Waited long enough for: ServiceRecord{1d28ab3 u0 com.android.providers.media/.MediaScannerService}
06-27 11:20:39.978  1116  3007 I ActivityManager: Start proc 5118:com.google.android.apps.wallpaper/u0a60 for broadcast com.google.android.apps.wallpaper/.module.GoogleAlarmInitializer
06-27 11:20:40.098  1116  1638 I ActivityManager: Start proc 5141:com.google.android.carrier/u0a12 for broadcast com.google.android.carrier/.CarrierSettingsReceiver
06-27 11:20:40.226  1116  2621 I ActivityManager: Start proc 5163:com.google.android.configupdater/u0a35 for broadcast com.google.android.configupdater/.MainReceiver
06-27 11:20:40.227  1116  2621 I ActivityManager: Killing 3920:com.android.hotwordenrollment.tgoogle/u0a6 (adj 906): empty #17
06-27 11:20:40.508  1116  2621 I ActivityManager: Start proc 5203:com.google.android.contacts/u0a26 for broadcast com.google.android.contacts/com.google.android.apps.contacts.interactions.OnBootOrUpgradeReceiver
06-27 11:20:40.509  1116  2621 I ActivityManager: Killing 3942:com.android.hotwordenrollment.xgoogle/u0a38 (adj 906): empty #17
06-27 11:20:40.823  1116  1586 I ActivityManager: Start proc 5233:com.google.android.deskclock/u0a97 for broadcast com.google.android.deskclock/com.android.deskclock.AlarmInitReceiver
06-27 11:20:40.825  1116  1586 I ActivityManager: Killing 3975:com.android.managedprovisioning/u0a59 (adj 906): empty #17
06-27 11:20:40.904  1116  3007 W BackupManagerService: dataChanged but no participant pkg='com.amazon.kindle' uid=10143
06-27 11:20:40.936  1116  3007 V MediaRouterService: restoreBluetoothA2dp(false)
06-27 11:20:41.006  1116  1287 D NetworkStats: Resolving plan for NetworkTemplate: matchRule=MOBILE_ALL, subscriberId=310120..., matchSubscriberIds=[310120..., 310260...]
06-27 11:20:41.008  1116  1287 D NetworkStats: Found active matching subId 1
06-27 11:20:41.013  1116  1287 D NetworkStats: Resolved to plan null
06-27 11:20:41.224  1116  3007 W ActivityManager: Unable to start service Intent { cmp=com.google.android.gm/com.android.email.service.AttachmentService } U=0: not found
06-27 11:20:41.370  1116  1138 W BroadcastQueue: Background execution not allowed: receiving Intent { act=com.google.android.systemui.OPA_ENABLED flg=0x10000010 (has extras) } to com.google.android.apps.nexuslauncher/.qsb.OPAStatusReceiver
06-27 11:20:41.451  1116  1586 I ActivityManager: Start proc 5287:com.android.chrome/u0a87 for service com.android.chrome/org.chromium.chrome.browser.customtabs.CustomTabsConnectionService
06-27 11:20:41.479  1116  3007 I ActivityManager: Start proc 5302:com.google.android.hardwareinfo/u0a64 for broadcast com.google.android.hardwareinfo/.HardwareInfoBootReceiver
06-27 11:20:41.504  1116  1127 I ActivityManager: Killing 2724:com.android.printspooler/u0a67 (adj 906): empty #17
06-27 11:20:41.566  1116  1680 I ActivityManager: Killing 4363:com.google.android.apps.gcs/u0a5 (adj 906): empty #17
06-27 11:20:41.594  1116  3005 I ActivityManager: Start proc 5331:com.google.android.imaging.easel.service/u0a79 for broadcast com.google.android.imaging.easel.service/.UpdatingReceiver
06-27 11:20:41.595  1116  3005 I ActivityManager: Killing 4421:com.google.ar.core/u0a81 (adj 906): empty #17
06-27 11:20:41.720  1116  3005 I ActivityManager: Killing 3794:com.google.android.gms.unstable/u0a23 (adj 906): empty #17
06-27 11:20:41.784  1116  1586 I ActivityManager: Start proc 5375:com.android.keychain/1000 for service com.android.keychain/.KeyChainService
06-27 11:20:41.880  1116  1638 I ActivityManager: Killing 4697:com.google.android.apps.tachyon/u0a128 (adj 906): empty #17
06-27 11:20:41.913  1116  1586 D ConnectivityService: ConnectivityService NetworkRequestInfo binderDied(NetworkRequest [ LISTEN id=25, [ Capabilities: INTERNET&NOT_RESTRICTED&TRUSTED] ], android.os.BinderProxy@59d98bc)
06-27 11:20:41.961  1116  1638 W BackupManagerService: dataChanged but no participant pkg='com.amazon.kindle' uid=10143
06-27 11:20:41.991  1116  1271 W ActivityManager: Unable to start service Intent { act=com.google.android.gms.drive.ApiService.RESET_AFTER_BOOT flg=0x4 cmp=com.google.android.gms/.drive.api.ApiService (has extras) } U=0: not found
06-27 11:20:42.016  1116  1680 I ActivityManager: Start proc 5417:com.google.android.gms.unstable/u0a23 for service com.google.android.gms/.droidguard.DroidGuardService
06-27 11:20:42.479  1116  2868 I ActivityManager: Start proc 5473:com.google.android.gms.ui/u0a23 for service com.google.android.gms/.chimera.UiIntentOperationService
06-27 11:20:42.694  1116  1638 D ConnectivityService: requestNetwork for uid/pid:10023/2643 NetworkRequest [ REQUEST id=28, [ Transports: WIFI Capabilities: INTERNET&NOT_RESTRICTED&NOT_VPN] ]
06-27 11:20:42.722  1116  1304 D ConnectivityService: releasing NetworkRequest [ REQUEST id=28, [ Transports: WIFI Capabilities: INTERNET&NOT_RESTRICTED&NOT_VPN] ] (release request)
06-27 11:20:42.932  1116  2868 I ActivityManager: Start proc 5563:com.google.android.onetimeinitializer/u0a3 for broadcast com.google.android.onetimeinitializer/.OneTimeInitializerReceiver
06-27 11:20:43.093  1116  1127 I ActivityManager: Start proc 5600:com.google.android.packageinstaller/u0a18 for broadcast com.google.android.packageinstaller/com.android.packageinstaller.TemporaryFileManager
06-27 11:20:43.110  2643  2643 E ActivityThread: Failed to find provider info for com.google.android.gms.common.phenotype
06-27 11:20:43.173  1116  2868 I ActivityManager: Killing 4455:com.google.android.apps.maps/u0a78 (adj 906): empty #17
06-27 11:20:43.307  1116  1127 I ActivityManager: Killing 4932:com.google.android.apps.messaging:rcs/u0a100 (adj 906): empty #17
06-27 11:20:43.411  1116  1679 I ActivityManager: Start proc 5653:com.google.android.storagemanager/u0a17 for broadcast com.google.android.storagemanager/com.android.storagemanager.automatic.AutomaticStorageBroadcastReceiver
06-27 11:20:43.419  1116  1427 D ConnectivityService: ConnectivityService NetworkRequestInfo binderDied(NetworkRequest [ LISTEN id=26, [ Capabilities: INTERNET&NOT_RESTRICTED&TRUSTED&FOREGROUND] ], android.os.BinderProxy@2b1c6d)
06-27 11:20:43.459  1116  1684 D BluetoothManagerService: Registered for death of com.google.android.gms
06-27 11:20:43.459  1116  1684 D BluetoothManagerService: 1 registered Ble Apps
06-27 11:20:43.459  1116  1684 D BluetoothManagerService: enable(com.google.android.gms):  mBluetooth =null mBinding = false mState = OFF
06-27 11:20:43.459  1116  1684 D BluetoothManagerService: enable returning
06-27 11:20:43.459  1116  1161 D BluetoothManagerService: MESSAGE_ENABLE(0): mBluetooth = null
06-27 11:20:43.471  1116  1161 I ActivityManager: Start proc 5671:com.android.bluetooth/1002 for service com.android.bluetooth/.btservice.AdapterService
06-27 11:20:43.503  1116  2866 I ActivityManager: Start proc 5686:com.google.process.gapps/u0a90 for broadcast com.google.android.syncadapters.contacts/.ContactsSyncAdapterBroadcastReceiver
06-27 11:20:43.503  1116  2866 I ActivityManager: Killing 4994:com.google.android.apps.multidevice.client/u0a118 (adj 906): empty #17
06-27 11:20:43.529  1116  1287 D NetworkStats: Resolving plan for NetworkTemplate: matchRule=MOBILE_ALL, subscriberId=310120..., matchSubscriberIds=[310120..., 310260...]
06-27 11:20:43.531  1116  1287 D NetworkStats: Found active matching subId 1
06-27 11:20:43.535  1116  1287 D NetworkStats: Resolved to plan null
06-27 11:20:43.624  1116  1116 D BluetoothManagerService: BluetoothServiceConnection: com.android.bluetooth.btservice.AdapterService
06-27 11:20:43.624  1116  1161 D BluetoothManagerService: MESSAGE_BLUETOOTH_SERVICE_CONNECTED: 1
06-27 11:20:43.640  1116  2866 I ActivityManager: Start proc 5714:com.google.android.videos/u0a82 for broadcast com.google.android.videos/com.google.android.apps.play.movies.common.FlushLogsTaskService$Initializer
06-27 11:20:43.645  1116  1161 D BluetoothManagerService: Broadcasting onBluetoothServiceUp() to 8 receivers.
06-27 11:20:43.653  1116  1161 D BluetoothManagerService: MESSAGE_BLUETOOTH_STATE_CHANGE: OFF > BLE_TURNING_ON
06-27 11:20:43.654  1116  1161 D BluetoothManagerService: Sending BLE State Change: OFF > BLE_TURNING_ON
06-27 11:20:43.657  1116  1684 I ActivityManager: Killing 5118:com.google.android.apps.wallpaper/u0a60 (adj 906): empty #17
06-27 11:20:44.083  1116  2621 I ActivityManager: Start proc 5778:com.android.vending:instant_app_installer/u0a37 for service com.android.vending/com.google.android.finsky.instantapps.statussync.StatusSyncService
06-27 11:20:44.446  1116  2868 I ActivityManager: Start proc 5822:com.google.vr.vrcore/u0a95 for service com.google.vr.vrcore/.common.VrCoreSdkService
06-27 11:20:44.471  1116  2868 I ActivityManager: Start proc 5835:com.google.android.youtube/u0a86 for broadcast com.google.android.youtube/com.google.android.libraries.youtube.mdx.background.MdxBackgroundScanBootReceiver
06-27 11:20:44.471  1116  3005 I ActivityManager: Killing 4492:com.google.android.calendar/u0a72 (adj 906): empty #17
06-27 11:20:44.735  1116  1116 D BluetoothManagerService: Bluetooth Adapter address changed to 40:4E:36:D6:31:9C
06-27 11:20:44.735  1116  1116 D BluetoothManagerService: Stored Bluetoothaddress: 40:4E:36:D6:31:9C
06-27 11:20:44.736  1116  1116 D BluetoothManagerService: Bluetooth Adapter name changed to Pixel 2
06-27 11:20:44.736  1116  1116 D BluetoothManagerService: Stored Bluetooth name: Pixel 2
06-27 11:20:44.738  1116  1161 D BluetoothManagerService: MESSAGE_BLUETOOTH_STATE_CHANGE: BLE_TURNING_ON > BLE_ON
06-27 11:20:44.738  1116  1161 D BluetoothManagerService: Bluetooth is in LE only mode
06-27 11:20:44.738  1116  1161 D BluetoothManagerService: Binding Bluetooth GATT service
06-27 11:20:44.739  1116  1161 D BluetoothManagerService: Sending BLE State Change: BLE_TURNING_ON > BLE_ON
06-27 11:20:44.740  1116  1116 D BluetoothManagerService: BluetoothServiceConnection: com.android.bluetooth.gatt.GattService
06-27 11:20:44.741  1116  1161 D BluetoothManagerService: MESSAGE_BLUETOOTH_SERVICE_CONNECTED: 2
06-27 11:20:44.741  1116  1161 D BluetoothManagerService: BluetoothGatt Service is Up
06-27 11:20:44.741  1116  1161 D BluetoothManagerService: isBleAppPresent() count: 1
06-27 11:20:44.773  1116  1638 W ActivityManager: Permission Denial: opening provider com.google.android.gsf.gservices.GservicesProvider from ProcessRecord{f7545d5 5822:com.google.vr.vrcore/u0a95} (pid=5822, uid=10095) requires com.google.android.providers.gsf.permission.READ_GSERVICES or com.google.android.providers.gsf.permission.WRITE_GSERVICES
06-27 11:20:44.775  1116  2866 V MediaRouterService: restoreBluetoothA2dp(false)
06-27 11:20:44.784  1116  1638 W ActivityManager: Permission Denial: opening provider com.google.android.gsf.gservices.GservicesProvider from ProcessRecord{f7545d5 5822:com.google.vr.vrcore/u0a95} (pid=5822, uid=10095) requires com.google.android.providers.gsf.permission.READ_GSERVICES or com.google.android.providers.gsf.permission.WRITE_GSERVICES
06-27 11:20:44.827  1116  2868 W ActivityManager: Background start not allowed: service Intent { cmp=com.google.vr.vrcore/.common.VrCoreSdkService } to com.google.vr.vrcore/.common.VrCoreSdkService from pid=5822 uid=10095 pkg=com.google.vr.vrcore
06-27 11:20:44.829  1116  2868 I ActivityManager: Killing 5141:com.google.android.carrier/u0a12 (adj 906): empty #17
06-27 11:20:45.091  1116  1684 I ActivityManager: Killing 5163:com.google.android.configupdater/u0a35 (adj 906): empty #17
06-27 11:20:45.225  1116  1138 I ActivityManager: Waited long enough for: ServiceRecord{7423b1f u0 com.spotify.music/.behindthelyrics.service.BehindTheLyricsResourcesAndTracksFetcher}
06-27 11:20:45.290  1116  1638 I ActivityManager: Killing 5203:com.google.android.contacts/u0a26 (adj 906): empty #17
06-27 11:20:45.783  1116  1126 I ActivityManager: START u0 {act=android.intent.action.MAIN cat=[android.intent.category.LAUNCHER] flg=0x10200000 cmp=com.google.android.apps.messaging/.ui.ConversationListActivity bnds=[237,1479][439,1663]} from uid 10052
06-27 11:20:45.850  1116  1141 E BatteryExternalStatsWorker: no controller energy info supplied for bluetooth
06-27 11:20:46.196  1116  2867 D CountryDetector: The first listener is added
06-27 11:20:46.358  1116  1670 I SoundTriggerService: deleteSoundModel(): id = 9f6ad62a-1f0b-11e7-87c5-40a8f03d3f15
06-27 11:20:46.358  1116  1670 W SoundTriggerHelper: Unload error: Attempting unload invalid generic model with id:9f6ad62a-1f0b-11e7-87c5-40a8f03d3f15
06-27 11:20:46.402  1617  1617 W ContextImpl: Calling a method in the system process without a qualified user: android.app.ContextImpl.startService:1476 android.content.ContextWrapper.startService:650 android.content.ContextWrapper.startService:650 com.qualcomm.qti.uceShimService.RCSReceiver.onReceive:30 android.app.ActivityThread.handleReceiver:3187 
06-27 11:20:46.404  1116  3007 W BroadcastQueue: Permission Denial: receiving Intent { act=android.intent.action.BOOT_COMPLETED flg=0x9000010 (has extras) } to com.google.android.apps.docs.editors.docs/com.google.android.apps.docs.notification.common.NotificationChannelReceiver requires android.permission.RECEIVE_BOOT_COMPLETED due to sender null (uid 1000)
06-27 11:20:46.415  1116  1138 I ActivityManager: Start proc 6041:com.google.android.apps.fireball/u0a124 for broadcast com.google.android.apps.fireball/.receiver.BootReceiver_Receiver
06-27 11:20:46.424  1298  1298 I imsrcsd : UceServiceImpl linking to death listener[0x7ba0c76000], cookie[34797921979334656]
06-27 11:20:46.424  1298  1298 I imsrcsd : UceServiceImpl linking 01
06-27 11:20:46.424  1298  1298 I imsrcsd : UceServiceImpl linking 02
06-27 11:20:46.424  1298  1298 I imsrcsd : UceServiceImpl linking 03
06-27 11:20:46.428  1617  1732 W ContextImpl: Calling a method in the system process without a qualified user: android.app.ContextImpl.sendStickyBroadcast:1232 android.content.ContextWrapper.sendStickyBroadcast:557 com.qualcomm.qti.uceShimService.RCSService.startService:200 com.qualcomm.qti.uceShimService.RCSService.-wrap0:0 com.qualcomm.qti.uceShimService.RCSService$1.onRegistration:102 
06-27 11:20:46.439  1298  1298 I imsrcsd : PresListener: new instance [0x7ba0c368c0]
06-27 11:20:46.439  1298  1298 I imsrcsd : UceServiceImpl presence service Listener[0x7ba0c368c0]
06-27 11:20:46.977  1116  2867 I ActivityManager: Start proc 6088:com.google.android.apps.magazines/u0a154 for broadcast com.google.android.apps.magazines/com.google.apps.dots.android.newsstand.receiver.BootReceiver
06-27 11:20:46.977  1116  2867 I ActivityManager: Killing 5233:com.google.android.deskclock/u0a97 (adj 906): empty #17
06-27 11:20:47.290  1116  3007 D ConnectivityService: requestNetwork for uid/pid:10154/6088 NetworkRequest [ TRACK_DEFAULT id=30, [ Capabilities: INTERNET&NOT_RESTRICTED&TRUSTED&NOT_VPN] ]
06-27 11:20:47.581  1116  1427 I ActivityManager: Start proc 6131:com.google.android.apps.tachyon/u0a128 for broadcast com.google.android.apps.tachyon/.BootReceiver
06-27 11:20:47.583  1116  1680 I ActivityManager: Killing 2148:com.google.android.dialer/u0a16 (adj 906): empty #17
06-27 11:20:47.945  1116  1680 I ActivityManager: Start proc 6181:com.google.android.apps.walletnfcrel/u0a125 for broadcast com.google.android.apps.walletnfcrel/com.google.android.libraries.notifications.entrypoints.bootcompleted.BootCompletedReceiver
06-27 11:20:47.945  1116  2867 I ActivityManager: Killing 5302:com.google.android.hardwareinfo/u0a64 (adj 906): empty #17
06-27 11:20:48.534  1116  1427 D ConnectivityService: Returning BLOCKED NetworkInfo to uid=10125
06-27 11:20:48.566  1298  1310 I imsrcsd : PresListener: ListenerCmdStatus: Start
06-27 11:20:48.566  1298  1310 I imsrcsd : PresListener: ListenerCmdStatus: Start 01
06-27 11:20:48.566  1298  1310 I imsrcsd : PresListener: ListenerCmdStatus: End
06-27 11:20:48.766  1116  2868 I ActivityManager: Killing 3577:com.google.android.play.games.ui/u0a23 (adj 906): empty #17
06-27 11:20:48.789  1116  3007 I ActivityManager: Start proc 6224:com.google.android.keep/u0a129 for broadcast com.google.android.keep/.notification.ReminderNotificationReceiver
06-27 11:20:48.848  1116  2504 I ActivityManager: Killing 3368:com.google.android.gm/u0a91 (adj 906): empty #17
06-27 11:20:48.948  1116  1684 I ActivityManager: START u0 {flg=0x4000001 cmp=com.google.android.apps.messaging/.ui.conversation.ConversationActivity (has extras)} from uid 10100
06-27 11:20:49.027  1116  1659 I ActivityManager: Start proc 6258:com.google.android.vr.home/u0a126 for broadcast com.google.android.vr.home/com.google.android.apps.vr.home.app.BootCompleteReceiver
06-27 11:20:49.027  1116  1427 I ActivityManager: Killing 5287:com.android.chrome/u0a87 (adj 906): empty #17
06-27 11:20:49.190  1116  1679 I ActivityManager: Start proc 6279:com.google.android.tts/u0a84 for service com.google.android.tts/.service.GoogleTTSService
06-27 11:20:49.234  6258  6258 W PackageParser: No actions in intent filter at /data/user/0/com.google.android.vr.home/files/gcs_daydream_welcome.apk Binary XML file line #37
06-27 11:20:49.302  1116  1426 W BroadcastQueue: Permission Denial: receiving Intent { act=android.intent.action.BOOT_COMPLETED flg=0x9000010 (has extras) } to com.hbo.hbonow/com.hbo.go.BootupActivity requires android.permission.RECEIVE_BOOT_COMPLETED due to sender null (uid 1000)
06-27 11:20:49.303  1116  1426 I ActivityManager: Killing 5375:com.android.keychain/1000 (adj 906): empty #17
06-27 11:20:49.303  1116  1426 I ActivityManager: Killing 5331:com.google.android.imaging.easel.service/u0a79 (adj 906): empty #18
06-27 11:20:49.315  1116  1138 I ActivityManager: Start proc 6299:com.infonow.bofa/u0a140 for broadcast com.infonow.bofa/bofa.android.mobilecore.security.geofraud.receiver.BacRebootReceiver
06-27 11:20:49.409  1298  1310 I imsrcsd : PresListener: ListenerSipRespReceived: Start
06-27 11:20:49.409  1298  1310 I imsrcsd : PresListener: ListenerSipRespReceived: Start 01
06-27 11:20:49.409  1298  1310 I imsrcsd : PresListener: ListenerSipRespReceived: Start 02
06-27 11:20:49.409  1298  1310 I imsrcsd : PresListener: ListenerSipRespReceived: Start 03
06-27 11:20:49.409  1298  1310 I imsrcsd : PresListener: ListenerSipRespReceived: Start 04
06-27 11:20:49.409  1298  1310 I imsrcsd : PresListener: ListenerSipRespReceived: pSipResponse->reasonPhrase[METHOD NOT ALLOWED]
06-27 11:20:49.409  1298  1310 I imsrcsd : PresListener: ListenerSipRespReceived: Start 06
06-27 11:20:49.409  1298  1310 I imsrcsd : PresListener: ListenerSipRespReceived: Start 07
06-27 11:20:49.409  1298  1310 I imsrcsd : PresListener: ListenerSipRespReceived: Start 08
06-27 11:20:49.409  1298  1310 I imsrcsd : PresListener: ListenerSipRespReceived: Start End
06-27 11:20:49.695  1116  1684 I ActivityManager: Killing 5563:com.google.android.onetimeinitializer/u0a3 (adj 906): empty #17
06-27 11:20:49.746  1116  1670 D ConnectivityService: Returning BLOCKED NetworkInfo to uid=10140
06-27 11:20:49.793  1116  1670 I ActivityManager: Start proc 6336:com.android.chrome:sandboxed_process0/u0i2 for webview_service com.infonow.bofa/org.chromium.content.app.SandboxedProcessService0
06-27 11:20:49.880  1116  1684 I ActivityManager: Killing 5473:com.google.android.gms.ui/u0a23 (adj 906): empty #17
06-27 11:20:49.978  1116  1659 I ActivityManager: Start proc 6372:com.infonow.bofa:remote/u0a140 for service com.infonow.bofa/bofa.android.mobilecore.security.geofraud.GeoLocationService
06-27 11:20:49.989  1116  1659 I ActivityManager: Start proc 6385:com.instagram.android/u0a166 for broadcast com.instagram.android/com.instagram.push.fbns.FbnsInitBroadcastReceiver
06-27 11:20:49.991  1116  1127 I ActivityManager: Killing 3008:com.google.android.partnersetup/u0a47 (adj 906): empty #17
06-27 11:20:49.991  1116  1127 I ActivityManager: Killing 5600:com.google.android.packageinstaller/u0a18 (adj 906): empty #18
06-27 11:20:50.838  1116  1127 I ActivityManager: Start proc 6476:com.instagram.android:mqtt/u0a166 for service com.instagram.android/com.facebook.rti.push.service.FbnsService
06-27 11:20:50.851  1116  1427 I ActivityManager: Start proc 6492:com.socialbicycles.app/u0a164 for broadcast com.socialbicycles.app/org.altbeacon.beacon.startup.StartupBroadcastReceiver
06-27 11:20:51.010  1116  1127 I ActivityManager: Start proc 6513:com.instagram.android:videoplayer/u0a166 for service com.instagram.android/com.facebook.video.heroplayer.service.HeroService
06-27 11:20:51.018  1116  1427 I ActivityManager: Killing 5653:com.google.android.storagemanager/u0a17 (adj 906): empty #17
06-27 11:20:51.557  1116  1426 I ActivityManager: Killing 5686:com.google.process.gapps/u0a90 (adj 906): empty #17
06-27 11:20:51.624  1116  2867 D ConnectivityService: Returning BLOCKED NetworkInfo to uid=10164
06-27 11:20:51.633  1116  1426 I ActivityManager: Start proc 6588:com.yelp.android/u0a142 for broadcast com.yelp.android/.services.BootReceiver
06-27 11:20:51.634  1116  1426 I ActivityManager: Killing 5714:com.google.android.videos/u0a82 (adj 906): empty #17
06-27 11:20:53.038  1116  2867 W ActivityManager: Permission Denial: Accessing service ComponentInfo{com.google.android.music/com.google.android.music.dial.DialMediaRouteProviderService} from pid=3571, uid=10170 that is not exported from uid 10103
06-27 11:20:53.114  1116  1116 I Telecom : DefaultDialerCache: Refreshing default dialer for user 0: now com.google.android.dialer: DDC.oR@AJA
06-27 11:20:53.515  1116  3007 I ActivityManager: Start proc 6735:io.getdelta.android/u0a165 for broadcast io.getdelta.android/com.transistorsoft.tsbackgroundfetch.BootReceiver
06-27 11:20:53.515  1116  1127 I ActivityManager: Killing 5778:com.android.vending:instant_app_installer/u0a37 (adj 906): empty #17
06-27 11:20:54.012  1116  2867 I ActivityManager: Start proc 6790:org.telegram.messenger/u0a132 for broadcast org.telegram.messenger/.AppStartReceiver
06-27 11:20:54.013  1116  3007 I ActivityManager: Killing 5835:com.google.android.youtube/u0a86 (adj 906): empty #17
06-27 11:20:54.085  1116  3007 D ConnectivityService: ConnectivityService NetworkRequestInfo binderDied(NetworkRequest [ LISTEN id=29, [ Capabilities: INTERNET&NOT_RESTRICTED&TRUSTED&FOREGROUND] ], android.os.BinderProxy@9c5b4ed)
06-27 11:20:54.096  6588  6671 E ActivityThread: Failed to find provider info for com.facebook.katana.provider.AttributionIdProvider
06-27 11:20:54.306  1116  2866 I ActivityManager: Finished processing BOOT_COMPLETED for u0
06-27 11:20:54.306  1116  2866 I ActivityManager: Killing 6041:com.google.android.apps.fireball/u0a124 (adj 906): empty #17
06-27 11:20:54.319  1116  1638 I ActivityManager: Start proc 6817:com.android.sdm.plugins.sprintdm/1001 for broadcast com.android.sdm.plugins.sprintdm/.SprintDMReceiver
06-27 11:20:54.387  1116  1638 I ActivityManager: Start proc 6836:com.android.settings/1000 for broadcast com.android.settings/.sim.SimSelectNotification
06-27 11:20:54.393  1116  1638 I ActivityManager: Killing 6088:com.google.android.apps.magazines/u0a154 (adj 906): empty #17
06-27 11:20:54.462  1116  1638 D ConnectivityService: ConnectivityService NetworkRequestInfo binderDied(NetworkRequest [ TRACK_DEFAULT id=30, [ Capabilities: INTERNET&NOT_RESTRICTED&TRUSTED&NOT_VPN] ], android.os.BinderProxy@d3644a0)
06-27 11:20:54.463  1116  1304 D ConnectivityService: releasing NetworkRequest [ TRACK_DEFAULT id=30, [ Capabilities: INTERNET&NOT_RESTRICTED&TRUSTED&NOT_VPN] ] (release request)
06-27 11:20:54.470  1116  2866 I ActivityManager: Start proc 6854:com.google.android.carriersetup/u0a56 for broadcast com.google.android.carriersetup/.VzwActivationReceiver
06-27 11:20:54.473  1116  1426 I ActivityManager: Killing 6131:com.google.android.apps.tachyon/u0a128 (adj 906): empty #17
06-27 11:20:54.526  1116  2866 I ActivityManager: Killing 6181:com.google.android.apps.walletnfcrel/u0a125 (adj 906): empty #17
06-27 11:20:54.531  1116  1427 D ConnectivityService: ConnectivityService NetworkRequestInfo binderDied(NetworkRequest [ LISTEN id=31, [ Capabilities: INTERNET&NOT_RESTRICTED&TRUSTED] ], android.os.BinderProxy@cc42859)
06-27 11:20:54.555  1116  1426 I ActivityManager: Start proc 6871:com.google.android.wfcactivation/u0a31 for broadcast com.google.android.wfcactivation/.VzwVoWiFiReceiver
06-27 11:20:54.611  1116  2866 I ActivityManager: Killing 6224:com.google.android.keep/u0a129 (adj 906): empty #17
06-27 11:20:54.636  1116  1126 W ActivityManager: Background start not allowed: service Intent { cmp=org.telegram.messenger/.NotificationsService } to org.telegram.messenger/.NotificationsService from pid=6790 uid=10132 pkg=org.telegram.messenger
06-27 11:20:54.641  1116  2866 W ActivityManager: Background start not allowed: service Intent { cmp=org.telegram.messenger/.NotificationsService } to org.telegram.messenger/.NotificationsService from pid=6790 uid=10132 pkg=org.telegram.messenger
06-27 11:20:54.697  1116  1138 I ActivityManager: Waited long enough for: ServiceRecord{d2045ec u0 com.google.android.apps.turbo/.nudges.battery.BatteryChangedService}
06-27 11:20:54.724  1116  1279 I ActivityManager: START u0 {act=android.intent.action.MAIN cat=[android.intent.category.HOME] flg=0x10200000 cmp=com.google.android.apps.nexuslauncher/.NexusLauncherActivity (has extras)} from uid 1000
06-27 11:20:54.778  1116  1138 I ActivityManager: Waited long enough for: ServiceRecord{2309333 u0 com.amazon.mp3/.service.job.JobService}
06-27 11:20:54.863  1116  1141 E BatteryExternalStatsWorker: no controller energy info supplied for bluetooth
06-27 11:20:54.959  1116  1684 I ActivityManager: Start proc 6918:com.google.android.youtube/u0a86 for service com.google.android.youtube/com.google.android.libraries.youtube.common.gcore.gcoreclient.gcm.impl.GcmTaskServiceDelegator
06-27 11:20:55.018  1116  1586 I SoundTriggerHelper: startRecognition successful.
06-27 11:20:55.809  1116  1684 I ActivityManager: Start proc 7018:com.android.cellbroadcastreceiver/u0a20 for broadcast com.android.cellbroadcastreceiver/.CellBroadcastReceiver
06-27 11:20:55.888  1116  1638 I ActivityManager: Start proc 7038:com.google.android.carrier/u0a12 for broadcast com.google.android.carrier/.CarrierSettingsReceiver
06-27 11:20:55.899  1116  1586 I ActivityManager: Start proc 7051:com.google.android.dialer/u0a16 for service com.google.android.dialer/com.android.voicemail.impl.OmtpService
06-27 11:20:55.969  1116  1684 I ActivityManager: Killing 5822:com.google.vr.vrcore/u0a95 (adj 906): empty #17
06-27 11:20:55.980  1116  1684 I ActivityManager: Killing 6258:com.google.android.vr.home/u0a126 (adj 906): empty #17
06-27 11:20:56.053  1116  1586 I ActivityManager: Killing 6299:com.infonow.bofa/u0a140 (adj 906): empty #17
06-27 11:20:56.110  1116  1586 I ActivityManager: Start proc 7095:com.google.android.calendar/u0a72 for broadcast com.google.android.calendar/com.google.android.apps.calendar.config.phenotypesupport.firebase.PhenotypeBroadcastReceiver
06-27 11:20:56.132  1116  1127 D ConnectivityService: ConnectivityService NetworkRequestInfo binderDied(NetworkRequest [ LISTEN id=33, [ Capabilities: INTERNET&NOT_RESTRICTED&TRUSTED] ], android.os.BinderProxy@41cb5f8)
06-27 11:20:56.134  1116  2868 I ActivityManager: Killing 6336:com.android.chrome:sandboxed_process0/u0a140i2 (adj 0): isolated not needed
06-27 11:20:56.167  1116  1141 D KernelUidCpuTimeReader: Removing uids 99002-99002
06-27 11:20:56.200  1116  1116 I ActivityManager: Start proc 7114:com.google.android.apps.tachyon/u0a128 for service com.google.android.apps.tachyon/.jobs.NativeJobSchedulerJobService
06-27 11:20:56.362  1116  1679 I ActivityManager: Start proc 7181:com.google.android.gm/u0a91 for broadcast com.google.android.gm/.widget.GmailWidgetProvider
06-27 11:20:56.483  1116  1638 I ActivityManager: Killing 6492:com.socialbicycles.app/u0a164 (adj 906): empty #17
06-27 11:20:56.613  7181  7181 D ActivityThread: Loading provider com.google.android.gm.sapi: com.google.android.gm.sapi.SapiUiProvider
06-27 11:20:56.904  1116  1638 I ActivityManager: Killing 6588:com.yelp.android/u0a142 (adj 906): empty #17
06-27 11:20:56.933  1116  1684 D ConnectivityService: ConnectivityService NetworkRequestInfo binderDied(NetworkRequest [ LISTEN id=36, [ Capabilities: INTERNET&NOT_RESTRICTED&TRUSTED&NOT_VPN&FOREGROUND] ], android.os.BinderProxy@2133448)
06-27 11:20:56.995  1116  2867 I ActivityManager: Start proc 7252:com.google.android.apps.maps/u0a78 for broadcast com.google.android.apps.maps/com.google.android.gms.gcm.GcmReceiver
06-27 11:20:58.779  1116  2504 W ActivityManager: Unable to start service Intent { act=com.google.firebase.MESSAGING_EVENT pkg=com.google.android.apps.maps } U=0: not found
06-27 11:20:58.951  1116  2492 I ActivityManager: Start proc 7385:com.duolingo/u0a173 for broadcast com.duolingo/com.google.android.gms.gcm.GcmReceiver
06-27 11:20:59.949  1116  2492 W ActivityManager: Background start not allowed: service Intent { act=com.google.firebase.INSTANCE_ID_EVENT pkg=com.duolingo cmp=com.duolingo/com.google.firebase.iid.FirebaseInstanceIdService (has extras) } to com.duolingo/com.google.firebase.iid.FirebaseInstanceIdService from pid=7385 uid=10173 pkg=com.duolingo
06-27 11:21:00.786  1116  2867 W ActivityManager: Unable to start service Intent { act=com.google.firebase.MESSAGING_EVENT pkg=com.duolingo } U=0: not found
06-27 11:21:00.797  1116  2867 I ActivityManager: Start proc 7540:com.google.android.apps.magazines/u0a154 for broadcast com.google.android.apps.magazines/com.google.android.gms.gcm.GcmReceiver
06-27 11:21:00.798  1116  2867 I ActivityManager: Killing 6790:org.telegram.messenger/u0a132 (adj 906): empty #17
06-27 11:21:00.799  1116  2867 I ActivityManager: Killing 6735:io.getdelta.android/u0a165 (adj 906): empty #18
06-27 11:21:00.936  7385  7506 E ActivityThread: Failed to find provider info for com.facebook.katana.provider.AttributionIdProvider
06-27 11:21:01.080  1116  1638 D ConnectivityService: requestNetwork for uid/pid:10154/7540 NetworkRequest [ TRACK_DEFAULT id=40, [ Capabilities: INTERNET&NOT_RESTRICTED&TRUSTED&NOT_VPN] ]
06-27 11:21:01.714  1116  2492 I ActivityManager: Killing 6817:com.android.sdm.plugins.sprintdm/1001 (adj 906): empty #17
06-27 11:21:04.603  1116  1116 I ActivityManager: Killing 3826:com.amazon.avod.thirdpartyclient/u0a160 (adj 906): empty #17
06-27 11:21:04.603  1116  1116 I ActivityManager: Killing 4009:com.android.chrome:sandboxed_process0/u0a160i0 (adj 906): empty #18
06-27 11:21:04.659  1116  1116 I ActivityManager: Killing 4072:com.amazon.mShop.android.shopping/u0a136 (adj 906): empty #17
06-27 11:21:04.660  1116  1116 I ActivityManager: Killing 4268:com.android.chrome:sandboxed_process0/u0a136i1 (adj 906): empty #18
06-27 11:21:04.660  1116  1426 D ConnectivityService: ConnectivityService NetworkRequestInfo binderDied(NetworkRequest [ LISTEN id=20, [ Capabilities: INTERNET&NOT_RESTRICTED&TRUSTED] ], android.os.BinderProxy@cea935)
06-27 11:21:04.663  1116  3005 W ActivityManager: Exception when unbinding service com.amazon.avod.thirdpartyclient/org.chromium.content.app.SandboxedProcessService0
06-27 11:21:04.663  1116  3005 W ActivityManager: android.os.DeadObjectException
06-27 11:21:04.663  1116  3005 W ActivityManager: 	at android.os.BinderProxy.transactNative(Native Method)
06-27 11:21:04.663  1116  3005 W ActivityManager: 	at android.os.BinderProxy.transact(Binder.java:764)
06-27 11:21:04.663  1116  3005 W ActivityManager: 	at android.app.IApplicationThread$Stub$Proxy.scheduleUnbindService(IApplicationThread.java:1508)
06-27 11:21:04.663  1116  3005 W ActivityManager: 	at com.android.server.am.ActiveServices.removeConnectionLocked(ActiveServices.java:2652)
06-27 11:21:04.663  1116  3005 W ActivityManager: 	at com.android.server.am.ActiveServices.killServicesLocked(ActiveServices.java:3051)
06-27 11:21:04.663  1116  3005 W ActivityManager: 	at com.android.server.am.ActivityManagerService.cleanUpApplicationRecordLocked(ActivityManagerService.java:18048)
06-27 11:21:04.663  1116  3005 W ActivityManager: 	at com.android.server.am.ActivityManagerService.handleAppDiedLocked(ActivityManagerService.java:5274)
06-27 11:21:04.663  1116  3005 W ActivityManager: 	at com.android.server.am.ActivityManagerService.appDiedLocked(ActivityManagerService.java:5464)
06-27 11:21:04.663  1116  3005 W ActivityManager: 	at com.android.server.am.ActivityManagerService$AppDeathRecipient.binderDied(ActivityManagerService.java:1626)
06-27 11:21:04.663  1116  3005 W ActivityManager: 	at android.os.BinderProxy.sendDeathNotice(Binder.java:844)
06-27 11:21:04.683  1116  1141 D KernelUidCpuTimeReader: Removing uids 99000-99000
06-27 11:21:04.683  1116  1684 W ActivityManager: Scheduling restart of crashed service com.amazon.mShop.android.shopping/org.chromium.content.app.SandboxedProcessService0 in 1000ms
06-27 11:21:04.685  1116  1141 E KernelUidCpuTimeReader: Malformed cpu data for UID=99001!
06-27 11:21:04.685  1116  1141 E KernelUidCpuTimeReader: Time between reads: +19ms
06-27 11:21:04.685  1116  1141 E KernelUidCpuTimeReader: Previous times: u=+36ms s=+43ms
06-27 11:21:04.685  1116  1141 E KernelUidCpuTimeReader: Current times: u=+23ms s=+23ms
06-27 11:21:04.685  1116  1141 E KernelUidCpuTimeReader: Delta: u=-13ms s=-20ms
06-27 11:21:04.689  1116  1126 D ConnectivityService: ConnectivityService NetworkRequestInfo binderDied(NetworkRequest [ LISTEN id=24, [ Capabilities: INTERNET&NOT_RESTRICTED&TRUSTED&FOREGROUND] ], android.os.BinderProxy@7f35f3b)
06-27 11:21:04.689  1116  1679 D ConnectivityService: ConnectivityService NetworkRequestInfo binderDied(NetworkRequest [ LISTEN id=23, [ Capabilities: INTERNET&NOT_RESTRICTED&TRUSTED&FOREGROUND] ], android.os.BinderProxy@c45b658)
06-27 11:21:04.701  1116  1141 D KernelUidCpuTimeReader: Removing uids 99001-99001
06-27 11:21:04.705  1116  1126 I ActivityManager: Killing 4849:com.amazon.kindle/u0a143 (adj 906): empty #17
06-27 11:21:04.706  1116  2867 I ActivityManager: Killing 6836:com.android.settings/1000 (adj 906): empty #17
06-27 11:21:04.979  1116  1138 I ActivityManager: Waited long enough for: ServiceRecord{7d46cc2 u0 com.infonow.bofa/bofa.android.mobilecore.security.geofraud.GeoLocationService}
06-27 11:21:05.703  1116  1287 D NetworkStats: Resolving plan for NetworkTemplate: matchRule=MOBILE_ALL, subscriberId=310120..., matchSubscriberIds=[310120..., 310260...]
06-27 11:21:05.710  1116  1287 D NetworkStats: Found active matching subId 1
06-27 11:21:05.717  1116  1287 D NetworkStats: Resolved to plan null
06-27 11:21:06.073  1116  1684 I ActivityManager: Start proc 7670:com.google.android.gms.ui/u0a23 for service com.google.android.gms/.chimera.UiIntentOperationService
06-27 11:21:06.096  1116  1280 I PowerManagerService: Going to sleep due to power button (uid 1000)...
06-27 11:21:06.101  1116  1116 V FingerprintService: startAuthentication(com.android.systemui)
06-27 11:21:06.101  1116  1116 V FingerprintService: starting client AuthenticationClient(com.android.systemui), initiatedByClient = true)
06-27 11:21:06.109  1116  1116 W FingerprintService: client com.android.systemui is authenticating...
06-27 11:21:06.235  1116  1684 I ActivityManager: Start proc 7692:com.android.connectivity.metrics/u0a29 for broadcast com.android.connectivity.metrics/.SnapshotSchedulingReceiver
06-27 11:21:06.370  1116  2866 W ActivityManager: Unable to start service Intent { cmp=com.google.android.gms/.analytics.service.RefreshEnabledStateService } U=0: not found
06-27 11:21:06.401  1116  1680 I ActivityManager: Start proc 7726:com.google.android.partnersetup/u0a47 for broadcast com.google.android.partnersetup/.RlzPingBroadcastReceiver
06-27 11:21:06.551  1116  1164 I DisplayPowerController: Blocking screen off
06-27 11:21:06.551  1116  1164 I DisplayPowerController: Unblocked screen off after 0 ms
06-27 11:21:06.561  1116  1164 E KernelUidCpuTimeReader: Malformed cpu data for UID=10136!
06-27 11:21:06.561  1116  1164 E KernelUidCpuTimeReader: Time between reads: +1s872ms
06-27 11:21:06.561  1116  1164 E KernelUidCpuTimeReader: Previous times: u=+1s793ms s=+406ms
06-27 11:21:06.561  1116  1164 E KernelUidCpuTimeReader: Current times: u=+1s460ms s=+280ms
06-27 11:21:06.561  1116  1164 E KernelUidCpuTimeReader: Delta: u=-333ms s=-126ms
06-27 11:21:06.598  1116  1162 I DisplayManagerService: Display device changed state: "Built-in Screen", OFF
06-27 11:21:06.697  1116  1586 I ActivityManager: Killing 6854:com.google.android.carriersetup/u0a56 (adj 906): empty #17
06-27 11:21:06.704  1116  2621 I SoundTriggerService: deleteSoundModel(): id = 9f6ad62a-1f0b-11e7-87c5-40a8f03d3f15
06-27 11:21:06.705  1116  2621 W SoundTriggerHelper: Unload error: Attempting unload invalid generic model with id:9f6ad62a-1f0b-11e7-87c5-40a8f03d3f15
06-27 11:21:06.804  1116  1164 I DreamManagerService: Entering dreamland.
06-27 11:21:06.804  1116  1164 I PowerManagerService: Dozing...
06-27 11:21:06.805  1116  1160 I DreamController: Starting dream: name=ComponentInfo{com.android.systemui/com.android.systemui.doze.DozeService}, isTest=false, canDoze=true, userId=0
06-27 11:21:06.828  1116  2868 I ActivityManager: Start proc 7759:com.google.android.apps.walletnfcrel/u0a125 for broadcast com.google.android.apps.walletnfcrel/com.google.commerce.tapandpay.android.security.storagekey.StorageKeyReceiver
06-27 11:21:06.830  1116  2868 I ActivityManager: Killing 6871:com.google.android.wfcactivation/u0a31 (adj 906): empty #17
06-27 11:21:06.902  1116  1164 I DisplayPowerController: Blocking screen on until initial contents have been drawn.
06-27 11:21:06.903  1116  1162 I DisplayManagerService: Display device changed state: "Built-in Screen", DOZE
06-27 11:21:06.953  1116  1137 D ConnectivityService: requestNetwork for uid/pid:1000/1116 NetworkRequest [ REQUEST id=41, legacyType=3, [ Transports: CELLULAR Capabilities: SUPL&NOT_RESTRICTED&TRUSTED&NOT_VPN] ]
06-27 11:21:06.954  1116  1304 D ConnectivityService: Sending CONNECTED broadcast for type 3 NetworkAgentInfo [MOBILE (LTE) - 103] isDefaultNetwork=false
06-27 11:21:06.964  1116  1137 D ConnectivityService: Adding legacy route 0.0.0.0/32 -> 192.0.0.4 v4-rmnet_data0 for UID/PID 1000/1116
06-27 11:21:06.965  1116  1137 D ConnectivityService: requestRouteToHostAddress ok=true
06-27 11:21:06.966  1116  1304 D ConnectivityService: releasing NetworkRequest [ REQUEST id=41, legacyType=3, [ Transports: CELLULAR Capabilities: SUPL&NOT_RESTRICTED&TRUSTED&NOT_VPN] ] (release request)
06-27 11:21:06.966  1116  1304 D ConnectivityService: Sending DISCONNECTED broadcast for type 3 NetworkAgentInfo [MOBILE (LTE) - 103] isDefaultNetwork=false
06-27 11:21:07.111  1116  1164 I DisplayPowerController: Unblocked screen on after 208 ms
06-27 11:21:07.600  1116  1586 I ActivityManager: Killing 6513:com.instagram.android:videoplayer/u0a166 (adj 906): empty #17
06-27 11:21:07.624  1116  1586 W ActivityManager: Scheduling restart of crashed service com.instagram.android/com.facebook.video.heroplayer.service.HeroService in 1000ms
06-27 11:21:07.637  1116  1586 I ActivityManager: Start proc 7813:com.instagram.android:videoplayer/u0a166 for service com.instagram.android/com.facebook.video.heroplayer.service.HeroService
06-27 11:21:07.649  1116  1684 I ActivityManager: Start proc 7826:com.yelp.android/u0a142 for broadcast com.yelp.android/.services.blt.FusedLocationProviderBroadcastReceiver
06-27 11:21:07.735  1116  1164 I DisplayPowerController: Blocking screen off
06-27 11:21:07.736  1116  1164 I DisplayPowerController: Unblocked screen off after 1 ms
06-27 11:21:07.736  1116  1162 I DisplayManagerService: Display device changed state: "Built-in Screen", OFF
06-27 11:21:07.754  1116  1164 I DisplayPowerController: Blocking screen on until initial contents have been drawn.
06-27 11:21:07.867  1116  1586 I ActivityManager: Killing 6385:com.instagram.android/u0a166 (adj 906): empty #17
06-27 11:21:07.964  1116  1162 I DisplayManagerService: Display device changed state: "Built-in Screen", ON
06-27 11:21:07.972  1116  1164 I DisplayPowerController: Unblocked screen on after 218 ms
06-27 11:21:09.273  1116  2866 I ActivityManager: Killing 3401:com.google.android.apps.docs/u0a108 (adj 906): empty #17
06-27 11:21:09.334  1116  1127 I ActivityManager: Killing 7114:com.google.android.apps.tachyon/u0a128 (adj 906): empty #17
06-27 11:21:09.362  1116  2866 D ConnectivityService: ConnectivityService NetworkRequestInfo binderDied(NetworkRequest [ LISTEN id=38, [ Capabilities: INTERNET&NOT_RESTRICTED&TRUSTED] ], android.os.BinderProxy@89f7eb9)
06-27 11:21:09.422  7826  7917 E ActivityThread: Failed to find provider info for com.facebook.katana.provider.AttributionIdProvider
06-27 11:21:10.895  1116  3007 I SoundTriggerService: deleteSoundModel(): id = 9f6ad62a-1f0b-11e7-87c5-40a8f03d3f15
06-27 11:21:10.895  1116  3007 W SoundTriggerHelper: Unload error: Attempting unload invalid generic model with id:9f6ad62a-1f0b-11e7-87c5-40a8f03d3f15
06-27 11:21:10.914  1116  1680 I ActivityManager: Start proc 7990:com.google.android.apps.tachyon/u0a128 for broadcast com.google.android.apps.tachyon/.util.pheno.PhenotypeBroadcastReceiver
06-27 11:21:10.932  1116  1304 D ConnectivityService: releasing NetworkRequest [ REQUEST id=22, [ Transports: CELLULAR Capabilities: INTERNET&NOT_RESTRICTED&TRUSTED&NOT_VPN] ] (release request)
06-27 11:21:10.968  1116  1138 W BroadcastQueue: Background execution not allowed: receiving Intent { act=com.google.android.systemui.OPA_ENABLED flg=0x10000010 (has extras) } to com.google.android.apps.nexuslauncher/.qsb.OPAStatusReceiver
06-27 11:21:11.455  1116  2504 I ActivityManager: Killing 7018:com.android.cellbroadcastreceiver/u0a20 (adj 906): empty #17
06-27 11:21:12.160  1116  1287 D NetworkStats: Resolving plan for NetworkTemplate: matchRule=MOBILE_ALL, subscriberId=310120..., matchSubscriberIds=[310120..., 310260...]
06-27 11:21:12.161  1116  1287 D NetworkStats: Found active matching subId 1
06-27 11:21:12.164  1116  1287 D NetworkStats: Resolved to plan null
06-27 11:21:15.749  1116  1162 I DisplayManagerService: Display device changed state: "Built-in Screen", DOZE
06-27 11:21:16.179  1116  1138 W BroadcastQueue: Permission Denial: receiving Intent { act=android.intent.action.DROPBOX_ENTRY_ADDED flg=0x10 (has extras) } to ProcessRecord{3e50484 7826:com.yelp.android/u0a142} (pid=7826, uid=10142) requires android.permission.READ_LOGS due to sender android (uid 1000)
06-27 11:21:16.745  2710  2710 E ActivityThread: Service com.android.providers.downloads.DownloadJobService has leaked ServiceConnection android.media.MediaScannerConnection@167d433 that was originally bound here
06-27 11:21:16.745  2710  2710 E ActivityThread: android.app.ServiceConnectionLeaked: Service com.android.providers.downloads.DownloadJobService has leaked ServiceConnection android.media.MediaScannerConnection@167d433 that was originally bound here
06-27 11:21:16.745  2710  2710 E ActivityThread: 	at android.app.LoadedApk$ServiceDispatcher.<init>(LoadedApk.java:1532)
06-27 11:21:16.745  2710  2710 E ActivityThread: 	at android.app.LoadedApk.getServiceDispatcher(LoadedApk.java:1424)
06-27 11:21:16.745  2710  2710 E ActivityThread: 	at android.app.ContextImpl.bindServiceCommon(ContextImpl.java:1605)
06-27 11:21:16.745  2710  2710 E ActivityThread: 	at android.app.ContextImpl.bindService(ContextImpl.java:1557)
06-27 11:21:16.745  2710  2710 E ActivityThread: 	at android.content.ContextWrapper.bindService(ContextWrapper.java:684)
06-27 11:21:16.745  2710  2710 E ActivityThread: 	at android.media.MediaScannerConnection.connect(MediaScannerConnection.java:119)
06-27 11:21:16.745  2710  2710 E ActivityThread: 	at com.android.providers.downloads.DownloadScanner.requestScan(DownloadScanner.java:130)
