06-27 11:25:56.158  1116  1140 W zygote64: kill(-11508, 9) failed: No such process
06-27 11:25:56.166  4038 11408 I Finsky  : [121] com.google.android.finsky.apkprocessor.d.a(2): APK integrity will be verified using [SHA-256] method
06-27 11:25:56.202  1116  1140 W zygote64: kill(-11508, 9) failed: No such process
06-27 11:25:56.202  1116  1140 I zygote64: Successfully killed process cgroup uid 10043 pid 11508 in 50ms
06-27 11:25:56.217  1116  1125 I zygote64: Background concurrent copying GC freed 84228(5MB) AllocSpace objects, 90(1932KB) LOS objects, 42% free, 20MB/36MB, paused 134us total 123.133ms
06-27 11:25:56.222 12343 12343 W ResourceType: No package identifier when getting value for resource number 0x00000000
06-27 11:25:56.230 12343 12379 D NetworkSecurityConfig: No Network Security Config specified, using platform default
06-27 11:25:56.346 12343 12407 I zygote  : Deoptimizing com.squareup.moshi.JsonAdapter com.squareup.moshi.Moshi.a(java.lang.reflect.Type, java.util.Set) due to JIT inline cache
06-27 11:25:56.385  2643  5625 E NetworkScheduler: com.reddit.frontpage requested task be persisted for tag: 'AnalyticsFlushJobService' but does not hold the permission android.permission.RECEIVE_BOOT_COMPLETED. This task won't be persisted.
06-27 11:25:56.389  2643 11937 E NetworkScheduler: com.reddit.frontpage requested task be persisted for tag: 'AnalyticsDispatchJobService' but does not hold the permission android.permission.RECEIVE_BOOT_COMPLETED. This task won't be persisted.
06-27 11:25:56.390  2643 11937 E NetworkScheduler.ATC: Called cancelTask for already completed task com.reddit.frontpage/com.firebase.jobdispatcher.GooglePlayReceiver{u=0 tag="AnalyticsDispatchJobService" trigger=window{start=0s,end=60s,earliest=-2s,latest=57s} requirements=[NET_UNMETERED] attributes=[RECURRING] scheduled=-2s last_run=0s jid=N/A status=PENDING retries=0 client_lib=FIREBASE_JOB_DISPATCHER-1} :RESCHEDULED
06-27 11:25:56.392  2643 11937 E NetworkScheduler: Unknown result code received: 4
06-27 11:25:56.392  2643 11937 W NetworkScheduler: No record of active task com.reddit.frontpage/com.firebase.jobdispatcher.GooglePlayReceiver{u=0 tag="AnalyticsDispatchJobService" trigger=window{start=0s,end=60s,earliest=-2s,latest=57s} requirements=[NET_UNMETERED] attributes=[RECURRING] scheduled=-2s last_run=0s jid=N/A status=PENDING retries=0 client_lib=FIREBASE_JOB_DISPATCHER-1}
06-27 11:25:56.394  2891  3303 I FontsContentProvider: Received query Noto Color Emoji Compat, URI content://com.google.android.gms.fonts
06-27 11:25:56.394  2891  3303 I FontsContentProvider: Query [Noto Color Emoji Compat] resolved to {Noto Color Emoji Compat, wdth 100.0, wght 400, ital 0.0, bestEffort false}
06-27 11:25:56.397  2891  3303 I FontsContentProvider: Fetch {Noto Color Emoji Compat, wdth 100.0, wght 400, ital 0.0, bestEffort false} end status Status{statusCode=SUCCESS, resolution=null}
06-27 11:25:56.405  2891  3273 I FontsContentProvider: Pulling font file for id = 5, cache size = 4
06-27 11:25:56.426  2891  3303 I FontsContentProvider: Pulling font file for id = 5, cache size = 4
06-27 11:25:56.429  1116  1127 I ActivityManager: Killing 9926:com.google.process.gapps/u0a23 (adj 904): empty #17
06-27 11:25:56.430  1116  1140 W zygote64: kill(-9926, 9) failed: No such process
06-27 11:25:56.456  1116  1140 W zygote64: kill(-9926, 9) failed: No such process
06-27 11:25:56.456  1116  1140 I zygote64: Successfully killed process cgroup uid 10023 pid 9926 in 26ms
06-27 11:25:56.607 12343 12348 I zygote  : Do partial code cache collection, code=28KB, data=27KB
06-27 11:25:56.607 12343 12348 I zygote  : After code cache collection, code=23KB, data=24KB
06-27 11:25:56.607 12343 12348 I zygote  : Increasing code cache capacity to 128KB
06-27 11:25:56.663 11384 11424 I EventLogSendingHelper: Sending log events.
06-27 11:25:56.837  2643  3032 I AsyncOpDispatcher: 51-GetConfigurationSnapshotOperationCall
06-27 11:25:56.881  2643  3032 I AsyncOpDispatcher: 51-CommitToConfigurationOperationCall
06-27 11:25:56.901  2643  3032 I AsyncOpDispatcher: 51-GetExperimentTokensOperationCall
06-27 11:25:56.968  2643  3032 I AsyncOpDispatcher: 51-GetConfigurationSnapshotOperationCall
06-27 11:25:56.973  2643  3032 I AsyncOpDispatcher: 51-CommitToConfigurationOperationCall
06-27 11:25:56.979  2643 11937 I AsyncOpDispatcher: 35-GetDeviceDataUploadOptInStatusOperation
06-27 11:25:56.983  2643 12341 I agmv    : Scheduling adaptive one off task with window [14400, 604800] in seconds -- metadata{ service_id: 51 }
06-27 11:25:57.241 12343 12348 I zygote  : Do partial code cache collection, code=63KB, data=45KB
06-27 11:25:57.241 12343 12348 I zygote  : After code cache collection, code=63KB, data=45KB
06-27 11:25:57.241 12343 12348 I zygote  : Increasing code cache capacity to 256KB
06-27 11:25:57.727  1116  1684 I ActivityManager: Killing 11723:com.google.android.apps.maps/u0a78 (adj 904): empty #17
06-27 11:25:57.731  1116  1140 W zygote64: kill(-11723, 9) failed: No such process
06-27 11:25:57.769  1116  1684 D ConnectivityService: ConnectivityService NetworkRequestInfo binderDied(NetworkRequest [ LISTEN id=53, [ Capabilities: INTERNET&NOT_RESTRICTED&TRUSTED&FOREGROUND] ], android.os.BinderProxy@3778c90)
06-27 11:25:57.777  1116  1140 W zygote64: kill(-11723, 9) failed: No such process
06-27 11:25:57.777  1116  1140 I zygote64: Successfully killed process cgroup uid 10078 pid 11723 in 46ms
06-27 11:25:58.744  1617  1731 I QCNEJ/CndHalConnector: -> SND notifyWifiStatusChanged(RatInfo{type=1, subType=101, state=CONNECTED, v4=IfaceAddrPair{iface=wlan0, addr=192.168.86.45}, v6=IfaceAddrPair{iface=, addr=}, timestamp=2018-06-27 11:25:58.743, isAndroidValidated=true, netHandle=438103100126, slotIdx=0} WifiInfo{freq=FIVE_GHz, state=3, ssid=lordwindsorcoffee, bssid=a4:2b:b0:c4:62:78, dns=[192.168.86.1, 0.0.0.0, 0.0.0.0, 0.0.0.0, ]})
06-27 11:25:58.747  1116  1659 I WifiService: getConnectionInfo uid=10007
06-27 11:25:58.748  3441  3441 I CarrierServices: [2] awp.onReceive: TeleWifiMonitor.updateSignalState, (is connected: true, signal level: 99%, link speed: 866Mbps) -> (is connected: true, signal level: 94%, link speed: 780Mbps)
06-27 11:25:58.761  3441  3544 I CarrierServices: [193] bhj.a: FiST: Wifi connectivity status true
06-27 11:25:58.762  3441  3544 I CarrierServices: [193] bho.d: Connected state: [1], networkType: [WIFI]
06-27 11:26:00.969 12343 12357 I zygote  : Waiting for a blocking GC ProfileSaver
06-27 11:26:01.045 12343 12357 I zygote  : Waiting for a blocking GC ProfileSaver
06-27 11:26:01.047 12343 12357 I zygote  : WaitForGcToComplete blocked ProfileSaver on HeapTrim for 78.215ms
06-27 11:26:01.055 12343 12353 I zygote  : WaitForGcToComplete blocked HeapTrim on ProfileSaver for 7.301ms
06-27 11:26:01.665 11384 11532 I EventLogSendingHelper: Sending log events.
06-27 11:26:04.222  4038  4069 I zygote  : Waiting for a blocking GC ProfileSaver
06-27 11:26:04.231  4038  4069 I zygote  : WaitForGcToComplete blocked ProfileSaver on HeapTrim for 8.406ms
06-27 11:26:06.254  4038  7690 I PlayCommon: [99] com.google.android.play.b.g.f(543): Preparing logs for uploading
06-27 11:26:06.255  4038  7690 W PlayCommon: [99] com.google.android.play.b.g.a(214): No account for auth token provided
06-27 11:26:06.256  4038  7690 I PlayCommon: [99] com.google.android.play.b.g.a(791): Connecting to server: https://play.googleapis.com/play/log?format=raw&proto_v2=true
06-27 11:26:06.402  4038  7690 I PlayCommon: [99] com.google.android.play.b.g.a(265): Successfully uploaded logs.
06-27 11:26:06.654   762   815 I VSC     : @ 4786.726: [VSC] Request sensor 131074, sample_duration 0 ms, report_duration 0 ms
06-27 11:26:06.655   762   815 I VSC     : @ 4786.726: [VSC] Stopping sensor events for sensor 65537
06-27 11:26:12.031  1116  1680 I ActivityManager: Killing 11615:com.google.android.GoogleCamera/u0a80 (adj 904): empty #17
06-27 11:26:12.031  1116  1680 I ActivityManager: Killing 11823:com.google.android.contacts/u0a26 (adj 906): empty #18
06-27 11:26:12.032  1116  1140 W zygote64: kill(-11615, 9) failed: No such process
06-27 11:26:12.059  1116  1140 I chatty  : uid=1000(system) ActivityManager identical 1 line
06-27 11:26:12.090  1116  1140 W zygote64: kill(-11615, 9) failed: No such process
06-27 11:26:12.090  1116  1140 I zygote64: Successfully killed process cgroup uid 10080 pid 11615 in 58ms
06-27 11:26:12.090  1116  1140 W zygote64: kill(-11823, 9) failed: No such process
06-27 11:26:12.090  1116  1140 I zygote64: Successfully killed process cgroup uid 10026 pid 11823 in 0ms
06-27 11:26:13.066   762   815 I CHRE    : @ 4793.137: [AR_CHRE] still: 100
06-27 11:26:13.066   762   815 I CHRE    : @ 4793.137: [AR_CHRE] ON => IDLE
06-27 11:26:13.924  2643  5625 W NetworkScheduler.TED: Enforcing binder timeout for ComponentInfo{com.reddit.frontpage/com.firebase.jobdispatcher.GooglePlayReceiver}
06-27 11:26:13.924  2643  5625 E NetworkScheduler.TED: Dropping task as app's play services SDK version does not support Android O. Either update the SDK or lower your app's target SDK version. Canceling all tasks for the service: ComponentInfo{com.reddit.frontpage/com.firebase.jobdispatcher.GooglePlayReceiver}
06-27 11:26:15.458 11384 11384 I BgTaskExecutorImpl: Starting EXCLUSIVE background task PERIODIC_TASK_SYNC_TASK.
06-27 11:26:15.461  4038  4038 I Finsky  : [2] com.google.android.finsky.scheduler.JobSchedulerEngine$PhoneskyJobSchedulerJobService.onStartJob(11): onJobSchedulerWakeup with jobId 9000
06-27 11:26:15.462  4038  4038 I Finsky  : [2] com.google.android.finsky.scheduler.w.a(45): Scheduling fallback job with id: 9034, and delay: 43200000 ms
06-27 11:26:15.464  4038  4038 I Finsky  : [2] com.google.android.finsky.scheduler.w.a(14): Scheduling fallback in 64799999 (absolute: 69592119)
06-27 11:26:15.466  4038  4038 I Finsky  : [2] com.google.android.finsky.scheduler.ad.handleMessage(39): DeviceState: DeviceState{currentTime=1530123975464, isCharging=true, isIdle=false, netAny=true, netNotRoaming=true, netUnmetered=true}
06-27 11:26:15.469 11384 11384 I BgTaskExecutorImpl: Starting PERIODIC background task ADVERTISING_INFO_TASK.
06-27 11:26:15.470  4038  4038 I Finsky  : [2] com.google.android.finsky.scheduler.ba.a(51): Jobs in database: 1-1337 12-1 
06-27 11:26:15.471 11384 11384 I BgTaskExecutorImpl: Starting PERIODIC background task BACKGROUNDRETRY_CACHE_SWEEP.
06-27 11:26:15.474  4038  4038 I Finsky  : [2] com.google.android.finsky.scheduler.y.a(138): Running job: 12-1
06-27 11:26:15.474  4038  4038 I Finsky  : [2] com.google.android.finsky.contentsync.ContentSyncJob.a(37): ContentSyncJob started
06-27 11:26:15.480  4038  4038 I Finsky  : [2] com.google.android.finsky.scheduler.y.a(196): RunningQueue size: 1, PendingQueue size: 0
06-27 11:26:15.480  4038  4038 I Finsky  : [2] com.google.android.finsky.scheduler.y.a(213): Running queue: 12-1 
06-27 11:26:15.492 11384 11384 I BgTaskExecutorImpl: Starting PERIODIC background task CLEAR_DATA_DETECTOR.
06-27 11:26:15.505  1116  2867 I ActivityManager: Start proc 12455:com.google.android.apps.maps/u0a78 for broadcast com.google.android.apps.maps/com.google.android.apps.gmm.transit.TransitStationService
06-27 11:26:15.508 11384 11384 I BgTaskExecutorImpl: Starting PERIODIC background task FETCH_OPT_IN_STATUSES.
06-27 11:26:15.512 11970 12010 W DynamiteModule: Local module descriptor class for com.google.android.gms.googlecertificates not found.
06-27 11:26:15.520 11970 12010 W zygote64: Unsupported class loader
06-27 11:26:15.522 11384 11384 I BgTaskExecutorImpl: Starting PERIODIC background task LOG_ATTEMPTED_SEARCHES_TO_KANSAS.
06-27 11:26:15.524 11384 11384 I BgTaskExecutorImpl: Starting PERIODIC background task MDH_FORCED_SYNC.
06-27 11:26:15.526 11384 11384 I BgTaskExecutorImpl: Starting PERIODIC background task MDH_WIPEOUT.
06-27 11:26:15.534  2643  3326 I AsyncOpDispatcher: 35-GetSettingsCacheOperation
06-27 11:26:15.536 11384 11384 I BgTaskExecutorImpl: Starting PERIODIC background task REFRESH_AUTH_TOKENS.
06-27 11:26:15.539  2643 12454 I AsyncOpDispatcher: 35-GetDeviceDataUploadOptInStatusOperation
06-27 11:26:15.542 11970 12010 W zygote64: Skipping duplicate class check due to unsupported classloader
06-27 11:26:15.549 11384 11534 V MDH     : Opening MDH wipeout table.
06-27 11:26:15.555 11384 11384 I BgTaskExecutorImpl: Starting PERIODIC background task REFRESH_NOW_CONFIGURATION.
06-27 11:26:15.565 11384 11384 I BgTaskExecutorImpl: Starting PERIODIC background task RESTORE_SPEAKER_MODEL.
06-27 11:26:15.570 11384 11384 I BgTaskExecutorImpl: Starting PERIODIC background task UPDATE_GSERVICES_CONFIG.
06-27 11:26:15.578 11384 11384 I BgTaskExecutorImpl: Starting PERIODIC background task UPDATE_LANGUAGE_PACKS.
06-27 11:26:15.578 11384 11424 I GservicesUpdateTask: Updating Gservices keys
06-27 11:26:15.583  1116  1680 I WifiService: getConnectionInfo uid=10045
06-27 11:26:15.584  1116  1680 I WifiService: getWifiEnabledState uid=10045
06-27 11:26:15.584 11384 11384 I BgTaskExecutorImpl: Starting PERIODIC background task UPDATE_LAUNCHER_SHORTCUT.
06-27 11:26:15.588 11384 11384 I BgTaskExecutorImpl: Starting PERIODIC background task UPLOAD_AUDIO_LOGS.
06-27 11:26:15.595 11384 11384 I BgTaskExecutorImpl: Starting PERIODIC background task UPLOAD_HOTWORD_SETTINGS.
06-27 11:26:15.596 11384 11424 I S3UtteranceSender: send account: %s, modelType: %d[will.ha82@gmail.com, OK_GOOGLE]
06-27 11:26:15.596 11384 11424 W S3UtteranceSender: Should not send utterances.
06-27 11:26:15.597 11384 11424 I UploadHwSettingsTask: Uploading hotword settings to server.
06-27 11:26:15.599 11384 11384 I BgTaskExecutorImpl: Starting EXCLUSIVE background task NOW_UPDATE_GCM_REGISTRATION.
06-27 11:26:15.603 11384 11534 W OptInChecker: Missing cached UDC setting for NOW_CARDS
06-27 11:26:15.604  1116  2621 I WifiService: getConnectionInfo uid=10045
06-27 11:26:15.608  1116  2867 I WifiService: getWifiEnabledState uid=10045
06-27 11:26:15.620 11384 11506 W CronetNetworkRqstWrppr: Upload request without a content type.
06-27 11:26:15.628 11970 12010 W zygote64: Unsupported class loader
06-27 11:26:15.657  2643  3035 W Conscrypt: Could not set socket write timeout: java.lang.reflect.InvocationTargetException
06-27 11:26:15.661  2643  3035 W Conscrypt: 	at java.lang.reflect.Method.invoke(Native Method)
06-27 11:26:15.661  2643  3035 W Conscrypt: 	at com.google.android.gms.org.conscrypt.Platform.setSocketWriteTimeout(:com.google.android.gms@12685052@12.6.85 (090400-197041431):13)
06-27 11:26:15.661  2643  3035 W Conscrypt: Caused by: android.system.ErrnoException: setsockopt failed: EBADF (Bad file descriptor)
06-27 11:26:15.661  2643  3035 W Conscrypt: 	at libcore.io.Linux.setsockoptTimeval(Native Method)
06-27 11:26:15.661  2643  3035 W Conscrypt: 	at libcore.io.ForwardingOs.setsockoptTimeval(ForwardingOs.java:175)
06-27 11:26:15.677 11384 11392 E ReloadingLock: Finalizing LOCKED Token[nowcontent 2018-06-27 11:25:51.593]
06-27 11:26:15.696 11970 12010 I zygote64: IncrementDisableThreadFlip blocked for 5.747ms
06-27 11:26:15.714  2643  3035 W Conscrypt: Could not set socket write timeout: java.lang.reflect.InvocationTargetException
06-27 11:26:15.714  2643  3035 W Conscrypt: 	at java.lang.reflect.Method.invoke(Native Method)
06-27 11:26:15.714  2643  3035 W Conscrypt: 	at com.google.android.gms.org.conscrypt.Platform.setSocketWriteTimeout(:com.google.android.gms@12685052@12.6.85 (090400-197041431):13)
06-27 11:26:15.714  2643  3035 W Conscrypt: Caused by: android.system.ErrnoException: setsockopt failed: EBADF (Bad file descriptor)
06-27 11:26:15.715  2643  3035 W Conscrypt: 	at libcore.io.Linux.setsockoptTimeval(Native Method)
06-27 11:26:15.715  2643  3035 W Conscrypt: 	at libcore.io.ForwardingOs.setsockoptTimeval(ForwardingOs.java:175)
06-27 11:26:15.867 12480 12480 W unknown : type=1400 audit(0.0:49): avc: denied { execute } for comm=44756F4267546872656164202332 name="thermal-engine" dev="dm-1" ino=1392 scontext=u:r:untrusted_app_25:s0:c512,c768 tcontext=u:object_r:thermal-engine_exec:s0 tclass=file permissive=0
06-27 11:26:15.877 12482 12482 W unknown : type=1400 audit(0.0:50): avc: denied { execute } for comm=44756F4267546872656164202332 name="thermal-engine" dev="dm-1" ino=1392 scontext=u:r:untrusted_app_25:s0:c512,c768 tcontext=u:object_r:thermal-engine_exec:s0 tclass=file permissive=0
06-27 11:26:15.881 11970 12010 E TachyonQTECP: [038:879] [12010] TachyonQTECP: No valid configuration found.
06-27 11:26:15.887  2643  3035 I AsyncOpDispatcher: 51-RegisterOperationCall
06-27 11:26:15.903  4038  4038 I Finsky  : [2] com.google.android.finsky.m.c.a(21): Completed 1 account content syncs with 1 successful.
06-27 11:26:15.905  4038  4038 I Finsky  : [2] com.google.android.finsky.contentsync.ContentSyncJob.a(5): Installation state replication succeeded.
06-27 11:26:15.906  4038  4038 I Finsky  : [2] com.google.android.finsky.scheduler.ax.b(8): jobFinished: 12-1. TimeElapsed: 431ms
06-27 11:26:15.906  4038  4038 I Finsky  : [2] com.google.android.finsky.scheduler.y.b(38): Job 12-1 finished
06-27 11:26:15.907  4038  4038 I Finsky  : [2] com.google.android.finsky.scheduler.y.a(196): RunningQueue size: 0, PendingQueue size: 0
06-27 11:26:15.907  4038  4038 I Finsky  : [2] com.google.android.finsky.scheduler.ad.handleMessage(78): Executor finished
06-27 11:26:15.907 12455 12477 E zygote64: The String#value field is not present on Android versions >= 6.0
06-27 11:26:15.921  4038  4038 I Finsky  : [2] com.google.android.finsky.scheduler.ba.a(51): Jobs in database: 1-1337 
06-27 11:26:15.925  4038  4038 I Finsky  : [2] com.google.android.finsky.scheduler.h.a(306): ConstraintMapping: 1-1337,  -> L: 23620784ms, D: 110020784ms, C: false, I: false, N: 1
06-27 11:26:15.926  4038  4038 I Finsky  : [2] com.google.android.finsky.scheduler.JobSchedulerEngine.a(155): Scheduling job Id: 9001, L: 23620784, D: 110020784, C: false, I: false, N: 1
06-27 11:26:16.039  1116  1680 I ActivityManager: Start proc 12493:com.google.android.gms.unstable/u0a23 for service com.google.android.gms/.droidguard.DroidGuardService
06-27 11:26:16.070 12493 12493 I zygote64: The ClassLoaderContext is a special shared library.
06-27 11:26:16.071 12493 12493 I chatty  : uid=10023(com.google.android.gms) identical 1 line
06-27 11:26:16.077 12493 12493 I zygote64: The ClassLoaderContext is a special shared library.
06-27 11:26:16.138 12455 12484 W zygote64: Unsupported class loader
06-27 11:26:16.141 12455 12484 W zygote64: Skipping duplicate class check due to unsupported classloader
06-27 11:26:16.184  1116  1127 I ActivityManager: Start proc 12511:com.google.process.gapps/u0a23 for content provider com.google.android.gsf/.settings.GoogleSettingsProvider
06-27 11:26:16.246 12493 12493 W linker  : "/data/app/com.google.android.gms-RR9uHO_zwwChao2cYhgK0w==/lib/arm64/libconscrypt_gmscore_jni.so" unused DT entry: type 0xf arg 0x8a
06-27 11:26:16.249 12493 12493 V NativeCrypto: Registering com/google/android/gms/org/conscrypt/NativeCrypto's 280 native methods...
06-27 11:26:16.253  2891  3303 I AsyncOpDispatcher: 5-LoadOwners
06-27 11:26:16.261  2643  3035 I AsyncOpDispatcher: 51-RegisterOperationCall
06-27 11:26:16.264 12511 12511 I GoogleHttpClient: GMS http client unavailable, use old client
06-27 11:26:16.277  2643  3035 I AsyncOpDispatcher: 67-RemovePlaceUpdates
06-27 11:26:16.284 12493 12493 D NetworkSecurityConfig: Using Network Security Config from resource network_security_config debugBuild: false
06-27 11:26:16.285  1116  1125 I zygote64: Background concurrent copying GC freed 118240(5MB) AllocSpace objects, 94(4MB) LOS objects, 42% free, 20MB/35MB, paused 351us total 160.957ms
06-27 11:26:16.286 12493 12493 I ProviderInstaller: Installed default security provider GmsCore_OpenSSL
06-27 11:26:16.287  2643  4248 I Places  : ?: PlacesBleScanner stop()
06-27 11:26:16.296  2643  2643 I BeaconBle: ZERO_POWER is disabled.
06-27 11:26:16.296  2643  2643 I BeaconBle: 'L' hardware scan: scan stopped, no powered clients
06-27 11:26:16.296  2643  2643 I BeaconBle: Places requested to stop scan
06-27 11:26:16.296  2643  2643 I BeaconBle: Scan canceled successfully.
06-27 11:26:16.336 12493 12493 E zygote64: The String#value field is not present on Android versions >= 6.0
06-27 11:26:16.350  1116  2621 I ActivityManager: Killing 11573:com.google.android.apps.photos/u0a98 (adj 904): empty #17
06-27 11:26:16.351  1116  1140 W zygote64: kill(-11573, 9) failed: No such process
06-27 11:26:16.378 12455 12484 W zygote64: Unsupported class loader
06-27 11:26:16.396  1116  1140 W zygote64: kill(-11573, 9) failed: No such process
06-27 11:26:16.399 12455 12532 W zygote64: Class com.google.android.apps.gmm.tutorial.c failed lock verification and will run slower.
06-27 11:26:16.399 12455 12532 W zygote64: Common causes for lock verification issues are non-optimized dex code
06-27 11:26:16.399 12455 12532 W zygote64: and incorrect proguard optimizations.
06-27 11:26:16.441  1116  1140 W zygote64: kill(-11573, 9) failed: No such process
06-27 11:26:16.476  1116  2621 I ActivityManager: Killing 10149:com.android.defcontainer/u0a30 (adj 904): empty #17
06-27 11:26:16.460  1116  1140 W zygote64: kill(-11573, 9) failed: No such process
06-27 11:26:16.493 12493 12504 I DynamiteModule: Considering local module com.google.android.gms.googlecertificates:4 and remote module com.google.android.gms.googlecertificates:4
06-27 11:26:16.493 12493 12504 I DynamiteModule: Selected local version of com.google.android.gms.googlecertificates
06-27 11:26:16.502  1116  1140 W zygote64: kill(-11573, 9) failed: No such process
06-27 11:26:16.503  1116  1140 I zygote64: Successfully killed process cgroup uid 10098 pid 11573 in 151ms
06-27 11:26:16.503  1116  1140 W zygote64: kill(-10149, 9) failed: No such process
06-27 11:26:16.526  1116  1140 W zygote64: kill(-10149, 9) failed: No such process
06-27 11:26:16.526  1116  1140 I zygote64: Successfully killed process cgroup uid 10030 pid 10149 in 22ms
06-27 11:26:16.563   805  6018 I DrmHal  : makeDrmFactories: factory instance default is Remote
06-27 11:26:16.566   805  6018 I DrmHal  : makeDrmFactories: factory instance widevine is Remote
06-27 11:26:16.569   737   737 D WVCdm   : Instantiating CDM.
06-27 11:26:16.577   737   737 I WVCdm   : CdmEngine::QueryStatus
06-27 11:26:16.577   737 12542 I WVCdm   : Level3 Library 4445 Oct  4 2017 17:06:25
06-27 11:26:16.581   737   737 I WVCdm   : L3 Initialized. Trying L1.
06-27 11:26:16.583   737   737 D         : CPPF_ServiceInitialize: start!
06-27 11:26:16.583   737   737 D QSEECOMAPI: QSEECom_get_handle sb_length = 0x2800
06-27 11:26:16.583   737   737 D QSEECOMAPI: App is not loaded in QSEE
06-27 11:26:16.584   737   737 D QSEECOMAPI: app_arch = 2, total_files = 9
06-27 11:26:16.615 12493 12504 I zygote64: The ClassLoaderContext is a special shared library.
06-27 11:26:16.633   737   737 D QSEECOMAPI: Loaded image: APP id = 2490372
06-27 11:26:16.634   737   737 D         : CPPF_ServiceInitialize: end! returns 0
06-27 11:26:16.634   737   737 D QSEECOMAPI: QSEECom_get_handle sb_length = 0x19000
06-27 11:26:16.634   737   737 D QSEECOMAPI: App is not loaded in QSEE
06-27 11:26:16.634   737   737 D QSEECOMAPI: app_arch = 2, total_files = 9
06-27 11:26:16.672 12455 12488 I zygote64: IncrementDisableThreadFlip blocked for 12.537ms
06-27 11:26:16.680   737   737 D QSEECOMAPI: Loaded image: APP id = 2555909
06-27 11:26:16.682   737   737 D QSAPPSVER: qsapps_get_capabilities: Capability from secure side: 0x1
06-27 11:26:16.682   737   737 D QSAPPSVER: qsapps_get_capabilities: returns 0
06-27 11:26:16.702   594   599 D DrmLibTime: got the req here! ret=0
06-27 11:26:16.702   594   599 D DrmLibTime: command id, time_cmd_id = 770
06-27 11:26:16.702   594   599 D DrmLibTime: time_getutcsec starts!
06-27 11:26:16.702   594   599 D DrmLibTime: QSEE Time Listener: time_getutcsec
06-27 11:26:16.702   594   599 D DrmLibTime: QSEE Time Listener: get_utc_seconds
06-27 11:26:16.702   594   599 D DrmLibTime: QSEE Time Listener: time_get_modem_time
06-27 11:26:16.702   594   599 D DrmLibTime: QSEE Time Listener: Checking if ATS_MODEM is set or not.
06-27 11:26:16.702   594   599 D QC-time-services: Lib:time_genoff_operation: pargs->base = 13
06-27 11:26:16.702   594   599 D QC-time-services: Lib:time_genoff_operation: pargs->operation = 2
06-27 11:26:16.702   594   599 D QC-time-services: Lib:time_genoff_operation: pargs->ts_val = 0
06-27 11:26:16.702   594   599 D QC-time-services: Lib:time_genoff_operation: Send to server  passed!!
06-27 11:26:16.702   631   642 D QC-time-services: Daemon: Connection accepted:time_genoff
06-27 11:26:16.703   631 12545 D QC-time-services: Daemon:Received base = 13, unit = 1, operation = 2,value = 0
06-27 11:26:16.703   631 12545 D QC-time-services: Daemon:genoff_opr: Base = 13, val = 0, operation = 2
06-27 11:26:16.703   631 12545 D QC-time-services: offset is: 1 for base: 13
06-27 11:26:16.703   594   599 E QC-time-services: Receive Passed == base = 13, unit = 1, operation = 2, result = 0
06-27 11:26:16.703   594   599 D DrmLibTime: QSEE Time Listener: ATS_MODEM is set. Try to retrieve it.
06-27 11:26:16.703   631   642 E QC-time-services: Daemon: Time-services: Waiting to acceptconnection
06-27 11:26:16.703   631   642 D QC-time-services: Daemon: Connection accepted:time_genoff
06-27 11:26:16.703   631 12546 D QC-time-services: Daemon:Received base = 13, unit = 1, operation = 1,value = 0
06-27 11:26:16.703   631 12546 D QC-time-services: Daemon:genoff_opr: Base = 13, val = 0, operation = 1
06-27 11:26:16.703   631 12546 D QC-time-services: Daemon: genoff get for 13
06-27 11:26:16.703   631 12546 D QC-time-services: Daemon:Value read from QTimer mseconds = 4796774
06-27 11:26:16.703   631 12546 D QC-time-services: Daemon:Value read from RTC mseconds on boot = 2413084000
06-27 11:26:16.703   631 12546 D QC-time-services: Daemon:Value read from QTimer mseconds = 4796774
06-27 11:26:16.703   631 12546 D QC-time-services: Daemon:Value read from generic offset = 1527706102329
06-27 11:26:16.703   631 12546 D QC-time-services: Daemon:Delta read on boot mseconds = 2413077604
06-27 11:26:16.703   631 12546 D QC-time-services: Daemon:Final Time = 1530123976707
06-27 11:26:16.703   594   599 D DrmLibTime: QSEE Time Listener: Time GenOff - seconds: 1530123976
06-27 11:26:16.703   594   599 D DrmLibTime: time_getutcsec returns 0, sec = 1530123976; nsec = 0
06-27 11:26:16.703   594   599 D DrmLibTime: time_getutcsec finished! 
06-27 11:26:16.703   631   642 E QC-time-services: Daemon: Time-services: Waiting to acceptconnection
06-27 11:26:16.703   594   599 D DrmLibTime: iotcl_continue_command finished! and return 0 
06-27 11:26:16.703   594   599 D DrmLibTime: before calling ioctl to read the next time_cmd
06-27 11:26:16.719 12455 12484 I cr_CronetLibraryLoader: Cronet version: 64.0.3282.137, arch: aarch64
06-27 11:26:16.722   737   737 D WVCdm   : OEMCrypto_Initialize Level 1 success. I will use level 1.
06-27 11:26:16.725   737   737 I WVCdm   : L3 Terminate.
06-27 11:26:16.726   737   737 D         : CPPF_CheckMinEncLevelStatus: start!
06-27 11:26:16.727   737   737 D         : CPPF_CheckMinEncLevelStatus: No change
06-27 11:26:16.727   737   737 D         : CPPF_CheckMinEncLevelStatus: end!
06-27 11:26:16.727   737   737 D QSEECOMAPI: QSEECom_dealloc_memory 
06-27 11:26:16.727   737   737 D QSEECOMAPI: QSEECom_shutdown_app, app_id = 2555909
06-27 11:26:16.728   737   737 D         : CPPF_ServiceUninitialize: start!
06-27 11:26:16.728   737   737 D QSEECOMAPI: QSEECom_dealloc_memory 
06-27 11:26:16.728   737   737 D QSEECOMAPI: QSEECom_shutdown_app, app_id = 2490372
06-27 11:26:16.728   737   737 D         : CPPF_ServiceUninitialize: end! returns 0
06-27 11:26:16.729   737   737 I WVCdm   : CdmEngine::OpenSession
06-27 11:26:16.729   737 12555 I WVCdm   : Level3 Library 4445 Oct  4 2017 17:06:25
06-27 11:26:16.731   737   737 I WVCdm   : L3 Initialized. Trying L1.
06-27 11:26:16.731   737   737 D         : CPPF_ServiceInitialize: start!
06-27 11:26:16.731   737   737 D QSEECOMAPI: QSEECom_get_handle sb_length = 0x2800
06-27 11:26:16.731   737   737 D QSEECOMAPI: App is not loaded in QSEE
06-27 11:26:16.731   737   737 D QSEECOMAPI: app_arch = 2, total_files = 9
06-27 11:26:16.774   737   737 D QSEECOMAPI: Loaded image: APP id = 2621444
06-27 11:26:16.775   737   737 D         : CPPF_ServiceInitialize: end! returns 0
06-27 11:26:16.775   737   737 D QSEECOMAPI: QSEECom_get_handle sb_length = 0x19000
06-27 11:26:16.775   737   737 D QSEECOMAPI: App is not loaded in QSEE
06-27 11:26:16.775   737   737 D QSEECOMAPI: app_arch = 2, total_files = 9
06-27 11:26:16.779 12455 12477 I zygote64: The ClassLoaderContext is a special shared library.
06-27 11:26:16.797 12455 12477 I chatty  : uid=10078(com.google.android.apps.maps) identical 1 line
06-27 11:26:16.807 12455 12477 I zygote64: The ClassLoaderContext is a special shared library.
06-27 11:26:16.820 12455 12477 W linker  : "/data/app/com.google.android.gms-RR9uHO_zwwChao2cYhgK0w==/lib/arm64/libconscrypt_gmscore_jni.so" unused DT entry: type 0xf arg 0x8a
06-27 11:26:16.821 12455 12477 V NativeCrypto: Registering com/google/android/gms/org/conscrypt/NativeCrypto's 280 native methods...
06-27 11:26:16.823   737   737 D QSEECOMAPI: Loaded image: APP id = 2686981
06-27 11:26:16.824   737   737 D QSAPPSVER: qsapps_get_capabilities: Capability from secure side: 0x1
06-27 11:26:16.824   737   737 D QSAPPSVER: qsapps_get_capabilities: returns 0
06-27 11:26:16.840 12455 12477 D NetworkSecurityConfig: No Network Security Config specified, using platform default
06-27 11:26:16.841 12455 12477 I ProviderInstaller: Installed default security provider GmsCore_OpenSSL
06-27 11:26:16.842  1617  1731 I QCNEJ/CndHalConnector: -> SND notifyWifiStatusChanged(RatInfo{type=1, subType=101, state=CONNECTED, v4=IfaceAddrPair{iface=wlan0, addr=192.168.86.45}, v6=IfaceAddrPair{iface=, addr=}, timestamp=2018-06-27 11:26:16.842, isAndroidValidated=true, netHandle=438103100126, slotIdx=0} WifiInfo{freq=FIVE_GHz, state=3, ssid=lordwindsorcoffee, bssid=a4:2b:b0:c4:62:78, dns=[192.168.86.1, 0.0.0.0, 0.0.0.0, 0.0.0.0, ]})
06-27 11:26:16.843   594   599 D DrmLibTime: got the req here! ret=0
06-27 11:26:16.843   594   599 D DrmLibTime: command id, time_cmd_id = 770
06-27 11:26:16.843   594   599 D DrmLibTime: time_getutcsec starts!
06-27 11:26:16.843   594   599 D DrmLibTime: QSEE Time Listener: time_getutcsec
06-27 11:26:16.843   594   599 D DrmLibTime: QSEE Time Listener: get_utc_seconds
06-27 11:26:16.843   594   599 D DrmLibTime: QSEE Time Listener: time_get_modem_time
06-27 11:26:16.843   594   599 D DrmLibTime: QSEE Time Listener: Checking if ATS_MODEM is set or not.
06-27 11:26:16.843   594   599 D QC-time-services: Lib:time_genoff_operation: pargs->base = 13
06-27 11:26:16.843   594   599 D QC-time-services: Lib:time_genoff_operation: pargs->operation = 2
06-27 11:26:16.843   594   599 D QC-time-services: Lib:time_genoff_operation: pargs->ts_val = 0
06-27 11:26:16.843   594   599 D QC-time-services: Lib:time_genoff_operation: Send to server  passed!!
06-27 11:26:16.843   631   642 D QC-time-services: Daemon: Connection accepted:time_genoff
06-27 11:26:16.843   631 12560 D QC-time-services: Daemon:Received base = 13, unit = 1, operation = 2,value = 0
06-27 11:26:16.843   631 12560 D QC-time-services: Daemon:genoff_opr: Base = 13, val = 0, operation = 2
06-27 11:26:16.843   631 12560 D QC-time-services: offset is: 1 for base: 13
06-27 11:26:16.843   594   599 E QC-time-services: Receive Passed == base = 13, unit = 1, operation = 2, result = 0
06-27 11:26:16.843   594   599 D DrmLibTime: QSEE Time Listener: ATS_MODEM is set. Try to retrieve it.
06-27 11:26:16.843   631   642 E QC-time-services: Daemon: Time-services: Waiting to acceptconnection
06-27 11:26:16.843   631   642 D QC-time-services: Daemon: Connection accepted:time_genoff
06-27 11:26:16.843   631 12561 D QC-time-services: Daemon:Received base = 13, unit = 1, operation = 1,value = 0
06-27 11:26:16.843   631 12561 D QC-time-services: Daemon:genoff_opr: Base = 13, val = 0, operation = 1
06-27 11:26:16.843   631 12561 D QC-time-services: Daemon: genoff get for 13
06-27 11:26:16.843   631 12561 D QC-time-services: Daemon:Value read from QTimer mseconds = 4796915
06-27 11:26:16.843   631 12561 D QC-time-services: Daemon:Value read from RTC mseconds on boot = 2413084000
06-27 11:26:16.843   631 12561 D QC-time-services: Daemon:Value read from QTimer mseconds = 4796915
06-27 11:26:16.843   631 12561 D QC-time-services: Daemon:Value read from generic offset = 1527706102329
06-27 11:26:16.843   631 12561 D QC-time-services: Daemon:Delta read on boot mseconds = 2413077604
06-27 11:26:16.843   631 12561 D QC-time-services: Daemon:Final Time = 1530123976848
06-27 11:26:16.843   594   599 D DrmLibTime: QSEE Time Listener: Time GenOff - seconds: 1530123976
06-27 11:26:16.843   594   599 D DrmLibTime: time_getutcsec returns 0, sec = 1530123976; nsec = 0
06-27 11:26:16.843   594   599 D DrmLibTime: time_getutcsec finished! 
06-27 11:26:16.843   594   599 D DrmLibTime: iotcl_continue_command finished! and return 0 
06-27 11:26:16.843   594   599 D DrmLibTime: before calling ioctl to read the next time_cmd
06-27 11:26:16.844   631   642 E QC-time-services: Daemon: Time-services: Waiting to acceptconnection
06-27 11:26:16.845  1116  1427 I WifiService: getConnectionInfo uid=10007
06-27 11:26:16.846  3441  3441 I CarrierServices: [2] awp.onReceive: TeleWifiMonitor.updateSignalState, (is connected: true, signal level: 94%, link speed: 780Mbps) -> (is connected: true, signal level: 99%, link speed: 866Mbps)
06-27 11:26:16.849  3441  3544 I CarrierServices: [193] bhj.a: FiST: Wifi connectivity status true
06-27 11:26:16.850  3441  3544 I CarrierServices: [193] bho.d: Connected state: [1], networkType: [WIFI]
06-27 11:26:16.855   737   737 D WVCdm   : OEMCrypto_Initialize Level 1 success. I will use level 1.
06-27 11:26:16.855   737   737 D WVCdm   : CryptoSession::Open: Lock: requested_security_level: Default
06-27 11:26:16.867   737   737 I WVCdm   : CdmEngine::QueryOemCryptoSessionId
06-27 11:26:16.869   737   737 I WVCdm   : CdmEngine::GenerateKeyRequest
06-27 11:26:16.877   737   737 D WVCdm   : PrepareKeyRequest: nonce=2765214647
06-27 11:26:16.933   737   737 I WVCdm   : L3 Terminate.
06-27 11:26:16.933   737   737 D         : CPPF_CheckMinEncLevelStatus: start!
06-27 11:26:16.934   737   737 D         : CPPF_CheckMinEncLevelStatus: No change
06-27 11:26:16.934   737   737 D         : CPPF_CheckMinEncLevelStatus: end!
06-27 11:26:16.934   737   737 D QSEECOMAPI: QSEECom_dealloc_memory 
06-27 11:26:16.934   737   737 D QSEECOMAPI: QSEECom_shutdown_app, app_id = 2686981
06-27 11:26:16.934   737   737 D         : CPPF_ServiceUninitialize: start!
06-27 11:26:16.934   737   737 D QSEECOMAPI: QSEECom_dealloc_memory 
06-27 11:26:16.934   737   737 D QSEECOMAPI: QSEECom_shutdown_app, app_id = 2621444
06-27 11:26:16.935   737   737 D         : CPPF_ServiceUninitialize: end! returns 0
06-27 11:26:17.791 11970 11997 D NetworkSecurityConfig: No Network Security Config specified, using platform default
06-27 11:26:19.867  1116  1679 I WifiService: getConnectionInfo uid=10007
06-27 11:26:19.867  1617  1731 I QCNEJ/CndHalConnector: -> SND notifyWifiStatusChanged(RatInfo{type=1, subType=101, state=CONNECTED, v4=IfaceAddrPair{iface=wlan0, addr=192.168.86.45}, v6=IfaceAddrPair{iface=, addr=}, timestamp=2018-06-27 11:26:19.866, isAndroidValidated=true, netHandle=438103100126, slotIdx=0} WifiInfo{freq=FIVE_GHz, state=3, ssid=lordwindsorcoffee, bssid=a4:2b:b0:c4:62:78, dns=[192.168.86.1, 0.0.0.0, 0.0.0.0, 0.0.0.0, ]})
06-27 11:26:19.868  3441  3441 I CarrierServices: [2] awp.onReceive: TeleWifiMonitor.updateSignalState, (is connected: true, signal level: 99%, link speed: 866Mbps) -> (is connected: true, signal level: 94%, link speed: 866Mbps)
06-27 11:26:19.883  3441  3544 I CarrierServices: [193] bhj.a: FiST: Wifi connectivity status true
06-27 11:26:19.884  3441  3544 I CarrierServices: [193] bho.d: Connected state: [1], networkType: [WIFI]
06-27 11:26:21.622 11384 11536 W GmsLocationProvider: Error removing location updates: 16
06-27 11:26:22.149   762   815 D CHRE    : @ 4802.220: [NanoSensorCal:UPDATE OTC-GYRO] Offset [rad/sec] | Temp [Celsius]: 0.001512, -0.001571, 0.011339 | 29.39
06-27 11:26:22.149   762   815 D CHRE    : @ 4802.220: [NanoSensorCal:UPDATE OTC-GYRO] Temp Sensitivity [rad/sec/C]: -0.000173, 0.000142, -0.000564
06-27 11:26:22.149   762   815 D CHRE    : @ 4802.220: [NanoSensorCal:UPDATE OTC-GYRO] Temp Intercept [rad/sec]: 0.006494, -0.005968, 0.028006
06-27 11:26:23.133  1660  1660 E QtiImsExtUtils: getConfigForPhoneId phoneId is invalid
06-27 11:26:23.134  1660  1660 E QtiImsExtUtils: isCarrierConfigEnabled bundle is null
06-27 11:26:24.141  2643  2643 I GeofencerStateMachine: sendNewTransitions called.
06-27 11:26:24.155  2643  4248 I Places  : Converted 0 out of 18 WiFi scans
06-27 11:26:24.156  1116  1679 I WifiService: getConnectionInfo uid=10023
06-27 11:26:24.178  1116  2866 I WifiService: getConnectionInfo uid=10023
06-27 11:26:24.182  1116  2866 I WifiService: getConfiguredNetworks uid=10023
06-27 11:26:24.201  2643 12439 I GCoreUlr: Successfully inserted 1 locations
06-27 11:26:24.207  2643 12439 I GCoreUlr: Starting service, intent=Intent { act=com.google.android.location.reporting.UPLOAD cmp=com.google.android.gms/com.google.android.location.reporting.service.DispatchingService }, extras=null
06-27 11:26:24.285  2643 11776 I GCoreUlr: LocationReporter sending 3 locations, 3 activities, and 20 metadata for account account#16# request #0; requests: []
06-27 11:26:24.297  2643  3032 I AsyncOpDispatcher: 51-GetExperimentTokensOperationCall
06-27 11:26:24.297  2643  3032 I AsyncOpDispatcher: 51-GetExperimentTokensOperationCall
06-27 11:26:24.661  4038 11408 I Finsky  : [121] com.google.android.finsky.apkprocessor.l.a(47): Patch apply task for com.google.android.inputmethod.latin (com.google.android.inputmethod.latin) (format 5) completed in 28556 ms
06-27 11:26:24.678  4038 11408 W com.google.common.io.i: IOException thrown while closing Closeable.
06-27 11:26:24.678  4038 11408 W com.google.common.io.i: java.io.IOException: write failed: EBADF (Bad file descriptor)
06-27 11:26:24.678  4038 11408 W com.google.common.io.i: 	at libcore.io.IoBridge.write(IoBridge.java:558)
06-27 11:26:24.678  4038 11408 W com.google.common.io.i: 	at android.os.FileBridge$FileBridgeOutputStream.writeCommandAndBlock(FileBridge.java:167)
06-27 11:26:24.678  4038 11408 W com.google.common.io.i: 	at android.os.FileBridge$FileBridgeOutputStream.close(FileBridge.java:154)
06-27 11:26:24.678  4038 11408 W com.google.common.io.i: 	at java.io.FilterOutputStream.close(FilterOutputStream.java:159)
06-27 11:26:24.678  4038 11408 W com.google.common.io.i: 	at com.google.common.io.i.a(SourceFile:5)
06-27 11:26:24.678  4038 11408 W com.google.common.io.i: 	at com.google.android.finsky.apkprocessor.l.a(SourceFile:51)
06-27 11:26:24.678  4038 11408 W com.google.common.io.i: 	at com.google.android.finsky.apkprocessor.l.doInBackground(SourceFile:2)
06-27 11:26:24.678  4038 11408 W com.google.common.io.i: 	at android.os.AsyncTask$2.call(AsyncTask.java:333)
06-27 11:26:24.678  4038 11408 W com.google.common.io.i: 	at java.util.concurrent.FutureTask.run(FutureTask.java:266)
06-27 11:26:24.678  4038 11408 W com.google.common.io.i: 	at java.util.concurrent.ThreadPoolExecutor.runWorker(ThreadPoolExecutor.java:1162)
06-27 11:26:24.678  4038 11408 W com.google.common.io.i: 	at java.util.concurrent.ThreadPoolExecutor$Worker.run(ThreadPoolExecutor.java:636)
06-27 11:26:24.678  4038 11408 W com.google.common.io.i: 	at java.lang.Thread.run(Thread.java:764)
06-27 11:26:24.678  4038 11408 W com.google.common.io.i: Caused by: android.system.ErrnoException: write failed: EBADF (Bad file descriptor)
06-27 11:26:24.678  4038 11408 W com.google.common.io.i: 	at libcore.io.Linux.writeBytes(Native Method)
06-27 11:26:24.678  4038 11408 W com.google.common.io.i: 	at libcore.io.Linux.write(Linux.java:288)
06-27 11:26:24.678  4038 11408 W com.google.common.io.i: 	at libcore.io.BlockGuardOs.write(BlockGuardOs.java:345)
06-27 11:26:24.678  4038 11408 W com.google.common.io.i: 	at libcore.io.IoBridge.write(IoBridge.java:553)
06-27 11:26:24.678  4038 11408 W com.google.common.io.i: 	... 11 more
06-27 11:26:24.684  4038  4038 I Finsky  : [2] com.google.android.finsky.apkprocessor.l.onPostExecute(105): Successfully applied patch to update com.google.android.inputmethod.latin (com.google.android.inputmethod.latin)
06-27 11:26:24.690  4038  4038 I Finsky  : [2] com.google.android.finsky.installer.a.az.b(247): Begin install of com.google.android.inputmethod.latin (isid: QXmtDb8CRF-0cBXICJq-dw)
06-27 11:26:24.705  9869 10112 V DownloadManager: Deleting /storage/emulated/0/Android/data/com.android.vending/files/1530123951002 via provider delete
06-27 11:26:24.726  9869 10112 D MediaProvider: object removed 16608
06-27 11:26:24.854  1116  1167 I ActivityManager: Start proc 12589:com.android.defcontainer/u0a30 for service com.android.defcontainer/.DefaultContainerService
06-27 11:26:24.874 12589 12589 I zygote64: The ClassLoaderContext is a special shared library.
06-27 11:26:24.971  2643 11776 I GCoreUlr: Batch Location Update succeeded for account account#16#
06-27 11:26:25.049  4038  4038 I Finsky  : [2] com.google.android.finsky.verifier.impl.PackageVerificationReceiver.onReceive(17): Verification requested, id = 10
06-27 11:26:25.056  4038  4038 W Finsky  : [2] com.google.android.finsky.f.v.a(35): Null bundle, which breaks event chain!. Creating a new logging context.
06-27 11:26:25.063  2891  3278 I AsyncOpDispatcher: 45-id
06-27 11:26:25.064  2891  2910 I AsyncOpDispatcher: 45-id
06-27 11:26:25.068  2891  2910 I AsyncOpDispatcher: 45-id
06-27 11:26:25.069  4038 12606 I Finsky  : [127] com.google.android.finsky.verifier.impl.cw.a(556): Skipping verification because own installation
06-27 11:26:25.069  4038 12606 I Finsky  : [127] com.google.android.finsky.verifier.impl.cw.a(297): Skipping anti malware verification due to pre-check failure
06-27 11:26:25.069  4038  4038 I Finsky  : [2] com.google.android.finsky.verifier.impl.en.c(309): Verifying id=10, result=1
06-27 11:26:25.072  4038  4038 I Finsky  : [2] com.google.android.finsky.verifier.impl.en.c(157): Verification complete: id=10, package_name=com.google.android.inputmethod.latin
06-27 11:26:25.074  4038  4175 I PlayCommon: [44] com.google.android.play.b.g.f(543): Preparing logs for uploading
06-27 11:26:25.086  4038  4175 I PlayCommon: [44] com.google.android.play.b.g.a(791): Connecting to server: https://play.googleapis.com/play/log?format=raw&proto_v2=true
06-27 11:26:25.100  1116  1167 I PackageManager.DexOptimizer: Running dexopt (dexoptNeeded=1) on: /data/app/com.google.android.inputmethod.latin-Bc_xXsg4__A5M91kpyyKvQ==/base.apk pkg=com.google.android.inputmethod.latin isa=arm64 dexoptFlags=boot_complete,public target-filter=quicken oatDir=/data/app/com.google.android.inputmethod.latin-Bc_xXsg4__A5M91kpyyKvQ==/oat sharedLibraries=PCL[]
06-27 11:26:25.125 12607 12607 I dex2oat : /system/bin/dex2oat --input-vdex-fd=-1 --output-vdex-fd=18 --compiler-filter=quicken --classpath-dir=/data/app/com.google.android.inputmethod.latin-Bc_xXsg4__A5M91kpyyKvQ== --class-loader-context=PCL[]
06-27 11:26:25.200  4038  4175 I PlayCommon: [44] com.google.android.play.b.g.a(265): Successfully uploaded logs.
06-27 11:26:25.207  4038  4175 I PlayCommon: [44] com.google.android.play.b.g.f(543): Preparing logs for uploading
06-27 11:26:25.220  4038  4175 I PlayCommon: [44] com.google.android.play.b.g.a(791): Connecting to server: https://play.googleapis.com/play/log?format=raw&proto_v2=true
06-27 11:26:25.413  4038  4175 I PlayCommon: [44] com.google.android.play.b.g.a(265): Successfully uploaded logs.
06-27 11:26:26.369 12607 12607 I dex2oat : Explicit concurrent copying GC freed 52389(11MB) AllocSpace objects, 0(0B) LOS objects, 83% free, 305KB/1841KB, paused 42us total 4.473ms
06-27 11:26:26.375 12607 12617 W dex2oat : Method processed more than once: void up.<init>(android.content.Context)
06-27 11:26:26.375 12607 12617 W dex2oat : Method processed more than once: void up.<init>(android.content.Context, android.util.AttributeSet)
06-27 11:26:26.375 12607 12617 W dex2oat : Method processed more than once: void up.<init>(android.content.Context, android.util.AttributeSet, int)
06-27 11:26:26.375 12607 12617 W dex2oat : Method processed more than once: int up.a(int, int, boolean)
06-27 11:26:26.375 12607 12617 W dex2oat : Method processed more than once: int up.a(android.view.View, int, int)
06-27 11:26:26.375 12607 12617 W dex2oat : Method processed more than once: int up.a(android.view.View, int, int, int, boolean)
06-27 11:26:26.375 12607 12617 W dex2oat : Method processed more than once: void up.a(up)
06-27 11:26:26.375 12607 12617 W dex2oat : Method processed more than once: void up.a(up, int)
06-27 11:26:26.376 12607 12617 W dex2oat : Method processed more than once: pm up.a(int, long)
06-27 11:26:26.376 12607 12617 W dex2oat : Method processed more than once: void up.a(int)
06-27 11:26:26.376 12607 12617 W dex2oat : Method processed more than once: boolean up.a()
06-27 11:26:26.376 12607 12617 W dex2oat : Method processed more than once: void up.onConfigurationChanged(android.content.res.Configuration)
06-27 11:26:26.376 12607 12617 W dex2oat : Method processed more than once: boolean up.onHoverEvent(android.view.MotionEvent)
06-27 11:26:26.376 12607 12617 W dex2oat : Method processed more than once: boolean up.onTouchEvent(android.view.MotionEvent)
06-27 11:26:26.376 12607 12617 W dex2oat : Method processed more than once: void up.setVisibility(int)
06-27 11:26:26.377 12607 12616 W dex2oat : Method processed more than once: void vf.<clinit>()
06-27 11:26:26.377 12607 12616 W dex2oat : Method processed more than once: void vf.<init>(android.content.Context)
06-27 11:26:26.377 12607 12616 W dex2oat : Method processed more than once: void vf.<init>(android.content.Context, android.util.AttributeSet)
06-27 11:26:26.377 12607 12616 W dex2oat : Method processed more than once: void vf.<init>(android.content.Context, android.util.AttributeSet, int)
06-27 11:26:26.377 12607 12616 W dex2oat : Method processed more than once: void vf.drawableStateChanged()
06-27 11:26:26.377 12607 12616 W dex2oat : Method processed more than once: android.view.inputmethod.InputConnection vf.onCreateInputConnection(android.view.inputmethod.EditorInfo)
06-27 11:26:26.377 12607 12616 W dex2oat : Method processed more than once: void vf.setBackgroundDrawable(android.graphics.drawable.Drawable)
06-27 11:26:26.377 12607 12618 W dex2oat : Method processed more than once: void vh.<init>(android.content.Context, android.util.AttributeSet)
06-27 11:26:26.377 12607 12621 W dex2oat : Method processed more than once: void vq.<init>(android.content.Context)
06-27 11:26:26.378 12607 12616 W dex2oat : Method processed more than once: void vf.setBackgroundResource(int)
06-27 11:26:26.378 12607 12616 W dex2oat : Method processed more than once: void vf.setCustomSelectionActionModeCallback(android.view.ActionMode$Callback)
06-27 11:26:26.378 12607 12616 W dex2oat : Method processed more than once: void vf.setDropDownBackgroundResource(int)
06-27 11:26:26.378 12607 12616 W dex2oat : Method processed more than once: void vf.setTextAppearance(android.content.Context, int)
06-27 11:26:26.378 12607 12621 W dex2oat : Method processed more than once: void vq.<init>(android.content.Context, android.util.AttributeSet)
06-27 11:26:26.378 12607 12618 W dex2oat : Method processed more than once: void vh.<init>(android.content.Context, android.util.AttributeSet, int)
06-27 11:26:26.378 12607 12618 W dex2oat : Method processed more than once: android.content.res.ColorStateList vh.a()
06-27 11:26:26.378 12607 12620 W dex2oat : Method processed more than once: void wh.<init>(android.content.Context)
06-27 11:26:26.379 12607 12621 W dex2oat : Method processed more than once: void vq.<init>(android.content.Context, android.util.AttributeSet, int)
06-27 11:26:26.379 12607 12620 W dex2oat : Method processed more than once: void wh.<init>(android.content.Context, android.util.AttributeSet)
06-27 11:26:26.379 12607 12620 W dex2oat : Method processed more than once: void wh.<init>(android.content.Context, android.util.AttributeSet, int)
06-27 11:26:26.379 12607 12620 W dex2oat : Method processed more than once: void wh.drawableStateChanged()
06-27 11:26:26.379 12607 12620 W dex2oat : Method processed more than once: int wh.getAutoSizeMaxTextSize()
06-27 11:26:26.379 12607 12620 W dex2oat : Method processed more than once: int wh.getAutoSizeMinTextSize()
06-27 11:26:26.379 12607 12620 W dex2oat : Method processed more than once: int wh.getAutoSizeStepGranularity()
06-27 11:26:26.379 12607 12618 W dex2oat : Method processed more than once: void vh.a(android.content.res.ColorStateList)
06-27 11:26:26.379 12607 12620 W dex2oat : Method processed more than once: int[] wh.getAutoSizeTextAvailableSizes()
06-27 11:26:26.379 12607 12620 W dex2oat : Method processed more than once: int wh.getAutoSizeTextType()
06-27 11:26:26.379 12607 12620 W dex2oat : Method processed more than once: int wh.getFirstBaselineToTopHeight()
06-27 11:26:26.379 12607 12620 W dex2oat : Method processed more than once: int wh.getLastBaselineToBottomHeight()
06-27 11:26:26.379 12607 12620 W dex2oat : Method processed more than once: android.view.inputmethod.InputConnection wh.onCreateInputConnection(android.view.inputmethod.EditorInfo)
06-27 11:26:26.379 12607 12620 W dex2oat : Method processed more than once: void wh.onLayout(boolean, int, int, int, int)
06-27 11:26:26.379 12607 12620 W dex2oat : Method processed more than once: void wh.onTextChanged(java.lang.CharSequence, int, int, int)
