06-27 11:23:17.555  1116  1138 W BroadcastQueue: Background execution not allowed: receiving Intent { act=android.intent.action.PACKAGE_REPLACED dat=package:com.instagram.android flg=0x4000010 (has extras) } to com.google.android.apps.photos/.experiments.phenotype.full.PhenotypeAppUpgradeBroadcastReceiver
06-27 11:23:17.555  1116  1138 W BroadcastQueue: Background execution not allowed: receiving Intent { act=android.intent.action.PACKAGE_REPLACED dat=package:com.instagram.android flg=0x4000010 (has extras) } to com.google.android.apps.photos/.notificationchannels.AppUpdateBroadcastReceiver
06-27 11:23:17.591  1116  1679 W BroadcastQueue: Background execution not allowed: receiving Intent { act=android.intent.action.PACKAGE_REPLACED dat=package:com.instagram.android flg=0x4000010 (has extras) } to com.google.android.googlequicksearchbox/com.google.android.apps.gsa.googlequicksearchbox.GelStubAppWatcher
06-27 11:23:17.591  1116  1138 W BroadcastQueue: Background execution not allowed: receiving Intent { act=android.intent.action.PACKAGE_REPLACED dat=package:com.instagram.android flg=0x4000010 (has extras) } to com.google.android.ims/.receivers.RcsAutoStartReceiver
06-27 11:23:17.604  1116  3007 I ActivityManager: Start proc 10228:com.instagram.android/u0a166 for service com.instagram.android/com.instagram.util.offline.BackgroundWifiPrefetcherGcmTaskService
06-27 11:23:18.787  1116  1287 D NetworkStats: Resolving plan for NetworkTemplate: matchRule=MOBILE_ALL, subscriberId=310120..., matchSubscriberIds=[310120..., 310260...]
06-27 11:23:18.788  1116  1287 D NetworkStats: Found active matching subId 1
06-27 11:23:18.791  1116  1287 D NetworkStats: Resolved to plan null
06-27 11:23:18.907  1116  1679 I ActivityManager: Start proc 10304:com.instagram.android:videoplayer/u0a166 for service com.instagram.android/com.facebook.video.heroplayer.service.HeroService
06-27 11:23:18.940  1116  1659 I ActivityManager: Start proc 10321:com.instagram.android:mqtt/u0a166 for service com.instagram.android/com.facebook.rti.push.service.FbnsService
06-27 11:23:20.039  1116  1679 I ActivityManager: Killing 9849:com.google.android.apps.wallpaper/u0a60 (adj 904): empty #17
06-27 11:23:20.040  1116  1679 I ActivityManager: Killing 9826:com.android.providers.calendar/u0a43 (adj 906): empty #18
06-27 11:23:23.158  1116  1141 E BatteryExternalStatsWorker: no controller energy info supplied for bluetooth
06-27 11:23:26.371  1116  1138 I ActivityManager: Force stopping io.getdelta.android appid=10165 user=-1: installPackageLI
06-27 11:23:26.447  1116  1167 I PackageManager: Package io.getdelta.android codePath changed from /data/app/io.getdelta.android-Emh8ZcylQb9WOQXSc8GAGg== to /data/app/io.getdelta.android-iBj1o9aNZEPUuj2ygX4ghQ==; Retaining data and using new
06-27 11:23:26.448  1116  1167 W PackageManager: Code path for io.getdelta.android changing from /data/app/io.getdelta.android-Emh8ZcylQb9WOQXSc8GAGg== to /data/app/io.getdelta.android-iBj1o9aNZEPUuj2ygX4ghQ==
06-27 11:23:26.448  1116  1167 W PackageManager: Resource path for io.getdelta.android changing from /data/app/io.getdelta.android-Emh8ZcylQb9WOQXSc8GAGg== to /data/app/io.getdelta.android-iBj1o9aNZEPUuj2ygX4ghQ==
06-27 11:23:26.550  1116  1167 W PackageManager: Privileged permission android.permission.SET_MEDIA_KEY_LISTENER for package com.google.android.googlequicksearchbox - not in privapp-permissions whitelist
06-27 11:23:26.550  1116  1167 W PackageManager: Privileged permission android.permission.SET_VOLUME_KEY_LONG_PRESS_LISTENER for package com.google.android.googlequicksearchbox - not in privapp-permissions whitelist
06-27 11:23:26.550  1116  1167 W PackageManager: Privileged permission android.permission.INSTALL_PACKAGES for package com.verizon.mips.services - not in privapp-permissions whitelist
06-27 11:23:26.550  1116  1167 W PackageManager: Privileged permission android.permission.READ_FRAME_BUFFER for package com.verizon.mips.services - not in privapp-permissions whitelist
06-27 11:23:26.550  1116  1167 W PackageManager: Privileged permission android.permission.UPDATE_APP_OPS_STATS for package com.verizon.mips.services - not in privapp-permissions whitelist
06-27 11:23:26.550  1116  1167 W PackageManager: Privileged permission android.permission.DUMP for package com.verizon.mips.services - not in privapp-permissions whitelist
06-27 11:23:26.550  1116  1167 W PackageManager: Privileged permission android.permission.WRITE_SECURE_SETTINGS for package com.verizon.mips.services - not in privapp-permissions whitelist
06-27 11:23:26.552  1116  1167 W PackageManager: Privileged permission android.permission.BACKUP for package com.android.vending - not in privapp-permissions whitelist
06-27 11:23:26.555  1116  1167 W PackageManager: Privileged permission android.permission.CAPTURE_AUDIO_OUTPUT for package com.google.android.dialer - not in privapp-permissions whitelist
06-27 11:23:26.557  1116  1167 W PackageManager: Privileged permission android.permission.PACKET_KEEPALIVE_OFFLOAD for package com.google.android.ims - not in privapp-permissions whitelist
06-27 11:23:26.557  1116  1167 W PackageManager: Privileged permission android.permission.CONNECTIVITY_USE_RESTRICTED_NETWORKS for package com.google.android.ims - not in privapp-permissions whitelist
06-27 11:23:26.559  1116  1167 W PackageManager: Privileged permission android.permission.PACKAGE_USAGE_STATS for package com.google.android.apps.turbo - not in privapp-permissions whitelist
06-27 11:23:26.562  1116  1167 W PackageManager: Privileged permission android.permission.PACKET_KEEPALIVE_OFFLOAD for package com.google.android.apps.gcs - not in privapp-permissions whitelist
06-27 11:23:26.763  1116  1167 I ActivityManager: Force stopping io.getdelta.android appid=10165 user=0: pkg removed
06-27 11:23:26.765  1116  1167 I ActivityManager: Force stopping io.getdelta.android appid=10165 user=0: pkg removed
06-27 11:23:26.798  1116  1138 W BroadcastQueue: Background execution not allowed: receiving Intent { act=android.intent.action.PACKAGE_REMOVED dat=package:io.getdelta.android flg=0x4000010 (has extras) } to com.android.musicfx/.Compatibility$Receiver
06-27 11:23:26.812  1116  1638 W ActivityManager: Permission Denial: Accessing service ComponentInfo{com.google.android.music/com.google.android.music.dial.DialMediaRouteProviderService} from pid=3571, uid=10170 that is not exported from uid 10103
06-27 11:23:26.818  1116  1679 W ActivityManager: Permission Denial: Accessing service ComponentInfo{com.google.android.music/com.google.android.music.dial.DialMediaRouteProviderService} from pid=3571, uid=10170 that is not exported from uid 10103
06-27 11:23:26.820  1116  3007 W ActivityManager: Permission Denial: Accessing service ComponentInfo{com.google.android.music/com.google.android.music.dial.DialMediaRouteProviderService} from pid=3571, uid=10170 that is not exported from uid 10103
06-27 11:23:26.872  1116  1586 W BroadcastQueue: Background execution not allowed: receiving Intent { act=android.intent.action.PACKAGE_REMOVED dat=package:io.getdelta.android flg=0x4000010 (has extras) } to com.google.android.googlequicksearchbox/com.google.android.apps.gsa.googlequicksearchbox.GelStubAppWatcher
06-27 11:23:26.885  1116  1116 I Telecom : DefaultDialerCache: Refreshing default dialer for user 0: now com.google.android.dialer: DDC.oR@AOg
06-27 11:23:26.913  1116  1680 W BroadcastQueue: Background execution not allowed: receiving Intent { act=android.intent.action.PACKAGE_ADDED dat=package:io.getdelta.android flg=0x4000010 (has extras) } to com.android.musicfx/.Compatibility$Receiver
06-27 11:23:26.971  1116  1426 W BroadcastQueue: Background execution not allowed: receiving Intent { act=android.intent.action.PACKAGE_ADDED dat=package:io.getdelta.android flg=0x4000010 (has extras) } to com.google.android.googlequicksearchbox/com.google.android.apps.gsa.googlequicksearchbox.GelStubAppWatcher
06-27 11:23:26.971  1116  1138 W BroadcastQueue: Background execution not allowed: receiving Intent { act=android.intent.action.PACKAGE_ADDED dat=package:io.getdelta.android flg=0x4000010 (has extras) } to com.google.android.ims/.receivers.RcsAutoStartReceiver
06-27 11:23:27.017  1116  1680 W BroadcastQueue: Background execution not allowed: receiving Intent { act=android.intent.action.PACKAGE_REPLACED dat=package:io.getdelta.android flg=0x4000010 (has extras) } to com.android.musicfx/.Compatibility$Receiver
06-27 11:23:27.017  1116  1138 W BroadcastQueue: Background execution not allowed: receiving Intent { act=android.intent.action.PACKAGE_REPLACED dat=package:io.getdelta.android flg=0x4000010 (has extras) } to com.google.android.apps.photos/.account.full.FetchAccountPropertiesAppUpgradeBroadcastReceiver
06-27 11:23:27.017  1116  1138 W BroadcastQueue: Background execution not allowed: receiving Intent { act=android.intent.action.PACKAGE_REPLACED dat=package:io.getdelta.android flg=0x4000010 (has extras) } to com.google.android.apps.photos/.account.full.SyncAccountsForLoginBroadcastReceiver
06-27 11:23:27.017  1116  1138 W BroadcastQueue: Background execution not allowed: receiving Intent { act=android.intent.action.PACKAGE_REPLACED dat=package:io.getdelta.android flg=0x4000010 (has extras) } to com.google.android.apps.photos/.experiments.phenotype.full.PhenotypeAppUpgradeBroadcastReceiver
06-27 11:23:27.017  1116  1138 W BroadcastQueue: Background execution not allowed: receiving Intent { act=android.intent.action.PACKAGE_REPLACED dat=package:io.getdelta.android flg=0x4000010 (has extras) } to com.google.android.apps.photos/.notificationchannels.AppUpdateBroadcastReceiver
06-27 11:23:27.031  1116  3005 W BroadcastQueue: Background execution not allowed: receiving Intent { act=android.intent.action.PACKAGE_REPLACED dat=package:io.getdelta.android flg=0x4000010 (has extras) } to com.google.android.googlequicksearchbox/com.google.android.apps.gsa.googlequicksearchbox.GelStubAppWatcher
06-27 11:23:27.032  1116  1138 W BroadcastQueue: Background execution not allowed: receiving Intent { act=android.intent.action.PACKAGE_REPLACED dat=package:io.getdelta.android flg=0x4000010 (has extras) } to com.google.android.ims/.receivers.RcsAutoStartReceiver
06-27 11:23:27.050  1116  3005 I ActivityManager: Start proc 10433:io.getdelta.android/u0a165 for broadcast io.getdelta.android/com.transistorsoft.tsbackgroundfetch.BootReceiver
06-27 11:23:27.385  1116  3007 I ActivityManager: Killing 9889:com.google.android.apps.docs/u0a108 (adj 904): empty #17
06-27 11:23:28.099  1116  1287 D NetworkStats: Resolving plan for NetworkTemplate: matchRule=MOBILE_ALL, subscriberId=310120..., matchSubscriberIds=[310120..., 310260...]
06-27 11:23:28.101  1116  1287 D NetworkStats: Found active matching subId 1
06-27 11:23:28.107  1116  1287 D NetworkStats: Resolved to plan null
06-27 11:23:33.946  1116  1138 I ActivityManager: Waited long enough for: ServiceRecord{a39a529 u0 com.instagram.android/com.facebook.rti.push.service.FbnsService}
06-27 11:23:38.118  1116  2868 I ActivityManager: Force stopping hackernewslater.williamha.com.hackernewslater appid=10172 user=0: from pid 10515
06-27 11:23:38.118  1116  2868 I ActivityManager: Killing 10045:hackernewslater.williamha.com.hackernewslater/u0a172 (adj 904): stop hackernewslater.williamha.com.hackernewslater
06-27 11:23:38.141  1116  1162 W ActivityManager: setHasOverlayUi called on unknown pid: 10045
06-27 11:23:38.145  1116  1126 W ActivityManager: Ignoring remove of inactive process: ProcessRecord{69f2f 0:hackernewslater.williamha.com.hackernewslater/u0a172}
06-27 11:23:38.151  1116  1426 W ActivityManager: Permission Denial: Accessing service ComponentInfo{com.google.android.music/com.google.android.music.dial.DialMediaRouteProviderService} from pid=3571, uid=10170 that is not exported from uid 10103
06-27 11:23:38.324  1116  1231 W AppOps  : Finishing op nesting under-run: uid 1000 pkg android code 24 time=0 duration=0 nesting=0
06-27 11:23:42.283  1116  1138 I ActivityManager: Force stopping com.venmo appid=10145 user=-1: installPackageLI
06-27 11:23:42.352  1116  1167 I PackageManager: Package com.venmo codePath changed from /data/app/com.venmo-sVJm-8krDHSETZB5Bthsrg== to /data/app/com.venmo-71YxSHcO_ookqZXRUAH3ZQ==; Retaining data and using new
06-27 11:23:42.352  1116  1167 W PackageManager: Code path for com.venmo changing from /data/app/com.venmo-sVJm-8krDHSETZB5Bthsrg== to /data/app/com.venmo-71YxSHcO_ookqZXRUAH3ZQ==
06-27 11:23:42.352  1116  1167 W PackageManager: Resource path for com.venmo changing from /data/app/com.venmo-sVJm-8krDHSETZB5Bthsrg== to /data/app/com.venmo-71YxSHcO_ookqZXRUAH3ZQ==
06-27 11:23:42.423  1116  1167 W PackageManager: Privileged permission android.permission.SET_MEDIA_KEY_LISTENER for package com.google.android.googlequicksearchbox - not in privapp-permissions whitelist
06-27 11:23:42.423  1116  1167 W PackageManager: Privileged permission android.permission.SET_VOLUME_KEY_LONG_PRESS_LISTENER for package com.google.android.googlequicksearchbox - not in privapp-permissions whitelist
06-27 11:23:42.423  1116  1167 W PackageManager: Privileged permission android.permission.INSTALL_PACKAGES for package com.verizon.mips.services - not in privapp-permissions whitelist
06-27 11:23:42.423  1116  1167 W PackageManager: Privileged permission android.permission.READ_FRAME_BUFFER for package com.verizon.mips.services - not in privapp-permissions whitelist
06-27 11:23:42.423  1116  1167 W PackageManager: Privileged permission android.permission.UPDATE_APP_OPS_STATS for package com.verizon.mips.services - not in privapp-permissions whitelist
06-27 11:23:42.423  1116  1167 W PackageManager: Privileged permission android.permission.DUMP for package com.verizon.mips.services - not in privapp-permissions whitelist
06-27 11:23:42.423  1116  1167 W PackageManager: Privileged permission android.permission.WRITE_SECURE_SETTINGS for package com.verizon.mips.services - not in privapp-permissions whitelist
06-27 11:23:42.424  1116  1167 W PackageManager: Privileged permission android.permission.BACKUP for package com.android.vending - not in privapp-permissions whitelist
06-27 11:23:42.426  1116  1167 W PackageManager: Privileged permission android.permission.CAPTURE_AUDIO_OUTPUT for package com.google.android.dialer - not in privapp-permissions whitelist
06-27 11:23:42.428  1116  1167 W PackageManager: Privileged permission android.permission.PACKET_KEEPALIVE_OFFLOAD for package com.google.android.ims - not in privapp-permissions whitelist
06-27 11:23:42.428  1116  1167 W PackageManager: Privileged permission android.permission.CONNECTIVITY_USE_RESTRICTED_NETWORKS for package com.google.android.ims - not in privapp-permissions whitelist
06-27 11:23:42.430  1116  1167 W PackageManager: Privileged permission android.permission.PACKAGE_USAGE_STATS for package com.google.android.apps.turbo - not in privapp-permissions whitelist
06-27 11:23:42.432  1116  1167 W PackageManager: Privileged permission android.permission.PACKET_KEEPALIVE_OFFLOAD for package com.google.android.apps.gcs - not in privapp-permissions whitelist
06-27 11:23:42.626  1116  1167 I ActivityManager: Force stopping com.venmo appid=10145 user=0: pkg removed
06-27 11:23:42.629  1116  1167 I ActivityManager: Force stopping com.venmo appid=10145 user=0: pkg removed
06-27 11:23:42.649  1116  1138 W BroadcastQueue: Background execution not allowed: receiving Intent { act=android.intent.action.PACKAGE_REMOVED dat=package:com.venmo flg=0x4000010 (has extras) } to com.android.musicfx/.Compatibility$Receiver
06-27 11:23:42.662  1116  1126 W ActivityManager: Permission Denial: Accessing service ComponentInfo{com.google.android.music/com.google.android.music.dial.DialMediaRouteProviderService} from pid=3571, uid=10170 that is not exported from uid 10103
06-27 11:23:42.679  1116  1638 W ActivityManager: Permission Denial: Accessing service ComponentInfo{com.google.android.music/com.google.android.music.dial.DialMediaRouteProviderService} from pid=3571, uid=10170 that is not exported from uid 10103
06-27 11:23:42.685  1116  1426 W ActivityManager: Permission Denial: Accessing service ComponentInfo{com.google.android.music/com.google.android.music.dial.DialMediaRouteProviderService} from pid=3571, uid=10170 that is not exported from uid 10103
06-27 11:23:42.746  1116  1116 I Telecom : DefaultDialerCache: Refreshing default dialer for user 0: now com.google.android.dialer: DDC.oR@APE
06-27 11:23:42.781  1116  1426 W BroadcastQueue: Background execution not allowed: receiving Intent { act=android.intent.action.PACKAGE_REMOVED dat=package:com.venmo flg=0x4000010 (has extras) } to com.google.android.googlequicksearchbox/com.google.android.apps.gsa.googlequicksearchbox.GelStubAppWatcher
06-27 11:23:42.819  1116  1426 W BroadcastQueue: Background execution not allowed: receiving Intent { act=android.intent.action.PACKAGE_ADDED dat=package:com.venmo flg=0x4000010 (has extras) } to com.android.musicfx/.Compatibility$Receiver
06-27 11:23:42.886  1116  1638 W BroadcastQueue: Background execution not allowed: receiving Intent { act=android.intent.action.PACKAGE_ADDED dat=package:com.venmo flg=0x4000010 (has extras) } to com.google.android.googlequicksearchbox/com.google.android.apps.gsa.googlequicksearchbox.GelStubAppWatcher
06-27 11:23:42.887  1116  1138 W BroadcastQueue: Background execution not allowed: receiving Intent { act=android.intent.action.PACKAGE_ADDED dat=package:com.venmo flg=0x4000010 (has extras) } to com.google.android.ims/.receivers.RcsAutoStartReceiver
06-27 11:23:42.913  1116  1586 W BroadcastQueue: Background execution not allowed: receiving Intent { act=android.intent.action.PACKAGE_REPLACED dat=package:com.venmo flg=0x4000010 (has extras) } to com.android.musicfx/.Compatibility$Receiver
06-27 11:23:42.913  1116  1138 W BroadcastQueue: Background execution not allowed: receiving Intent { act=android.intent.action.PACKAGE_REPLACED dat=package:com.venmo flg=0x4000010 (has extras) } to com.google.android.apps.photos/.account.full.FetchAccountPropertiesAppUpgradeBroadcastReceiver
06-27 11:23:42.913  1116  1138 W BroadcastQueue: Background execution not allowed: receiving Intent { act=android.intent.action.PACKAGE_REPLACED dat=package:com.venmo flg=0x4000010 (has extras) } to com.google.android.apps.photos/.account.full.SyncAccountsForLoginBroadcastReceiver
06-27 11:23:42.913  1116  1138 W BroadcastQueue: Background execution not allowed: receiving Intent { act=android.intent.action.PACKAGE_REPLACED dat=package:com.venmo flg=0x4000010 (has extras) } to com.google.android.apps.photos/.experiments.phenotype.full.PhenotypeAppUpgradeBroadcastReceiver
06-27 11:23:42.913  1116  1138 W BroadcastQueue: Background execution not allowed: receiving Intent { act=android.intent.action.PACKAGE_REPLACED dat=package:com.venmo flg=0x4000010 (has extras) } to com.google.android.apps.photos/.notificationchannels.AppUpdateBroadcastReceiver
06-27 11:23:42.933  1116  1126 W BroadcastQueue: Background execution not allowed: receiving Intent { act=android.intent.action.PACKAGE_REPLACED dat=package:com.venmo flg=0x4000010 (has extras) } to com.google.android.googlequicksearchbox/com.google.android.apps.gsa.googlequicksearchbox.GelStubAppWatcher
06-27 11:23:42.934  1116  1138 W BroadcastQueue: Background execution not allowed: receiving Intent { act=android.intent.action.PACKAGE_REPLACED dat=package:com.venmo flg=0x4000010 (has extras) } to com.google.android.ims/.receivers.RcsAutoStartReceiver
06-27 11:23:42.947  1116  1126 I ActivityManager: Start proc 10579:com.venmo/u0a145 for broadcast com.venmo/.notifications.PackageReplacedReceiver
06-27 11:23:43.496  1116  3005 D ConnectivityService: Returning BLOCKED NetworkInfo to uid=10145
06-27 11:23:45.003  1116  1586 I ActivityManager: Force stopping hackernewslater.williamha.com.hackernewslater appid=10172 user=0: from pid 10706
06-27 11:23:45.012  1116  1638 W ActivityManager: Permission Denial: Accessing service ComponentInfo{com.google.android.music/com.google.android.music.dial.DialMediaRouteProviderService} from pid=3571, uid=10170 that is not exported from uid 10103
06-27 11:23:45.171  1116  1638 I ActivityManager: Force stopping hackernewslater.williamha.com.hackernewslater appid=10172 user=-1: set debug app
06-27 11:23:45.171  1116  1638 I ActivityManager: START u0 {act=android.intent.action.MAIN cat=[android.intent.category.LAUNCHER] flg=0x10000000 cmp=hackernewslater.williamha.com.hackernewslater/.ui.MainActivity} from uid 2000
06-27 11:23:45.189  1116  1586 I ActivityManager: Start proc 10717:hackernewslater.williamha.com.hackernewslater/u0a172 for activity hackernewslater.williamha.com.hackernewslater/.ui.MainActivity
06-27 11:23:45.225 10717 10717 W ActivityThread: Application hackernewslater.williamha.com.hackernewslater is waiting for the debugger on port 8100...
06-27 11:23:45.292  1116  1638 W WindowManager: Permission Denial: dismissKeyguard from pid=10700, uid=2000 requires android.permission.CONTROL_KEYGUARD
06-27 11:23:48.650  1116  1231 W AppOps  : Finishing op nesting under-run: uid 1000 pkg android code 24 time=0 duration=0 nesting=0
06-27 11:23:49.647  1116  1679 W ActivityManager:   Force finishing activity hackernewslater.williamha.com.hackernewslater/.ui.MainActivity
06-27 11:23:49.652  1116  1139 I ActivityManager: Showing crash dialog for package hackernewslater.williamha.com.hackernewslater u0
06-27 11:23:49.889  1116  1638 I SoundTriggerHelper: startRecognition successful.
06-27 11:23:51.464  1116  1138 I ActivityManager: Force stopping com.reddit.frontpage appid=10135 user=-1: installPackageLI
06-27 11:23:51.561  1116  1167 I PackageManager: Package com.reddit.frontpage codePath changed from /data/app/com.reddit.frontpage-tIHUFojpix43dekJfGve9A== to /data/app/com.reddit.frontpage-zis6WwB5U4nOH4AVW--TTA==; Retaining data and using new
06-27 11:23:51.562  1116  1167 W PackageManager: Code path for com.reddit.frontpage changing from /data/app/com.reddit.frontpage-tIHUFojpix43dekJfGve9A== to /data/app/com.reddit.frontpage-zis6WwB5U4nOH4AVW--TTA==
06-27 11:23:51.562  1116  1167 W PackageManager: Resource path for com.reddit.frontpage changing from /data/app/com.reddit.frontpage-tIHUFojpix43dekJfGve9A== to /data/app/com.reddit.frontpage-zis6WwB5U4nOH4AVW--TTA==
06-27 11:23:51.778  1116  1167 W PackageManager: Privileged permission android.permission.SET_MEDIA_KEY_LISTENER for package com.google.android.googlequicksearchbox - not in privapp-permissions whitelist
06-27 11:23:51.778  1116  1167 W PackageManager: Privileged permission android.permission.SET_VOLUME_KEY_LONG_PRESS_LISTENER for package com.google.android.googlequicksearchbox - not in privapp-permissions whitelist
06-27 11:23:51.778  1116  1167 W PackageManager: Privileged permission android.permission.INSTALL_PACKAGES for package com.verizon.mips.services - not in privapp-permissions whitelist
06-27 11:23:51.778  1116  1167 W PackageManager: Privileged permission android.permission.READ_FRAME_BUFFER for package com.verizon.mips.services - not in privapp-permissions whitelist
06-27 11:23:51.778  1116  1167 W PackageManager: Privileged permission android.permission.UPDATE_APP_OPS_STATS for package com.verizon.mips.services - not in privapp-permissions whitelist
06-27 11:23:51.778  1116  1167 W PackageManager: Privileged permission android.permission.DUMP for package com.verizon.mips.services - not in privapp-permissions whitelist
06-27 11:23:51.778  1116  1167 W PackageManager: Privileged permission android.permission.WRITE_SECURE_SETTINGS for package com.verizon.mips.services - not in privapp-permissions whitelist
06-27 11:23:51.780  1116  1167 W PackageManager: Privileged permission android.permission.BACKUP for package com.android.vending - not in privapp-permissions whitelist
06-27 11:23:51.783  1116  1167 W PackageManager: Privileged permission android.permission.CAPTURE_AUDIO_OUTPUT for package com.google.android.dialer - not in privapp-permissions whitelist
06-27 11:23:51.786  1116  1167 W PackageManager: Privileged permission android.permission.PACKET_KEEPALIVE_OFFLOAD for package com.google.android.ims - not in privapp-permissions whitelist
06-27 11:23:51.786  1116  1167 W PackageManager: Privileged permission android.permission.CONNECTIVITY_USE_RESTRICTED_NETWORKS for package com.google.android.ims - not in privapp-permissions whitelist
06-27 11:23:51.789  1116  1167 W PackageManager: Privileged permission android.permission.PACKAGE_USAGE_STATS for package com.google.android.apps.turbo - not in privapp-permissions whitelist
06-27 11:23:51.792  1116  1167 W PackageManager: Privileged permission android.permission.PACKET_KEEPALIVE_OFFLOAD for package com.google.android.apps.gcs - not in privapp-permissions whitelist
06-27 11:23:52.258  1116  1167 I ActivityManager: Force stopping com.reddit.frontpage appid=10135 user=0: pkg removed
06-27 11:23:52.269  1116  1167 I ActivityManager: Force stopping com.reddit.frontpage appid=10135 user=0: pkg removed
06-27 11:23:52.293  1116  1138 W BroadcastQueue: Background execution not allowed: receiving Intent { act=android.intent.action.PACKAGE_REMOVED dat=package:com.reddit.frontpage flg=0x4000010 (has extras) } to com.android.musicfx/.Compatibility$Receiver
06-27 11:23:52.297  1116  1127 W ActivityManager: Permission Denial: Accessing service ComponentInfo{com.google.android.music/com.google.android.music.dial.DialMediaRouteProviderService} from pid=3571, uid=10170 that is not exported from uid 10103
06-27 11:23:52.304  1116  1127 W ActivityManager: Permission Denial: Accessing service ComponentInfo{com.google.android.music/com.google.android.music.dial.DialMediaRouteProviderService} from pid=3571, uid=10170 that is not exported from uid 10103
06-27 11:23:52.312  1116  1586 W ActivityManager: Permission Denial: Accessing service ComponentInfo{com.google.android.music/com.google.android.music.dial.DialMediaRouteProviderService} from pid=3571, uid=10170 that is not exported from uid 10103
06-27 11:23:52.359  1116  1680 W BroadcastQueue: Background execution not allowed: receiving Intent { act=android.intent.action.PACKAGE_REMOVED dat=package:com.reddit.frontpage flg=0x4000010 (has extras) } to com.google.android.googlequicksearchbox/com.google.android.apps.gsa.googlequicksearchbox.GelStubAppWatcher
06-27 11:23:52.372  1116  1116 I Telecom : DefaultDialerCache: Refreshing default dialer for user 0: now com.google.android.dialer: DDC.oR@AP4
06-27 11:23:52.392  1116  2492 W BroadcastQueue: Background execution not allowed: receiving Intent { act=android.intent.action.PACKAGE_ADDED dat=package:com.reddit.frontpage flg=0x4000010 (has extras) } to com.android.musicfx/.Compatibility$Receiver
06-27 11:23:52.430  1116  1680 W BroadcastQueue: Background execution not allowed: receiving Intent { act=android.intent.action.PACKAGE_ADDED dat=package:com.reddit.frontpage flg=0x4000010 (has extras) } to com.google.android.googlequicksearchbox/com.google.android.apps.gsa.googlequicksearchbox.GelStubAppWatcher
06-27 11:23:52.430  1116  1138 W BroadcastQueue: Background execution not allowed: receiving Intent { act=android.intent.action.PACKAGE_ADDED dat=package:com.reddit.frontpage flg=0x4000010 (has extras) } to com.google.android.ims/.receivers.RcsAutoStartReceiver
06-27 11:23:52.452  1116  2492 W BroadcastQueue: Background execution not allowed: receiving Intent { act=android.intent.action.PACKAGE_REPLACED dat=package:com.reddit.frontpage flg=0x4000010 (has extras) } to com.android.musicfx/.Compatibility$Receiver
06-27 11:23:52.452  1116  1138 W BroadcastQueue: Background execution not allowed: receiving Intent { act=android.intent.action.PACKAGE_REPLACED dat=package:com.reddit.frontpage flg=0x4000010 (has extras) } to com.google.android.apps.photos/.account.full.FetchAccountPropertiesAppUpgradeBroadcastReceiver
06-27 11:23:52.452  1116  1138 W BroadcastQueue: Background execution not allowed: receiving Intent { act=android.intent.action.PACKAGE_REPLACED dat=package:com.reddit.frontpage flg=0x4000010 (has extras) } to com.google.android.apps.photos/.account.full.SyncAccountsForLoginBroadcastReceiver
06-27 11:23:52.452  1116  1138 W BroadcastQueue: Background execution not allowed: receiving Intent { act=android.intent.action.PACKAGE_REPLACED dat=package:com.reddit.frontpage flg=0x4000010 (has extras) } to com.google.android.apps.photos/.experiments.phenotype.full.PhenotypeAppUpgradeBroadcastReceiver
06-27 11:23:52.452  1116  1138 W BroadcastQueue: Background execution not allowed: receiving Intent { act=android.intent.action.PACKAGE_REPLACED dat=package:com.reddit.frontpage flg=0x4000010 (has extras) } to com.google.android.apps.photos/.notificationchannels.AppUpdateBroadcastReceiver
06-27 11:23:52.465  1116  2492 W BroadcastQueue: Background execution not allowed: receiving Intent { act=android.intent.action.PACKAGE_REPLACED dat=package:com.reddit.frontpage flg=0x4000010 (has extras) } to com.google.android.googlequicksearchbox/com.google.android.apps.gsa.googlequicksearchbox.GelStubAppWatcher
06-27 11:23:52.465  1116  1138 W BroadcastQueue: Background execution not allowed: receiving Intent { act=android.intent.action.PACKAGE_REPLACED dat=package:com.reddit.frontpage flg=0x4000010 (has extras) } to com.google.android.ims/.receivers.RcsAutoStartReceiver
06-27 11:23:52.483  1116  1586 I ActivityManager: Start proc 10827:com.reddit.frontpage/u0a135 for service com.reddit.frontpage/com.firebase.jobdispatcher.GooglePlayReceiver
06-27 11:23:53.585  1116  1287 D NetworkStats: Resolving plan for NetworkTemplate: matchRule=MOBILE_ALL, subscriberId=310120..., matchSubscriberIds=[310120..., 310260...]
06-27 11:23:53.587  1116  1287 D NetworkStats: Found active matching subId 1
06-27 11:23:53.592  1116  1287 D NetworkStats: Resolved to plan null
06-27 11:23:54.660  1116  1287 D NetworkStats: Resolving plan for NetworkTemplate: matchRule=MOBILE_ALL, subscriberId=310120..., matchSubscriberIds=[310120..., 310260...]
06-27 11:23:54.664  1116  1287 D NetworkStats: Found active matching subId 1
06-27 11:23:54.672  1116  1287 D NetworkStats: Resolved to plan null
06-27 11:23:55.331  1116  1287 D NetworkStats: Resolving plan for NetworkTemplate: matchRule=MOBILE_ALL, subscriberId=310120..., matchSubscriberIds=[310120..., 310260...]
06-27 11:23:55.333  1116  1287 D NetworkStats: Found active matching subId 1
06-27 11:23:55.338  1116  1287 D NetworkStats: Resolved to plan null
06-27 11:23:56.023  1116  1287 D NetworkStats: Resolving plan for NetworkTemplate: matchRule=MOBILE_ALL, subscriberId=310120..., matchSubscriberIds=[310120..., 310260...]
06-27 11:23:56.024  1116  1287 D NetworkStats: Found active matching subId 1
06-27 11:23:56.030  1116  1287 D NetworkStats: Resolved to plan null
06-27 11:23:56.734  1116  1287 D NetworkStats: Resolving plan for NetworkTemplate: matchRule=MOBILE_ALL, subscriberId=310120..., matchSubscriberIds=[310120..., 310260...]
06-27 11:23:56.737  1116  1287 D NetworkStats: Found active matching subId 1
06-27 11:23:56.742  1116  1287 D NetworkStats: Resolved to plan null
06-27 11:23:57.528  1116  1287 D NetworkStats: Resolving plan for NetworkTemplate: matchRule=MOBILE_ALL, subscriberId=310120..., matchSubscriberIds=[310120..., 310260...]
06-27 11:23:57.529  1116  1287 D NetworkStats: Found active matching subId 1
06-27 11:23:57.533  1116  1287 D NetworkStats: Resolved to plan null
06-27 11:23:57.586  1116  1138 I ActivityManager: Waited long enough for: ServiceRecord{936cf59 u0 com.google.android.gms/.statementservice.OperationService}
06-27 11:23:59.062  1116  1287 D NetworkStats: Resolving plan for NetworkTemplate: matchRule=MOBILE_ALL, subscriberId=310120..., matchSubscriberIds=[310120..., 310260...]
06-27 11:23:59.065  1116  1287 D NetworkStats: Found active matching subId 1
06-27 11:23:59.071  1116  1287 D NetworkStats: Resolved to plan null
06-27 11:23:59.866  1116  1287 D NetworkStats: Resolving plan for NetworkTemplate: matchRule=MOBILE_ALL, subscriberId=310120..., matchSubscriberIds=[310120..., 310260...]
06-27 11:23:59.867  1116  1287 D NetworkStats: Found active matching subId 1
06-27 11:23:59.872  1116  1287 D NetworkStats: Resolved to plan null
06-27 11:24:04.828  1116  1638 I ActivityManager: Killing 2118:com.google.android.euicc/u0a57 (adj 904): empty #17
06-27 11:24:06.321  1116  1127 I ActivityManager: Process hackernewslater.williamha.com.hackernewslater (pid 10717) has died: cch+2CEM 
06-27 11:24:06.331  1116  1162 W ActivityManager: setHasOverlayUi called on unknown pid: 10717
06-27 11:24:06.331  1116  1679 W ActivityManager: Ignoring remove of inactive process: ProcessRecord{8b2e667 0:hackernewslater.williamha.com.hackernewslater/u0a172}
06-27 11:24:06.351  1116  1679 I ActivityManager: Force stopping hackernewslater.williamha.com.hackernewslater appid=10172 user=0: from pid 10949
06-27 11:24:06.356  1116  1127 W ActivityManager: Permission Denial: Accessing service ComponentInfo{com.google.android.music/com.google.android.music.dial.DialMediaRouteProviderService} from pid=3571, uid=10170 that is not exported from uid 10103
06-27 11:24:06.518  1116  1231 W AppOps  : Finishing op nesting under-run: uid 1000 pkg android code 24 time=0 duration=0 nesting=0
06-27 11:24:14.536  1116  1679 I ActivityManager: Force stopping hackernewslater.williamha.com.hackernewslater appid=10172 user=0: from pid 11003
06-27 11:24:14.544  1116  1126 W ActivityManager: Permission Denial: Accessing service ComponentInfo{com.google.android.music/com.google.android.music.dial.DialMediaRouteProviderService} from pid=3571, uid=10170 that is not exported from uid 10103
06-27 11:24:14.641  1116  1679 I ActivityManager: Force stopping hackernewslater.williamha.com.hackernewslater appid=10172 user=-1: set debug app
06-27 11:24:14.642  1116  1679 I ActivityManager: START u0 {act=android.intent.action.MAIN cat=[android.intent.category.LAUNCHER] flg=0x10000000 cmp=hackernewslater.williamha.com.hackernewslater/.ui.MainActivity} from uid 2000
06-27 11:24:14.664  1116  1586 I ActivityManager: Start proc 11014:hackernewslater.williamha.com.hackernewslater/u0a172 for activity hackernewslater.williamha.com.hackernewslater/.ui.MainActivity
06-27 11:24:14.703 11014 11014 W ActivityThread: Application hackernewslater.williamha.com.hackernewslater is waiting for the debugger on port 8100...
06-27 11:24:14.812  1116  1679 W WindowManager: Permission Denial: dismissKeyguard from pid=10997, uid=2000 requires android.permission.CONTROL_KEYGUARD
06-27 11:24:18.119  1116  1231 W AppOps  : Finishing op nesting under-run: uid 1000 pkg android code 24 time=0 duration=0 nesting=0
06-27 11:24:19.699  1116  1586 W ActivityManager:   Force finishing activity hackernewslater.williamha.com.hackernewslater/.ui.MainActivity
06-27 11:24:19.709  1116  1139 I ActivityManager: Showing crash dialog for package hackernewslater.williamha.com.hackernewslater u0
06-27 11:24:19.904  1116  1127 I SoundTriggerHelper: startRecognition successful.
06-27 11:24:20.054  1116  1138 I ActivityManager: Killing 9133:com.google.android.apps.photos/u0a98 (adj 904): empty #17
06-27 11:24:20.087  1116  1127 D ConnectivityService: ConnectivityService NetworkRequestInfo binderDied(NetworkRequest [ LISTEN id=50, [ Capabilities: INTERNET&NOT_RESTRICTED&TRUSTED] ], android.os.BinderProxy@91e7fef)
06-27 11:24:28.486  1116  1427 I ActivityManager: Process hackernewslater.williamha.com.hackernewslater (pid 11014) has died: cch  CEM 
06-27 11:24:28.500  1116  1162 W ActivityManager: setHasOverlayUi called on unknown pid: 11014
06-27 11:24:28.500  1116  1586 W ActivityManager: Ignoring remove of inactive process: ProcessRecord{dd07de7 0:hackernewslater.williamha.com.hackernewslater/u0a172}
06-27 11:24:28.550  1116  1427 I ActivityManager: Force stopping hackernewslater.williamha.com.hackernewslater appid=10172 user=0: from pid 11057
06-27 11:24:28.556  1116  1586 W ActivityManager: Permission Denial: Accessing service ComponentInfo{com.google.android.music/com.google.android.music.dial.DialMediaRouteProviderService} from pid=3571, uid=10170 that is not exported from uid 10103
06-27 11:24:28.680  1116  1231 W AppOps  : Finishing op nesting under-run: uid 1000 pkg android code 24 time=0 duration=0 nesting=0
06-27 11:24:31.013  1116  1586 I ActivityManager: Force stopping hackernewslater.williamha.com.hackernewslater appid=10172 user=0: from pid 11110
06-27 11:24:31.020  1116  2504 W ActivityManager: Permission Denial: Accessing service ComponentInfo{com.google.android.music/com.google.android.music.dial.DialMediaRouteProviderService} from pid=3571, uid=10170 that is not exported from uid 10103
06-27 11:24:31.146  1116  1586 I ActivityManager: Force stopping hackernewslater.williamha.com.hackernewslater appid=10172 user=-1: set debug app
06-27 11:24:31.146  1116  1586 I ActivityManager: START u0 {act=android.intent.action.MAIN cat=[android.intent.category.LAUNCHER] flg=0x10000000 cmp=hackernewslater.williamha.com.hackernewslater/.ui.MainActivity} from uid 2000
06-27 11:24:31.164  1116  1659 I ActivityManager: Start proc 11121:hackernewslater.williamha.com.hackernewslater/u0a172 for activity hackernewslater.williamha.com.hackernewslater/.ui.MainActivity
06-27 11:24:31.212 11121 11121 W ActivityThread: Application hackernewslater.williamha.com.hackernewslater is waiting for the debugger on port 8100...
06-27 11:24:31.277  1116  1586 W WindowManager: Permission Denial: dismissKeyguard from pid=11104, uid=2000 requires android.permission.CONTROL_KEYGUARD
06-27 11:24:34.441  1116  1231 W AppOps  : Finishing op nesting under-run: uid 1000 pkg android code 24 time=0 duration=0 nesting=0
06-27 11:24:36.023  1116  1586 W ActivityManager:   Force finishing activity hackernewslater.williamha.com.hackernewslater/.ui.MainActivity
06-27 11:24:36.026  1116  1139 I ActivityManager: Showing crash dialog for package hackernewslater.williamha.com.hackernewslater u0
06-27 11:24:36.212  1116  1684 I SoundTriggerHelper: startRecognition successful.
06-27 11:24:40.098  1116  2621 I ActivityManager: Process hackernewslater.williamha.com.hackernewslater (pid 11121) has died: cch  CEM 
06-27 11:24:40.117  1116  1162 W ActivityManager: setHasOverlayUi called on unknown pid: 11121
06-27 11:24:40.118  1116  1586 W ActivityManager: Ignoring remove of inactive process: ProcessRecord{f4d4d13 0:hackernewslater.williamha.com.hackernewslater/u0a172}
06-27 11:24:40.154  1116  2621 I ActivityManager: Force stopping hackernewslater.williamha.com.hackernewslater appid=10172 user=0: from pid 11164
06-27 11:24:40.162  1116  2621 W ActivityManager: Permission Denial: Accessing service ComponentInfo{com.google.android.music/com.google.android.music.dial.DialMediaRouteProviderService} from pid=3571, uid=10170 that is not exported from uid 10103
06-27 11:24:40.301  1116  1231 W AppOps  : Finishing op nesting under-run: uid 1000 pkg android code 24 time=0 duration=0 nesting=0
06-27 11:24:45.095  1116  2492 I ActivityManager: Force stopping hackernewslater.williamha.com.hackernewslater appid=10172 user=0: from pid 11219
06-27 11:24:45.102  1116  1586 W ActivityManager: Permission Denial: Accessing service ComponentInfo{com.google.android.music/com.google.android.music.dial.DialMediaRouteProviderService} from pid=3571, uid=10170 that is not exported from uid 10103
06-27 11:24:45.236  1116  2621 I ActivityManager: Force stopping hackernewslater.williamha.com.hackernewslater appid=10172 user=-1: set debug app
06-27 11:24:45.236  1116  2621 I ActivityManager: START u0 {act=android.intent.action.MAIN cat=[android.intent.category.LAUNCHER] flg=0x10000000 cmp=hackernewslater.williamha.com.hackernewslater/.ui.MainActivity} from uid 2000
06-27 11:24:45.252  1116  2492 I ActivityManager: Start proc 11230:hackernewslater.williamha.com.hackernewslater/u0a172 for activity hackernewslater.williamha.com.hackernewslater/.ui.MainActivity
06-27 11:24:45.293 11230 11230 W ActivityThread: Application hackernewslater.williamha.com.hackernewslater is waiting for the debugger on port 8100...
06-27 11:24:45.385  1116  2621 W WindowManager: Permission Denial: dismissKeyguard from pid=11213, uid=2000 requires android.permission.CONTROL_KEYGUARD
06-27 11:24:48.510  1116  1231 W AppOps  : Finishing op nesting under-run: uid 1000 pkg android code 24 time=0 duration=0 nesting=0
06-27 11:24:50.117  1116  3005 W ActivityManager:   Force finishing activity hackernewslater.williamha.com.hackernewslater/.ui.MainActivity
06-27 11:24:50.128  1116  1139 I ActivityManager: Showing crash dialog for package hackernewslater.williamha.com.hackernewslater u0
06-27 11:24:50.304  1116  1638 I SoundTriggerHelper: startRecognition successful.
06-27 11:24:54.396  1116  1167 W PackageParser: No actions in intent filter at /data/app/vmdl1257945643.tmp/base.apk Binary XML file line #3090
06-27 11:24:54.398  1116  1167 W PackageManager: Package com.google.android.googlequicksearchbox attempting to redeclare system permission com.android.launcher.permission.INSTALL_SHORTCUT; ignoring new declaration
06-27 11:24:57.433  1116  2621 I ActivityManager: Start proc 11291:com.google.android.apps.tycho/u0a120 for content provider com.google.android.apps.tycho/.util.ProcessUtil$DefaultProcessPreferenceFileProvider
06-27 11:24:57.567  1116  2621 I ActivityManager: Start proc 11318:com.google.android.euicc/u0a57 for service com.google.android.euicc/com.android.euicc.service.EuiccServiceImpl
06-27 11:25:02.194  1116  1138 I ActivityManager: Force stopping com.google.android.googlequicksearchbox appid=10045 user=-1: installPackageLI
06-27 11:25:02.194  1116  1138 I ActivityManager: Killing 2769:com.google.android.googlequicksearchbox:search/u0a45 (adj 0): stop com.google.android.googlequicksearchbox
06-27 11:25:02.201  1116  1138 W ActivityManager: Scheduling restart of crashed service com.google.android.googlequicksearchbox/com.google.android.apps.gsa.nowoverlayservice.DrawerOverlayService in 1000ms
06-27 11:25:02.210  1116  1138 I ActivityManager: Killing 2655:com.google.android.googlequicksearchbox:interactor/u0a45 (adj 100): stop com.google.android.googlequicksearchbox
06-27 11:25:02.211  1116  1138 W ActivityManager: Scheduling restart of crashed service com.google.android.googlequicksearchbox/com.google.android.voiceinteraction.GsaVoiceInteractionService in 10991ms
06-27 11:25:02.214  1116  1167 W PackageManager: Trying to update system app code path from /data/app/com.google.android.googlequicksearchbox-uSqAMuj7tQlFnezOt69N5Q== to /data/app/com.google.android.googlequicksearchbox-_g12kDsufw-KtAA71aiHtw==
06-27 11:25:02.214  1116  1167 W PackageManager: Code path for com.google.android.googlequicksearchbox changing from /data/app/com.google.android.googlequicksearchbox-uSqAMuj7tQlFnezOt69N5Q== to /data/app/com.google.android.googlequicksearchbox-_g12kDsufw-KtAA71aiHtw==
06-27 11:25:02.214  1116  1167 W PackageManager: Resource path for com.google.android.googlequicksearchbox changing from /data/app/com.google.android.googlequicksearchbox-uSqAMuj7tQlFnezOt69N5Q== to /data/app/com.google.android.googlequicksearchbox-_g12kDsufw-KtAA71aiHtw==
06-27 11:25:02.218  1116  2504 D ConnectivityService: ConnectivityService NetworkRequestInfo binderDied(NetworkRequest [ LISTEN id=13, [ Capabilities: INTERNET&NOT_RESTRICTED&TRUSTED] ], android.os.BinderProxy@dda595f)
06-27 11:25:02.227  1116  1426 I WindowManager: WIN DEATH: Window{30e691a u0 com.google.android.apps.nexuslauncher/com.google.android.apps.nexuslauncher.NexusLauncherActivity}
06-27 11:25:02.228  1116  1138 I ActivityManager:   Force stopping service ServiceRecord{1b3701 u0 com.google.android.googlequicksearchbox/com.google.android.voiceinteraction.GsaVoiceInteractionService}
06-27 11:25:02.228  1116  1138 I ActivityManager:   Force stopping service ServiceRecord{cfe22f4 u0 com.google.android.googlequicksearchbox/com.google.android.apps.gsa.nowoverlayservice.DrawerOverlayService}
06-27 11:25:02.245  1116  1162 W ActivityManager: setHasOverlayUi called on unknown pid: 2769
06-27 11:25:02.301  1116  1167 W PackageManager: Privileged permission android.permission.INSTALL_PACKAGES for package com.verizon.mips.services - not in privapp-permissions whitelist
06-27 11:25:02.301  1116  1167 W PackageManager: Privileged permission android.permission.READ_FRAME_BUFFER for package com.verizon.mips.services - not in privapp-permissions whitelist
06-27 11:25:02.301  1116  1167 W PackageManager: Privileged permission android.permission.UPDATE_APP_OPS_STATS for package com.verizon.mips.services - not in privapp-permissions whitelist
06-27 11:25:02.301  1116  1167 W PackageManager: Privileged permission android.permission.DUMP for package com.verizon.mips.services - not in privapp-permissions whitelist
06-27 11:25:02.301  1116  1167 W PackageManager: Privileged permission android.permission.WRITE_SECURE_SETTINGS for package com.verizon.mips.services - not in privapp-permissions whitelist
06-27 11:25:02.302  1116  1167 W PackageManager: Privileged permission android.permission.BACKUP for package com.android.vending - not in privapp-permissions whitelist
06-27 11:25:02.303  1116  1167 W PackageManager: Privileged permission android.permission.CAPTURE_AUDIO_OUTPUT for package com.google.android.dialer - not in privapp-permissions whitelist
06-27 11:25:02.304  1116  1167 W PackageManager: Privileged permission android.permission.PACKET_KEEPALIVE_OFFLOAD for package com.google.android.ims - not in privapp-permissions whitelist
06-27 11:25:02.304  1116  1167 W PackageManager: Privileged permission android.permission.CONNECTIVITY_USE_RESTRICTED_NETWORKS for package com.google.android.ims - not in privapp-permissions whitelist
06-27 11:25:02.305  1116  1167 W PackageManager: Privileged permission android.permission.PACKAGE_USAGE_STATS for package com.google.android.apps.turbo - not in privapp-permissions whitelist
06-27 11:25:02.306  1116  1167 W PackageManager: Privileged permission android.permission.PACKET_KEEPALIVE_OFFLOAD for package com.google.android.apps.gcs - not in privapp-permissions whitelist
06-27 11:25:02.307  1116  1167 W PackageManager: Privileged permission android.permission.SET_MEDIA_KEY_LISTENER for package com.google.android.googlequicksearchbox - not in privapp-permissions whitelist
06-27 11:25:02.307  1116  1167 W PackageManager: Privileged permission android.permission.SET_VOLUME_KEY_LONG_PRESS_LISTENER for package com.google.android.googlequicksearchbox - not in privapp-permissions whitelist
06-27 11:25:02.500  1116  1167 I ActivityManager: Force stopping com.google.android.googlequicksearchbox appid=10045 user=0: pkg removed
06-27 11:25:02.504  1116  1138 W BroadcastQueue: Background execution not allowed: receiving Intent { act=android.intent.action.PACKAGE_REMOVED dat=package:com.google.android.googlequicksearchbox flg=0x4000010 (has extras) } to com.android.musicfx/.Compatibility$Receiver
06-27 11:25:02.505  1116  1167 I ActivityManager: Force stopping com.google.android.googlequicksearchbox appid=10045 user=0: pkg removed
06-27 11:25:02.560  1116  1138 I ActivityManager: Start proc 11384:com.google.android.googlequicksearchbox:search/u0a45 for broadcast com.google.android.googlequicksearchbox/com.google.android.apps.gsa.broadcastreceiver.external.PixelLauncherBroadcastReceiver
06-27 11:25:02.560  1116  1586 W ActivityManager: Permission Denial: Accessing service ComponentInfo{com.google.android.music/com.google.android.music.dial.DialMediaRouteProviderService} from pid=3571, uid=10170 that is not exported from uid 10103
06-27 11:25:02.585  1116  1670 W ActivityManager: Permission Denial: Accessing service ComponentInfo{com.google.android.music/com.google.android.music.dial.DialMediaRouteProviderService} from pid=3571, uid=10170 that is not exported from uid 10103
06-27 11:25:02.590  1116  1680 W ActivityManager: Permission Denial: Accessing service ComponentInfo{com.google.android.music/com.google.android.music.dial.DialMediaRouteProviderService} from pid=3571, uid=10170 that is not exported from uid 10103
06-27 11:25:02.660  1116  1116 I Telecom : DefaultDialerCache: Refreshing default dialer for user 0: now com.google.android.dialer: DDC.oR@ARI
06-27 11:25:02.686  1116  1426 W BroadcastQueue: Background execution not allowed: receiving Intent { act=android.intent.action.PACKAGE_ADDED dat=package:com.google.android.googlequicksearchbox flg=0x4000010 (has extras) } to com.android.musicfx/.Compatibility$Receiver
06-27 11:25:02.726  1116  1426 W BroadcastQueue: Background execution not allowed: receiving Intent { act=android.intent.action.PACKAGE_ADDED dat=package:com.google.android.googlequicksearchbox flg=0x4000010 (has extras) } to com.google.android.ims/.receivers.RcsAutoStartReceiver
06-27 11:25:02.751  1116  1680 W BroadcastQueue: Background execution not allowed: receiving Intent { act=android.intent.action.PACKAGE_REPLACED dat=package:com.google.android.googlequicksearchbox flg=0x4000010 (has extras) } to com.android.musicfx/.Compatibility$Receiver
06-27 11:25:02.751  1116  1138 W BroadcastQueue: Background execution not allowed: receiving Intent { act=android.intent.action.PACKAGE_REPLACED dat=package:com.google.android.googlequicksearchbox flg=0x4000010 (has extras) } to com.google.android.apps.photos/.account.full.FetchAccountPropertiesAppUpgradeBroadcastReceiver
06-27 11:25:02.751  1116  1138 W BroadcastQueue: Background execution not allowed: receiving Intent { act=android.intent.action.PACKAGE_REPLACED dat=package:com.google.android.googlequicksearchbox flg=0x4000010 (has extras) } to com.google.android.apps.photos/.account.full.SyncAccountsForLoginBroadcastReceiver
06-27 11:25:02.751  1116  1138 W BroadcastQueue: Background execution not allowed: receiving Intent { act=android.intent.action.PACKAGE_REPLACED dat=package:com.google.android.googlequicksearchbox flg=0x4000010 (has extras) } to com.google.android.apps.photos/.experiments.phenotype.full.PhenotypeAppUpgradeBroadcastReceiver
